Loading dataset...
Female1_A02_Sway.bvh (1/183)
  loaded precomputed global rotation features
Female1_A02_SwayT2.bvh (2/183)
  loaded precomputed global rotation features
Female1_A03_Swing.bvh (3/183)
  loaded precomputed global rotation features
Female1_A04_Look.bvh (4/183)
  loaded precomputed global rotation features
Female1_A05_PickUpBox.bvh (5/183)
  loaded precomputed global rotation features
Female1_A06_LiftBox.bvh (6/183)
  loaded precomputed global rotation features
Female1_A06_LiftBoxT2.bvh (7/183)
  loaded precomputed global rotation features
Female1_A07_Crouch.bvh (8/183)
  loaded precomputed global rotation features
Female1_A11_CrawlForward.bvh (9/183)
  loaded precomputed global rotation features
Female1_A12_CrawlBackwards.bvh (10/183)
  loaded precomputed global rotation features
Female1_A15_SkipToStand.bvh (11/183)
  loaded precomputed global rotation features
Female1_B01_StandToWalk.bvh (12/183)
  loaded precomputed global rotation features
Female1_B02_WalkToStand.bvh (13/183)
  loaded precomputed global rotation features
  1 bad transition(s) detected, affected windows will be skipped
  Skipped 8 window(s) containing jumps
Female1_B02_WalkToStandT2.bvh (14/183)
  loaded precomputed global rotation features
Female1_B03_Walk1.bvh (15/183)
  loaded precomputed global rotation features
Female1_B05_WalkBackwards.bvh (16/183)
  Skipping Female1_B05_WalkBackwards.bvh (too short, 47 < 65)
Female1_B06_WalkBackwardsToStand.bvh (17/183)
  loaded precomputed global rotation features
Female1_B08_WalkBackwardsStopForwards.bvh (18/183)
  loaded precomputed global rotation features
Female1_B09_WalkTurnLeft90.bvh (19/183)
  loaded precomputed global rotation features
Female1_B10_WalkTurnLeft45.bvh (20/183)
  loaded precomputed global rotation features
Female1_B11_WalkTurnLeft135.bvh (21/183)
  loaded precomputed global rotation features
Female1_B12_WalkTurnRight90.bvh (22/183)
  loaded precomputed global rotation features
Female1_B13_WalkTurnRight45.bvh (23/183)
  loaded precomputed global rotation features
Female1_B14_WalkTurnRight135.bvh (24/183)
  loaded precomputed global rotation features
Female1_B15_WalkTurnAround180.bvh (25/183)
  loaded precomputed global rotation features
  1 bad transition(s) detected, affected windows will be skipped
  Skipped 1 window(s) containing jumps
Female1_B16_WalkTurnChangeDirection.bvh (26/183)
  loaded precomputed global rotation features
Female1_B20_WalkWithBox.bvh (27/183)
  loaded precomputed global rotation features
Female1_B21_S2_PutDownBoxToWalk.bvh (28/183)
  loaded precomputed global rotation features
Female1_B21_S3_PutDownBoxToWalk.bvh (29/183)
  loaded precomputed global rotation features
Female1_B24_WalkToCrouch.bvh (30/183)
  loaded precomputed global rotation features
Female1_B25_CrouchToWalk.bvh (31/183)
  loaded precomputed global rotation features
Female1_B26_WalkToSkip.bvh (32/183)
  loaded precomputed global rotation features
Female1_B27_SkipToWalk1.bvh (33/183)
  loaded precomputed global rotation features
Female1_C02_RunToStand.bvh (34/183)
  loaded precomputed global rotation features
Female1_C03_Run.bvh (35/183)
  Skipping Female1_C03_Run.bvh (too short, 35 < 65)
Female1_C04_RunToWalk1.bvh (36/183)
  loaded precomputed global rotation features
Female1_C05_WalkToRun.bvh (37/183)
  loaded precomputed global rotation features
Female1_C06_StandToRunBackwards.bvh (38/183)
  loaded precomputed global rotation features
Female1_C07_RunBackwards.bvh (39/183)
  loaded precomputed global rotation features
Female1_C08_RunBackwardsToStand.bvh (40/183)
  loaded precomputed global rotation features
Female1_C09_RunBackwardsTurnRunForward.bvh (41/183)
  Skipping Female1_C09_RunBackwardsTurnRunForward.bvh (too short, 59 < 65)
Female1_C10_RunBackwardsStopRunForward.bvh (42/183)
  loaded precomputed global rotation features
Female1_C11_RunTurnLeft90.bvh (43/183)
  Skipping Female1_C11_RunTurnLeft90.bvh (too short, 63 < 65)
Female1_C12_RunTurnLeft45.bvh (44/183)
  loaded precomputed global rotation features
Female1_C13_RunTurnLeft135.bvh (45/183)
  loaded precomputed global rotation features
Female1_C14_RunTurnRight90.bvh (46/183)
  loaded precomputed global rotation features
Female1_C15_RunTurnRight45.bvh (47/183)
  Skipping Female1_C15_RunTurnRight45.bvh (too short, 63 < 65)
Female1_C16_RunTurnRight135.bvh (48/183)
  loaded precomputed global rotation features
Female1_C17_RunTurnAround.bvh (49/183)
  loaded precomputed global rotation features
  1 bad transition(s) detected, affected windows will be skipped
  Skipped 5 window(s) containing jumps
Female1_C18_RunChangeDirection.bvh (50/183)
  loaded precomputed global rotation features
Female1_C21_S2_RunToPickUpBox.bvh (51/183)
  Skipping Female1_C21_S2_RunToPickUpBox.bvh (too short, 63 < 65)
Female1_C22_RunWithBox.bvh (52/183)
  Skipping Female1_C22_RunWithBox.bvh (too short, 51 < 65)
Female1_C23_PutDownBoxToRun.bvh (53/183)
  loaded precomputed global rotation features
Female1_C24_SideStepLeft.bvh (54/183)
  loaded precomputed global rotation features
Female1_C25_SideStepRight.bvh (55/183)
  loaded precomputed global rotation features
Female1_C26_RunToCrouch.bvh (56/183)
  loaded precomputed global rotation features
Female1_C27_CrouchToRun1.bvh (57/183)
  loaded precomputed global rotation features
Female1_D1_Urban.bvh (58/183)
  loaded precomputed global rotation features
Female1_D3_ConversationGestures.bvh (59/183)
  loaded precomputed global rotation features
Female1_D5_RandomStuff2.bvh (60/183)
  loaded precomputed global rotation features
Male2_A13_Skip.bvh (61/183)
  loaded precomputed global rotation features
Male2_A14_StandToSkip.bvh (62/183)
  loaded precomputed global rotation features
Male2_A15_SkipToStand.bvh (63/183)
  loaded precomputed global rotation features
Male2_A1_Stand.bvh (64/183)
  loaded precomputed global rotation features
Male2_A2_Sway.bvh (65/183)
  loaded precomputed global rotation features
Male2_A3_SwingArms.bvh (66/183)
  loaded precomputed global rotation features
Male2_A4_LookAround.bvh (67/183)
  loaded precomputed global rotation features
Male2_A5_PickUpBox.bvh (68/183)
  loaded precomputed global rotation features
Male2_A6_BoxLift.bvh (69/183)
  loaded precomputed global rotation features
Male2_B10_WalkTurnLeft45.bvh (70/183)
  loaded precomputed global rotation features
Male2_B11_WalkTurnLeft135.bvh (71/183)
  loaded precomputed global rotation features
Male2_B12_WalkTurnRight90.bvh (72/183)
  loaded precomputed global rotation features
Male2_B15_WalkTurnAround.bvh (73/183)
  loaded precomputed global rotation features
Male2_B17_WalkToHopToWalk.bvh (74/183)
  loaded precomputed global rotation features
Male2_B18_WalkToLeapToWalk.bvh (75/183)
  loaded precomputed global rotation features
Male2_B19_WalkToPickUpBox.bvh (76/183)
  loaded precomputed global rotation features
Male2_B1_StandToWalk.bvh (77/183)
  loaded precomputed global rotation features
Male2_B20_WalkWithBox.bvh (78/183)
  loaded precomputed global rotation features
Male2_B21_PutDownBoxToWalk.bvh (79/183)
  loaded precomputed global rotation features
Male2_B22_SideStepLeft.bvh (80/183)
  loaded precomputed global rotation features
Male2_B23_SideStepRight.bvh (81/183)
  loaded precomputed global rotation features
Male2_B25_CrouchToWalk.bvh (82/183)
  loaded precomputed global rotation features
Male2_B26_WalkToSkip.bvh (83/183)
  loaded precomputed global rotation features
Male2_B27_SkipToWalk.bvh (84/183)
  loaded precomputed global rotation features
Male2_B2_WalkToStand.bvh (85/183)
  loaded precomputed global rotation features
Male2_B4_StandToWalkBackwards.bvh (86/183)
  loaded precomputed global rotation features
Male2_B5_WalkBackwards.bvh (87/183)
  loaded precomputed global rotation features
Male2_B6_WalkBackwardsToStand.bvh (88/183)
  loaded precomputed global rotation features
Male2_B7_WalkBackwardsTurnForward.bvh (89/183)
  loaded precomputed global rotation features
Male2_B8_WalkBackwardsStopForward.bvh (90/183)
  loaded precomputed global rotation features
Male2_B9_WalkTurnLeft90.bvh (91/183)
  loaded precomputed global rotation features
Male2_C11_RunTurnLeft90.bvh (92/183)
  Skipping Male2_C11_RunTurnLeft90.bvh (too short, 63 < 65)
Male2_C12_RunTurnLeft45.bvh (93/183)
  Skipping Male2_C12_RunTurnLeft45.bvh (too short, 52 < 65)
Male2_C13_RunTurnLeft135.bvh (94/183)
  loaded precomputed global rotation features
Male2_C15_RunTurnRight45.bvh (95/183)
  loaded precomputed global rotation features
Male2_C16_RunTurnAround.bvh (96/183)
  loaded precomputed global rotation features
Male2_C16_RunTurnRight135.bvh (97/183)
  loaded precomputed global rotation features
Male2_C17_RunChangeDirection.bvh (98/183)
  loaded precomputed global rotation features
Male2_C18_RunToHopToWalk.bvh (99/183)
  loaded precomputed global rotation features
Male2_C1_StandToRun.bvh (100/183)
  loaded precomputed global rotation features
Male2_C22_RunWithBox.bvh (101/183)
  Skipping Male2_C22_RunWithBox.bvh (too short, 25 < 65)
Male2_C23_PutDownBoxToRun.bvh (102/183)
  loaded precomputed global rotation features
Male2_C24_QuickSidestepLeft.bvh (103/183)
  Skipping Male2_C24_QuickSidestepLeft.bvh (too short, 60 < 65)
Male2_C25_QuickSidestepRight.bvh (104/183)
  Skipping Male2_C25_QuickSidestepRight.bvh (too short, 60 < 65)
Male2_C26_RunToCrouch.bvh (105/183)
  Skipping Male2_C26_RunToCrouch.bvh (too short, 59 < 65)
Male2_C27_CrouchToRun.bvh (106/183)
  Skipping Male2_C27_CrouchToRun.bvh (too short, 59 < 65)
Male2_C2_RunToStand.bvh (107/183)
  loaded precomputed global rotation features
Male2_C3_Run.bvh (108/183)
  Skipping Male2_C3_Run.bvh (too short, 57 < 65)
Male2_C4_RunToWalk.bvh (109/183)
  loaded precomputed global rotation features
Male2_C5_WalkToRun.bvh (110/183)
  loaded precomputed global rotation features
Male2_C7_RunBackwards.bvh (111/183)
  loaded precomputed global rotation features
Male2_C8_RunBackwardsToStand.bvh (112/183)
  loaded precomputed global rotation features
Male2_C9_RunBackwardsTurnRunForward.bvh (113/183)
  loaded precomputed global rotation features
Male2_D10_Victory2.bvh (114/183)
  loaded precomputed global rotation features
Male2_D11_ReadyToTaunt1ToReady.bvh (115/183)
  loaded precomputed global rotation features
Male2_D12_ReadyToTaunt1ToReady.bvh (116/183)
  loaded precomputed global rotation features
Male2_D13_CrouchToReady.bvh (117/183)
  loaded precomputed global rotation features
Male2_D14_ReadyToCrouch.bvh (118/183)
  loaded precomputed global rotation features
Male2_D15_SwitchStance.bvh (119/183)
  loaded precomputed global rotation features
Male2_D16_SwitchStanceMore.bvh (120/183)
  loaded precomputed global rotation features
Male2_D2_WalkToReady.bvh (121/183)
  loaded precomputed global rotation features
Male2_D4_ReadyToRelax.bvh (122/183)
  loaded precomputed global rotation features
Male2_D5_ReadyToWalkAway.bvh (123/183)
  loaded precomputed global rotation features
Male2_D6_ReadyToRun.bvh (124/183)
  loaded precomputed global rotation features
Male2_D7_WalkToBow.bvh (125/183)
  loaded precomputed global rotation features
Male2_D9_Victory1.bvh (126/183)
  loaded precomputed global rotation features
Male2_D9_WarmUpToReadyToWarmUp.bvh (127/183)
  loaded precomputed global rotation features
Male2_E10_BodyHookRight.bvh (128/183)
  loaded precomputed global rotation features
Male2_E10_SideStepRight.bvh (129/183)
  Skipping Male2_E10_SideStepRight.bvh (too short, 58 < 65)
Male2_E11_BackfistLeft.bvh (130/183)
  loaded precomputed global rotation features
Male2_E11_BlockLeftHigh.bvh (131/183)
  loaded precomputed global rotation features
Male2_E12_BackfistRight.bvh (132/183)
  loaded precomputed global rotation features
Male2_E12_BlockLeftLow.bvh (133/183)
  loaded precomputed global rotation features
Male2_E14_BlockRightLow.bvh (134/183)
  loaded precomputed global rotation features
Male2_E14_BodyCrossRight.bvh (135/183)
  loaded precomputed global rotation features
Male2_E15_BlockLeftMiddle.bvh (136/183)
  loaded precomputed global rotation features
Male2_E15_BodyJabRight.bvh (137/183)
  Skipping Male2_E15_BodyJabRight.bvh (too short, 51 < 65)
Male2_E16_BlockRightMiddle.bvh (138/183)
  loaded precomputed global rotation features
Male2_E16_BodyJabLeft.bvh (139/183)
  loaded precomputed global rotation features
Male2_E17_BlockMiddleHigh.bvh (140/183)
  loaded precomputed global rotation features
Male2_E18_BlockMiddleLow.bvh (141/183)
  loaded precomputed global rotation features
Male2_E19_DodgeLeft.bvh (142/183)
  loaded precomputed global rotation features
Male2_E1_JabLeft.bvh (143/183)
  loaded precomputed global rotation features
Male2_E20_DodgeRight.bvh (144/183)
  loaded precomputed global rotation features
Male2_E21_DuckLeft.bvh (145/183)
  loaded precomputed global rotation features
Male2_E22_DuckRight.bvh (146/183)
  loaded precomputed global rotation features
Male2_E2_TurnAroundLeft.bvh (147/183)
  loaded precomputed global rotation features
Male2_E3_Advance.bvh (148/183)
  loaded precomputed global rotation features
Male2_E3_CrossLeft.bvh (149/183)
  loaded precomputed global rotation features
Male2_E4_CrossRight.bvh (150/183)
  loaded precomputed global rotation features
Male2_E4_QuickAdvance.bvh (151/183)
  loaded precomputed global rotation features
Male2_E5_HookLeft.bvh (152/183)
  loaded precomputed global rotation features
Male2_E5_Retreat.bvh (153/183)
  loaded precomputed global rotation features
Male2_E6_HookRight.bvh (154/183)
  loaded precomputed global rotation features
Male2_E6_QuickRetreat.bvh (155/183)
  loaded precomputed global rotation features
Male2_E7_SuperFastAdvance.bvh (156/183)
  loaded precomputed global rotation features
Male2_E7_UppercutLeft.bvh (157/183)
  loaded precomputed global rotation features
Male2_E8_Bounce.bvh (158/183)
  loaded precomputed global rotation features
Male2_E8_UppercutRight.bvh (159/183)
  loaded precomputed global rotation features
Male2_E9_BodyHookLeft.bvh (160/183)
  loaded precomputed global rotation features
Male2_E9_SideStepLeft.bvh (161/183)
  loaded precomputed global rotation features
Male2_Extended_1.bvh (162/183)
  loaded precomputed global rotation features
Male2_Extended_2.bvh (163/183)
  loaded precomputed global rotation features
Male2_Extended_3.bvh (164/183)
  loaded precomputed global rotation features
  1 bad transition(s) detected, affected windows will be skipped
  Skipped 64 window(s) containing jumps
Male2_Form_1.bvh (165/183)
  loaded precomputed global rotation features
Male2_G10_RoundhouseLeadingLeft.bvh (166/183)
  loaded precomputed global rotation features
Male2_G11_RoundhouseLeadingRight.bvh (167/183)
  loaded precomputed global rotation features
Male2_G12_CrescentLeft.bvh (168/183)
  loaded precomputed global rotation features
Male2_G13_CrescentRight.bvh (169/183)
  loaded precomputed global rotation features
Male2_G14_RoundhouseBodyLeft.bvh (170/183)
  loaded precomputed global rotation features
Male2_G15_RoundhouseBodyRight.bvh (171/183)
  loaded precomputed global rotation features
Male2_G16_DoubleKick.bvh (172/183)
  loaded precomputed global rotation features
Male2_G17_PushKickLeft.bvh (173/183)
  loaded precomputed global rotation features
Male2_G18_PushKickRight.bvh (174/183)
  loaded precomputed global rotation features
Male2_G19_ReverseSpinCrescentLeft.bvh (175/183)
  loaded precomputed global rotation features
Male2_G1_SidekickLeadingLeft.bvh (176/183)
  loaded precomputed global rotation features
Male2_G2_FrontKick.bvh (177/183)
  loaded precomputed global rotation features
Male2_G3_SidekickLeadingRight.bvh (178/183)
  Skipping Male2_G3_SidekickLeadingRight.bvh (too short, 59 < 65)
Male2_G4_SpinningBackKick.bvh (179/183)
  loaded precomputed global rotation features
Male2_G5_BackKick.bvh (180/183)
  loaded precomputed global rotation features
Male2_G8_RoundhouseLeft.bvh (181/183)
  loaded precomputed global rotation features
Male2_G9_RoundhouseRight.bvh (182/183)
  Skipping Male2_G9_RoundhouseRight.bvh (too short, 54 < 65)
Male2_G9_RoundhouseRightT2.bvh (183/183)
  loaded precomputed global rotation features
aiming1_subject1.bvh (1/11)
  loaded precomputed global rotation features
dance1_subject1.bvh (2/11)
  loaded precomputed global rotation features
fallAndGetUp1_subject1.bvh (3/11)
  loaded precomputed global rotation features
fightAndSports1_subject1.bvh (4/11)
  loaded precomputed global rotation features
ground1_subject1.bvh (5/11)
  loaded precomputed global rotation features
jumps1_subject1.bvh (6/11)
  loaded precomputed global rotation features
multipleActions1_subject1.bvh (7/11)
  loaded precomputed global rotation features
obstacles1_subject1.bvh (8/11)
  loaded precomputed global rotation features
run2_subject1.bvh (9/11)
  loaded precomputed global rotation features
walk1_subject1.bvh (10/11)
  loaded precomputed global rotation features
walk4_subject1.bvh (11/11)
  loaded precomputed global rotation features
LocomotionFlat01_000.bvh (1/12)
  loaded precomputed global rotation features
LocomotionFlat02_000.bvh (2/12)
  loaded precomputed global rotation features
LocomotionFlat02_001.bvh (3/12)
  loaded precomputed global rotation features
LocomotionFlat03_000.bvh (4/12)
  loaded precomputed global rotation features
  2 bad transition(s) detected, affected windows will be skipped
  Skipped 128 window(s) containing jumps
LocomotionFlat04_000.bvh (5/12)
  loaded precomputed global rotation features
LocomotionFlat05_000.bvh (6/12)
  loaded precomputed global rotation features
LocomotionFlat06_000.bvh (7/12)
  loaded precomputed global rotation features
  1 bad transition(s) detected, affected windows will be skipped
  Skipped 64 window(s) containing jumps
LocomotionFlat06_001.bvh (8/12)
  loaded precomputed global rotation features
LocomotionFlat08_000.bvh (9/12)
  loaded precomputed global rotation features
LocomotionFlat09_000.bvh (10/12)
  loaded precomputed global rotation features
LocomotionFlat10_000.bvh (11/12)
  loaded precomputed global rotation features
LocomotionFlat12_000.bvh (12/12)
  loaded precomputed global rotation features
  10 bad transition(s) detected, affected windows will be skipped
  Skipped 393 window(s) containing jumps
0005_2FeetJump001.bvh (1/27)
  loaded precomputed global rotation features
0005_BackwardsWalk001.bvh (2/27)
  loaded precomputed global rotation features
0005_JumpRope001.bvh (3/27)
  loaded precomputed global rotation features
0005_SideSkip001.bvh (4/27)
  loaded precomputed global rotation features
0005_SlowTrot001.bvh (5/27)
  loaded precomputed global rotation features
0005_Stomping001.bvh (6/27)
  loaded precomputed global rotation features
0005_Walking001.bvh (7/27)
  loaded precomputed global rotation features
0007_Balance001.bvh (8/27)
  loaded precomputed global rotation features
0007_Crawling001.bvh (9/27)
  loaded precomputed global rotation features
0007_Walking001.bvh (10/27)
  loaded precomputed global rotation features
0008_ChaCha001.bvh (11/27)
  loaded precomputed global rotation features
0008_Skipping001.bvh (12/27)
  loaded precomputed global rotation features
0008_Walking001.bvh (13/27)
  loaded precomputed global rotation features
0008_Yoga001.bvh (14/27)
  loaded precomputed global rotation features
0015_JumpOverObstacle001.bvh (15/27)
  loaded precomputed global rotation features
0015_KendoKata001.bvh (16/27)
  loaded precomputed global rotation features
0017_WushuKicks001.bvh (17/27)
  loaded precomputed global rotation features
0018_Bridge001.bvh (18/27)
  loaded precomputed global rotation features
0018_Catwalk001.bvh (19/27)
  Skipping 0018_Catwalk001.bvh (too short, 53 < 65)
0018_DanceTurns001.bvh (20/27)
  loaded precomputed global rotation features
0018_DanceTurns002.bvh (21/27)
  loaded precomputed global rotation features
0018_Moonwalk001.bvh (22/27)
  loaded precomputed global rotation features
0018_TraditionalChineseDance001.bvh (23/27)
  Skipping 0018_TraditionalChineseDance001.bvh (too short, 42 < 65)
0018_Walking001.bvh (24/27)
  loaded precomputed global rotation features
0018_XinJiang003.bvh (25/27)
  loaded precomputed global rotation features
0019_AdvanceBollywoodDance001.bvh (26/27)
  loaded precomputed global rotation features
  1 bad transition(s) detected, affected windows will be skipped
  Skipped 20 window(s) containing jumps
0019_BasicBollywoodDance001.bvh (27/27)
  loaded precomputed global rotation features
  3 bad transition(s) detected, affected windows will be skipped
  Skipped 160 window(s) containing jumps
S1_acting2_BlenderZXY_YmZ.bvh (1/29)
  loaded precomputed global rotation features
  1 bad transition(s) detected, affected windows will be skipped
  Skipped 64 window(s) containing jumps
S1_freestyle1_BlenderZXY_YmZ.bvh (2/29)
  loaded precomputed global rotation features
S1_freestyle2_BlenderZXY_YmZ.bvh (3/29)
  loaded precomputed global rotation features
S1_rom1_BlenderZXY_YmZ.bvh (4/29)
  loaded precomputed global rotation features
S1_rom2_BlenderZXY_YmZ.bvh (5/29)
  loaded precomputed global rotation features
S1_walking1_BlenderZXY_YmZ.bvh (6/29)
  loaded precomputed global rotation features
S1_walking2_BlenderZXY_YmZ.bvh (7/29)
  loaded precomputed global rotation features
S2_acting1_BlenderZXY_YmZ.bvh (8/29)
  loaded precomputed global rotation features
  2 bad transition(s) detected, affected windows will be skipped
  Skipped 79 window(s) containing jumps
S2_acting2_BlenderZXY_YmZ.bvh (9/29)
  loaded precomputed global rotation features
  1 bad transition(s) detected, affected windows will be skipped
  Skipped 64 window(s) containing jumps
S2_freestyle1_BlenderZXY_YmZ.bvh (10/29)
  loaded precomputed global rotation features
  6 bad transition(s) detected, affected windows will be skipped
  Skipped 211 window(s) containing jumps
S2_freestyle2_BlenderZXY_YmZ.bvh (11/29)
  loaded precomputed global rotation features
  2 bad transition(s) detected, affected windows will be skipped
  Skipped 81 window(s) containing jumps
S2_rom1_BlenderZXY_YmZ.bvh (12/29)
  loaded precomputed global rotation features
  4 bad transition(s) detected, affected windows will be skipped
  Skipped 108 window(s) containing jumps
S2_rom2_BlenderZXY_YmZ.bvh (13/29)
  loaded precomputed global rotation features
  7 bad transition(s) detected, affected windows will be skipped
  Skipped 345 window(s) containing jumps
S2_walking1_BlenderZXY_YmZ.bvh (14/29)
  loaded precomputed global rotation features
S3_acting1_BlenderZXY_YmZ.bvh (15/29)
  loaded precomputed global rotation features
  4 bad transition(s) detected, affected windows will be skipped
  Skipped 171 window(s) containing jumps
S3_acting3_BlenderZXY_YmZ.bvh (16/29)
  loaded precomputed global rotation features
  3 bad transition(s) detected, affected windows will be skipped
  Skipped 165 window(s) containing jumps
S3_freestyle1_BlenderZXY_YmZ.bvh (17/29)
  loaded precomputed global rotation features
  42 bad transition(s) detected, affected windows will be skipped
  Skipped 487 window(s) containing jumps
S3_freestyle3_BlenderZXY_YmZ.bvh (18/29)
  loaded precomputed global rotation features
  4 bad transition(s) detected, affected windows will be skipped
  Skipped 174 window(s) containing jumps
S3_rom1_BlenderZXY_YmZ.bvh (19/29)
  loaded precomputed global rotation features
S3_walking1_BlenderZXY_YmZ.bvh (20/29)
  loaded precomputed global rotation features
S4_acting3_BlenderZXY_YmZ.bvh (21/29)
  loaded precomputed global rotation features
  17 bad transition(s) detected, affected windows will be skipped
  Skipped 457 window(s) containing jumps
S4_freestyle3_BlenderZXY_YmZ.bvh (22/29)
  loaded precomputed global rotation features
S4_rom3_BlenderZXY_YmZ.bvh (23/29)
  loaded precomputed global rotation features
S4_walking2_BlenderZXY_YmZ.bvh (24/29)
  loaded precomputed global rotation features
S5_acting3_BlenderZXY_YmZ.bvh (25/29)
  loaded precomputed global rotation features
S5_freestyle1_BlenderZXY_YmZ.bvh (26/29)
  loaded precomputed global rotation features
S5_freestyle3_BlenderZXY_YmZ.bvh (27/29)
  loaded precomputed global rotation features
S5_rom3_BlenderZXY_YmZ.bvh (28/29)
  loaded precomputed global rotation features2026-08-05 07:45:03,936 - INFO - Using config: abl_mdc_on.json
2026-08-05 07:45:03,936 - INFO - RUN_ID=20260805-074440
2026-08-05 07:45:03,937 - INFO - Train size: 131766, Validation size: 32951, Dropped at split boundaries: 18798, Unique skeletons: 5
2026-08-05 07:45:03,938 - INFO - Hyperparameters | step_size=1, context_length=50, gen_frames=15, hid_lyrs=[256, 256, 128, 128, 96, 96], head_num=8, dropout=0.05, facing_normalization=True, skeleton_geometry=True, global_rotations=True, fk_loss=True, mdc_loss=True, mdc_weight=15.0, seed=1, split_seed=1, rot_weight=50.0, pos_weight=1.0, smooth_weight=1.0, transition_weight=1.0, root_pos_weight=0.3, grad_clip_norm=3000.0, early_stopping_patience=20, early_stopping_min_delta=0.5, epochs=1000, batch_size=512, lr=0.001, val_ratio=0.2, params=13326907
2026-08-05 07:46:57,266 - INFO - Epoch 001 | Train Loss: 2161.161338 (rot: 80.542350, pos: 658.248238, root: 321.073268, mdc: 257.587305) | Val Loss: 681.157152 (rot: 65.725994, pos: 231.691683, smooth: 215.332675, root: 66.002970, mdc: 102.403828) | LR: 1.00e-03
2026-08-05 07:46:57,313 - INFO - New best val loss 681.157152. Saved: model_20260805-074440-best.pth
2026-08-05 07:48:19,521 - INFO - Epoch 002 | Train Loss: 611.373186 (rot: 58.752514, pos: 209.614034, root: 48.175778, mdc: 102.255759) | Val Loss: 556.951881 (rot: 57.435838, pos: 184.857263, smooth: 164.061781, root: 44.643393, mdc: 105.953609) | LR: 1.00e-03
2026-08-05 07:48:19,572 - INFO - New best val loss 556.951881. Saved: model_20260805-074440-best.pth
2026-08-05 07:49:41,752 - INFO - Epoch 003 | Train Loss: 460.997406 (rot: 52.759135, pos: 153.574060, root: 37.117347, mdc: 87.471038) | Val Loss: 410.288045 (rot: 52.285156, pos: 142.296677, smooth: 107.202330, root: 35.219318, mdc: 73.284564) | LR: 1.00e-03
2026-08-05 07:49:41,797 - INFO - New best val loss 410.288045. Saved: model_20260805-074440-best.pth
2026-08-05 07:51:03,872 - INFO - Epoch 004 | Train Loss: 409.109998 (rot: 48.471424, pos: 135.023687, root: 33.269807, mdc: 82.259961) | Val Loss: 395.073014 (rot: 47.244319, pos: 129.231326, smooth: 92.049818, root: 38.218834, mdc: 88.328717) | LR: 1.00e-03
2026-08-05 07:51:03,916 - INFO - New best val loss 395.073014. Saved: model_20260805-074440-best.pth
2026-08-05 07:52:26,847 - INFO - Epoch 005 | Train Loss: 337.593454 (rot: 42.748169, pos: 111.825069, root: 33.215856, mdc: 67.961202) | Val Loss: 349.360176 (rot: 43.592680, pos: 124.308424, smooth: 82.535876, root: 29.264855, mdc: 69.658341) | LR: 1.00e-03
2026-08-05 07:52:26,890 - INFO - New best val loss 349.360176. Saved: model_20260805-074440-best.pth
2026-08-05 07:53:50,647 - INFO - Epoch 006 | Train Loss: 298.758312 (rot: 39.955781, pos: 104.775007, root: 26.471672, mdc: 56.535624) | Val Loss: 303.063137 (rot: 40.390633, pos: 116.071470, smooth: 70.241413, root: 28.983273, mdc: 47.376352) | LR: 1.00e-03
2026-08-05 07:53:50,692 - INFO - New best val loss 303.063137. Saved: model_20260805-074440-best.pth
2026-08-05 07:54:54,688 - INFO - Epoch 007 | Train Loss: 290.747339 (rot: 38.675702, pos: 102.177170, root: 25.953238, mdc: 55.821683) | Val Loss: 358.777688 (rot: 41.097990, pos: 139.028623, smooth: 93.140888, root: 25.711763, mdc: 59.798426) | LR: 1.00e-03
2026-08-05 07:55:43,691 - INFO - Epoch 008 | Train Loss: 313.488358 (rot: 39.134129, pos: 108.814323, root: 25.490871, mdc: 60.544664) | Val Loss: 289.008026 (rot: 38.828323, pos: 108.571451, smooth: 63.116651, root: 26.122399, mdc: 52.369204) | LR: 1.00e-03
2026-08-05 07:55:43,733 - INFO - New best val loss 289.008026. Saved: model_20260805-074440-best.pth
2026-08-05 07:56:32,563 - INFO - Epoch 009 | Train Loss: 255.010374 (rot: 33.734978, pos: 90.033540, root: 25.604200, mdc: 50.932735) | Val Loss: 287.806496 (rot: 35.056380, pos: 106.469407, smooth: 65.125510, root: 30.773479, mdc: 50.381718) | LR: 1.00e-03
2026-08-05 07:56:32,606 - INFO - New best val loss 287.806496. Saved: model_20260805-074440-best.pth
2026-08-05 07:57:21,550 - INFO - Epoch 010 | Train Loss: 240.991232 (rot: 31.265099, pos: 84.338104, root: 27.568045, mdc: 48.079281) | Val Loss: 311.713111 (rot: 34.189290, pos: 116.056740, smooth: 82.120244, root: 27.945421, mdc: 51.401418) | LR: 1.00e-03
2026-08-05 07:57:21,590 - INFO - Saved checkpoint: model_20260805-074440-10.pth
2026-08-05 07:58:11,003 - INFO - Epoch 011 | Train Loss: 230.904043 (rot: 30.916241, pos: 84.474622, root: 22.517839, mdc: 43.298624) | Val Loss: 213.625282 (rot: 30.830401, pos: 87.637901, smooth: 39.309633, root: 21.836604, mdc: 34.010744) | LR: 1.00e-03
2026-08-05 07:58:11,053 - INFO - New best val loss 213.625282. Saved: model_20260805-074440-best.pth
2026-08-05 07:59:00,515 - INFO - Epoch 012 | Train Loss: 221.839838 (rot: 29.909150, pos: 81.925270, root: 22.800332, mdc: 40.411817) | Val Loss: 233.813564 (rot: 31.455573, pos: 89.760156, smooth: 42.351285, root: 30.575553, mdc: 39.670997) | LR: 1.00e-03
2026-08-05 07:59:49,623 - INFO - Epoch 013 | Train Loss: 206.453967 (rot: 29.054846, pos: 75.940162, root: 23.620075, mdc: 38.907172) | Val Loss: 200.820144 (rot: 29.810881, pos: 81.767665, smooth: 33.723009, root: 23.461778, mdc: 32.056811) | LR: 1.00e-03
2026-08-05 07:59:49,666 - INFO - New best val loss 200.820144. Saved: model_20260805-074440-best.pth
2026-08-05 08:00:38,128 - INFO - Epoch 014 | Train Loss: 196.748297 (rot: 28.309205, pos: 72.401919, root: 23.750639, mdc: 36.229318) | Val Loss: 180.549097 (rot: 28.930163, pos: 77.666265, smooth: 27.573650, root: 20.337453, mdc: 26.041567) | LR: 1.00e-03
2026-08-05 08:00:38,170 - INFO - New best val loss 180.549097. Saved: model_20260805-074440-best.pth
2026-08-05 08:01:26,482 - INFO - Epoch 015 | Train Loss: 191.101106 (rot: 28.200408, pos: 72.363015, root: 19.515984, mdc: 34.622170) | Val Loss: 197.873108 (rot: 28.967648, pos: 78.160090, smooth: 32.390067, root: 19.181986, mdc: 39.173314) | LR: 1.00e-03
2026-08-05 08:02:14,809 - INFO - Epoch 016 | Train Loss: 189.396518 (rot: 27.595114, pos: 68.655661, root: 24.289197, mdc: 36.318537) | Val Loss: 177.686051 (rot: 28.300673, pos: 74.496054, smooth: 26.451732, root: 20.806017, mdc: 27.631575) | LR: 1.00e-03
2026-08-05 08:02:14,851 - INFO - New best val loss 177.686051. Saved: model_20260805-074440-best.pth
2026-08-05 08:03:03,606 - INFO - Epoch 017 | Train Loss: 167.370708 (rot: 26.866252, pos: 64.506969, root: 17.522254, mdc: 30.114437) | Val Loss: 168.222616 (rot: 27.591788, pos: 70.298485, smooth: 22.211745, root: 19.029725, mdc: 29.090871) | LR: 1.00e-03
2026-08-05 08:03:03,648 - INFO - New best val loss 168.222616. Saved: model_20260805-074440-best.pth
2026-08-05 08:03:52,107 - INFO - Epoch 018 | Train Loss: 169.754274 (rot: 26.605609, pos: 63.564193, root: 19.243051, mdc: 32.113052) | Val Loss: 214.281865 (rot: 28.280386, pos: 80.778304, smooth: 47.355370, root: 23.203158, mdc: 34.664646) | LR: 1.00e-03
2026-08-05 08:04:40,735 - INFO - Epoch 019 | Train Loss: 164.885313 (rot: 26.080648, pos: 61.090462, root: 21.862374, mdc: 30.111162) | Val Loss: 179.195217 (rot: 27.374264, pos: 70.746835, smooth: 27.150178, root: 22.819203, mdc: 31.104737) | LR: 1.00e-03
2026-08-05 08:05:29,140 - INFO - Epoch 020 | Train Loss: 175.325944 (rot: 26.486423, pos: 64.632048, root: 18.959894, mdc: 34.447365) | Val Loss: 166.253929 (rot: 26.817365, pos: 67.475353, smooth: 21.161994, root: 22.960725, mdc: 27.838492) | LR: 1.00e-03
2026-08-05 08:05:29,180 - INFO - Saved checkpoint: model_20260805-074440-20.pth
2026-08-05 08:05:29,224 - INFO - New best val loss 166.253929. Saved: model_20260805-074440-best.pth
2026-08-05 08:06:17,829 - INFO - Epoch 021 | Train Loss: 150.383836 (rot: 25.346490, pos: 56.978506, root: 18.807735, mdc: 26.718928) | Val Loss: 198.405009 (rot: 28.168996, pos: 75.770768, smooth: 33.869958, root: 21.935516, mdc: 38.659772) | LR: 1.00e-03
2026-08-05 08:07:06,342 - INFO - Epoch 022 | Train Loss: 142.876870 (rot: 25.068212, pos: 55.011094, root: 15.840376, mdc: 26.118046) | Val Loss: 161.956281 (rot: 26.654496, pos: 67.218719, smooth: 22.357349, root: 18.443771, mdc: 27.281947) | LR: 1.00e-03
2026-08-05 08:07:06,383 - INFO - New best val loss 161.956281. Saved: model_20260805-074440-best.pth
2026-08-05 08:07:54,822 - INFO - Epoch 023 | Train Loss: 151.442671 (rot: 25.217987, pos: 56.940905, root: 17.875861, mdc: 27.669505) | Val Loss: 193.210507 (rot: 27.988634, pos: 79.195132, smooth: 38.011491, root: 17.961146, mdc: 30.054102) | LR: 1.00e-03
2026-08-05 08:08:43,304 - INFO - Epoch 024 | Train Loss: 157.567002 (rot: 25.297284, pos: 58.095452, root: 19.773648, mdc: 28.132893) | Val Loss: 180.400474 (rot: 26.885048, pos: 69.936865, smooth: 27.817414, root: 22.090866, mdc: 33.670282) | LR: 1.00e-03
2026-08-05 08:09:31,786 - INFO - Epoch 025 | Train Loss: 143.500550 (rot: 24.671092, pos: 53.183872, root: 18.143082, mdc: 26.553230) | Val Loss: 137.833323 (rot: 24.959155, pos: 57.496240, smooth: 15.375771, root: 20.834151, mdc: 19.168006) | LR: 1.00e-03
2026-08-05 08:09:31,829 - INFO - New best val loss 137.833323. Saved: model_20260805-074440-best.pth
2026-08-05 08:10:20,424 - INFO - Epoch 026 | Train Loss: 130.478441 (rot: 23.926281, pos: 48.353999, root: 19.048185, mdc: 22.341291) | Val Loss: 138.251128 (rot: 24.729326, pos: 57.835827, smooth: 16.665916, root: 16.690898, mdc: 22.329159) | LR: 1.00e-03
2026-08-05 08:11:08,984 - INFO - Epoch 027 | Train Loss: 141.187582 (rot: 24.423321, pos: 52.630113, root: 16.089134, mdc: 26.046029) | Val Loss: 136.586338 (rot: 24.973524, pos: 57.571302, smooth: 16.785101, root: 15.709986, mdc: 21.546425) | LR: 1.00e-03
2026-08-05 08:11:09,025 - INFO - New best val loss 136.586338. Saved: model_20260805-074440-best.pth
2026-08-05 08:11:57,726 - INFO - Epoch 028 | Train Loss: 132.308594 (rot: 23.914724, pos: 49.150257, root: 16.040500, mdc: 23.912377) | Val Loss: 138.094188 (rot: 24.730100, pos: 58.206710, smooth: 17.043958, root: 17.503714, mdc: 20.609706) | LR: 1.00e-03
2026-08-05 08:12:46,184 - INFO - Epoch 029 | Train Loss: 120.927953 (rot: 23.332517, pos: 45.682454, root: 14.841329, mdc: 20.899790) | Val Loss: 115.750812 (rot: 23.746244, pos: 51.748134, smooth: 12.303916, root: 13.686796, mdc: 14.265722) | LR: 1.00e-03
2026-08-05 08:12:46,226 - INFO - New best val loss 115.750812. Saved: model_20260805-074440-best.pth
2026-08-05 08:13:34,896 - INFO - Epoch 030 | Train Loss: 128.664778 (rot: 23.585482, pos: 47.526572, root: 15.678175, mdc: 23.263222) | Val Loss: 136.191564 (rot: 24.901508, pos: 57.698106, smooth: 15.603801, root: 17.936038, mdc: 20.052113) | LR: 1.00e-03
2026-08-05 08:13:34,934 - INFO - Saved checkpoint: model_20260805-074440-30.pth
2026-08-05 08:13:34,937 - INFO - Pruned old checkpoint: model_20260805-074440-10.pth
2026-08-05 08:14:23,443 - INFO - Epoch 031 | Train Loss: 120.399024 (rot: 23.115399, pos: 44.779027, root: 14.675652, mdc: 21.595800) | Val Loss: 133.050569 (rot: 24.082450, pos: 55.361792, smooth: 20.510224, root: 13.860124, mdc: 19.235979) | LR: 1.00e-03
2026-08-05 08:15:11,940 - INFO - Epoch 032 | Train Loss: 117.454416 (rot: 22.817920, pos: 43.827033, root: 14.295468, mdc: 20.452024) | Val Loss: 122.957069 (rot: 23.686654, pos: 52.798369, smooth: 13.253130, root: 15.204117, mdc: 18.014799) | LR: 1.00e-03
2026-08-05 08:16:00,318 - INFO - Epoch 033 | Train Loss: 117.998610 (rot: 22.826521, pos: 43.467600, root: 14.672235, mdc: 20.977899) | Val Loss: 134.719606 (rot: 23.357448, pos: 51.915447, smooth: 13.233730, root: 25.501481, mdc: 20.711502) | LR: 1.00e-03
2026-08-05 08:16:48,783 - INFO - Epoch 034 | Train Loss: 113.149667 (rot: 22.416326, pos: 41.769052, root: 14.666759, mdc: 19.422437) | Val Loss: 109.005399 (rot: 22.893219, pos: 49.115015, smooth: 11.726298, root: 12.460330, mdc: 12.810538) | LR: 1.00e-03
2026-08-05 08:16:48,825 - INFO - New best val loss 109.005399. Saved: model_20260805-074440-best.pth
2026-08-05 08:17:37,534 - INFO - Epoch 035 | Train Loss: 141.643331 (rot: 24.014873, pos: 52.240930, root: 14.544214, mdc: 26.166631) | Val Loss: 112.173041 (rot: 23.357374, pos: 50.711772, smooth: 12.087067, root: 12.816802, mdc: 13.200025) | LR: 1.00e-03
2026-08-05 08:18:25,933 - INFO - Epoch 036 | Train Loss: 122.133617 (rot: 22.615850, pos: 43.160059, root: 18.191922, mdc: 22.101997) | Val Loss: 109.478045 (rot: 22.745303, pos: 48.484292, smooth: 11.789783, root: 13.044008, mdc: 13.414658) | LR: 1.00e-03
2026-08-05 08:19:14,520 - INFO - Epoch 037 | Train Loss: 104.661813 (rot: 21.875670, pos: 38.950947, root: 12.965853, mdc: 17.729170) | Val Loss: 124.501769 (rot: 23.183122, pos: 50.501921, smooth: 15.929242, root: 15.233030, mdc: 19.654454) | LR: 1.00e-03
2026-08-05 08:20:02,955 - INFO - Epoch 038 | Train Loss: 103.624544 (rot: 21.779761, pos: 38.480514, root: 12.165137, mdc: 18.044767) | Val Loss: 150.302393 (rot: 24.764385, pos: 55.716252, smooth: 19.388829, root: 20.155999, mdc: 30.276929) | LR: 1.00e-03
2026-08-05 08:20:51,498 - INFO - Epoch 039 | Train Loss: 112.344034 (rot: 21.928148, pos: 39.807396, root: 15.076314, mdc: 20.742170) | Val Loss: 109.998142 (rot: 22.419758, pos: 47.757214, smooth: 10.286271, root: 13.428325, mdc: 16.106573) | LR: 1.00e-03
2026-08-05 08:21:39,942 - INFO - Epoch 040 | Train Loss: 109.895724 (rot: 21.834692, pos: 39.913887, root: 13.174867, mdc: 19.713732) | Val Loss: 107.370738 (rot: 22.298002, pos: 46.988126, smooth: 11.248175, root: 13.181358, mdc: 13.655076) | LR: 1.00e-03
2026-08-05 08:21:39,981 - INFO - Saved checkpoint: model_20260805-074440-40.pth
2026-08-05 08:21:39,985 - INFO - Pruned old checkpoint: model_20260805-074440-20.pth
2026-08-05 08:21:40,026 - INFO - New best val loss 107.370738. Saved: model_20260805-074440-best.pth
2026-08-05 08:22:28,526 - INFO - Epoch 041 | Train Loss: 107.397457 (rot: 21.681888, pos: 39.248390, root: 12.780217, mdc: 18.743242) | Val Loss: 117.276354 (rot: 23.233842, pos: 50.491963, smooth: 13.299494, root: 13.350705, mdc: 16.900351) | LR: 1.00e-03
2026-08-05 08:23:16,931 - INFO - Epoch 042 | Train Loss: 107.071662 (rot: 21.729482, pos: 39.229364, root: 12.139257, mdc: 19.213773) | Val Loss: 114.266453 (rot: 22.161582, pos: 47.097463, smooth: 11.586507, root: 18.169122, mdc: 15.251779) | LR: 1.00e-03
2026-08-05 08:24:05,538 - INFO - Epoch 043 | Train Loss: 96.198877 (rot: 20.840529, pos: 34.608100, root: 13.448851, mdc: 15.944798) | Val Loss: 102.818495 (rot: 21.739827, pos: 43.904297, smooth: 10.396253, root: 12.797710, mdc: 13.980408) | LR: 1.00e-03
2026-08-05 08:24:05,579 - INFO - New best val loss 102.818495. Saved: model_20260805-074440-best.pth
2026-08-05 08:24:53,957 - INFO - Epoch 044 | Train Loss: 97.039369 (rot: 20.782956, pos: 34.951815, root: 12.094642, mdc: 17.215175) | Val Loss: 107.150002 (rot: 22.077940, pos: 45.531565, smooth: 11.906497, root: 12.693641, mdc: 14.940359) | LR: 1.00e-03
2026-08-05 08:25:42,443 - INFO - Epoch 045 | Train Loss: 107.187920 (rot: 21.242150, pos: 38.655195, root: 11.908984, mdc: 20.069209) | Val Loss: 102.998333 (rot: 21.469027, pos: 44.894142, smooth: 10.793305, root: 12.567788, mdc: 13.274072) | LR: 1.00e-03
2026-08-05 08:26:30,968 - INFO - Epoch 046 | Train Loss: 96.187185 (rot: 20.526179, pos: 34.034790, root: 13.034008, mdc: 16.843289) | Val Loss: 95.813572 (rot: 20.893119, pos: 42.041663, smooth: 9.022781, root: 11.411007, mdc: 12.445001) | LR: 1.00e-03
2026-08-05 08:26:31,011 - INFO - New best val loss 95.813572. Saved: model_20260805-074440-best.pth
2026-08-05 08:27:19,550 - INFO - Epoch 047 | Train Loss: 95.327365 (rot: 20.367836, pos: 34.043777, root: 11.893833, mdc: 16.975907) | Val Loss: 105.059555 (rot: 21.605968, pos: 44.627048, smooth: 11.656682, root: 11.835768, mdc: 15.334089) | LR: 1.00e-03
2026-08-05 08:28:08,098 - INFO - Epoch 048 | Train Loss: 94.771322 (rot: 20.489548, pos: 34.599683, root: 10.573410, mdc: 16.349507) | Val Loss: 112.266957 (rot: 21.357487, pos: 46.021589, smooth: 12.628997, root: 15.522548, mdc: 16.736338) | LR: 1.00e-03
2026-08-05 08:28:56,555 - INFO - Epoch 049 | Train Loss: 91.957175 (rot: 20.063527, pos: 33.000845, root: 10.915965, mdc: 16.208298) | Val Loss: 94.585859 (rot: 20.823836, pos: 42.699989, smooth: 9.677256, root: 10.908513, mdc: 10.476264) | LR: 1.00e-03
2026-08-05 08:28:56,598 - INFO - New best val loss 94.585859. Saved: model_20260805-074440-best.pth
2026-08-05 08:29:45,360 - INFO - Epoch 050 | Train Loss: 93.018812 (rot: 20.053848, pos: 33.479075, root: 10.327959, mdc: 16.929384) | Val Loss: 98.624189 (rot: 20.499487, pos: 42.085637, smooth: 9.884763, root: 12.544544, mdc: 13.609758) | LR: 1.00e-03
2026-08-05 08:29:45,401 - INFO - Saved checkpoint: model_20260805-074440-50.pth
2026-08-05 08:29:45,404 - INFO - Pruned old checkpoint: model_20260805-074440-30.pth
2026-08-05 08:30:33,883 - INFO - Epoch 051 | Train Loss: 91.362621 (rot: 19.947421, pos: 32.843061, root: 10.294120, mdc: 16.277160) | Val Loss: 129.354777 (rot: 22.184648, pos: 58.062889, smooth: 18.380021, root: 12.024601, mdc: 18.702619) | LR: 1.00e-03
2026-08-05 08:31:22,422 - INFO - Epoch 052 | Train Loss: 90.691595 (rot: 19.908014, pos: 32.515429, root: 10.173652, mdc: 16.207301) | Val Loss: 102.920608 (rot: 20.408878, pos: 41.641972, smooth: 9.700630, root: 14.500907, mdc: 16.668221) | LR: 1.00e-03
2026-08-05 08:32:10,911 - INFO - Epoch 053 | Train Loss: 98.494901 (rot: 19.666603, pos: 32.275585, root: 16.915924, mdc: 17.950498) | Val Loss: 87.946176 (rot: 19.948967, pos: 39.658986, smooth: 7.940009, root: 10.223928, mdc: 10.174286) | LR: 1.00e-03
2026-08-05 08:32:10,954 - INFO - New best val loss 87.946176. Saved: model_20260805-074440-best.pth
2026-08-05 08:32:59,482 - INFO - Epoch 054 | Train Loss: 100.188037 (rot: 20.116008, pos: 35.365189, root: 10.551149, mdc: 19.295402) | Val Loss: 124.342635 (rot: 22.396100, pos: 53.045030, smooth: 16.380709, root: 13.879188, mdc: 18.641609) | LR: 1.00e-03
2026-08-05 08:33:48,005 - INFO - Epoch 055 | Train Loss: 92.489869 (rot: 19.926736, pos: 33.244670, root: 10.256298, mdc: 16.758383) | Val Loss: 87.384083 (rot: 19.887302, pos: 39.749228, smooth: 8.050207, root: 9.767903, mdc: 9.929444) | LR: 1.00e-03
2026-08-05 08:33:48,047 - INFO - New best val loss 87.384083. Saved: model_20260805-074440-best.pth
2026-08-05 08:34:36,605 - INFO - Epoch 056 | Train Loss: 79.987753 (rot: 18.908529, pos: 28.422145, root: 9.453656, mdc: 13.673402) | Val Loss: 101.398326 (rot: 19.584541, pos: 39.916947, smooth: 8.286705, root: 19.954651, mdc: 13.655483) | LR: 1.00e-03
2026-08-05 08:35:25,105 - INFO - Epoch 057 | Train Loss: 79.822010 (rot: 18.819775, pos: 28.276512, root: 8.843572, mdc: 13.968128) | Val Loss: 96.729215 (rot: 20.039734, pos: 40.776691, smooth: 9.498053, root: 10.873326, mdc: 15.541411) | LR: 1.00e-03
2026-08-05 08:36:13,434 - INFO - Epoch 058 | Train Loss: 86.703262 (rot: 18.921410, pos: 29.138023, root: 12.720622, mdc: 15.279909) | Val Loss: 141.169247 (rot: 21.281528, pos: 53.845579, smooth: 19.195341, root: 16.916990, mdc: 29.929809) | LR: 1.00e-03
2026-08-05 08:37:01,895 - INFO - Epoch 059 | Train Loss: 85.690949 (rot: 18.957459, pos: 29.907634, root: 10.540861, mdc: 15.038836) | Val Loss: 103.078749 (rot: 19.677173, pos: 41.703726, smooth: 9.633702, root: 15.957327, mdc: 16.106823) | LR: 1.00e-03
2026-08-05 08:37:50,365 - INFO - Epoch 060 | Train Loss: 80.976560 (rot: 18.573660, pos: 27.750405, root: 9.912802, mdc: 14.681730) | Val Loss: 88.492272 (rot: 19.511147, pos: 39.378717, smooth: 8.342573, root: 9.850514, mdc: 11.409321) | LR: 1.00e-03
2026-08-05 08:37:50,404 - INFO - Saved checkpoint: model_20260805-074440-60.pth
2026-08-05 08:37:50,407 - INFO - Pruned old checkpoint: model_20260805-074440-40.pth
2026-08-05 08:38:38,883 - INFO - Epoch 061 | Train Loss: 79.068881 (rot: 18.550359, pos: 27.838743, root: 8.381298, mdc: 14.134855) | Val Loss: 90.064768 (rot: 19.456807, pos: 39.173844, smooth: 8.828790, root: 9.884785, mdc: 12.720540) | LR: 1.00e-03
2026-08-05 08:39:27,382 - INFO - Epoch 062 | Train Loss: 84.609174 (rot: 18.716437, pos: 29.056153, root: 9.301944, mdc: 16.172481) | Val Loss: 88.278278 (rot: 19.416650, pos: 39.187656, smooth: 8.079994, root: 10.714791, mdc: 10.879188) | LR: 1.00e-03
2026-08-05 08:40:15,820 - INFO - Epoch 063 | Train Loss: 84.012979 (rot: 18.698832, pos: 28.873631, root: 9.417082, mdc: 15.939292) | Val Loss: 97.917516 (rot: 20.123542, pos: 41.795957, smooth: 9.454780, root: 12.280371, mdc: 14.262866) | LR: 1.00e-03
2026-08-05 08:41:04,377 - INFO - Epoch 064 | Train Loss: 78.295509 (rot: 18.241675, pos: 26.398035, root: 9.817273, mdc: 14.034014) | Val Loss: 87.872531 (rot: 19.020127, pos: 38.020676, smooth: 7.455911, root: 12.308280, mdc: 11.067536) | LR: 1.00e-03
2026-08-05 08:41:52,815 - INFO - Epoch 065 | Train Loss: 83.676703 (rot: 18.525233, pos: 28.604966, root: 10.679531, mdc: 14.798531) | Val Loss: 109.018390 (rot: 20.409866, pos: 45.252094, smooth: 11.496336, root: 17.131214, mdc: 14.728879) | LR: 1.00e-03
2026-08-05 08:42:41,372 - INFO - Epoch 066 | Train Loss: 79.084112 (rot: 18.373127, pos: 27.177999, root: 9.226867, mdc: 14.094128) | Val Loss: 85.854112 (rot: 18.950452, pos: 38.485921, smooth: 8.057670, root: 9.965774, mdc: 10.394294) | LR: 1.00e-03
2026-08-05 08:42:41,414 - INFO - New best val loss 85.854112. Saved: model_20260805-074440-best.pth
2026-08-05 08:43:29,852 - INFO - Epoch 067 | Train Loss: 73.657676 (rot: 17.915280, pos: 25.226371, root: 7.509492, mdc: 13.712774) | Val Loss: 100.431496 (rot: 20.221831, pos: 42.255503, smooth: 10.859220, root: 10.877486, mdc: 16.217457) | LR: 1.00e-03
2026-08-05 08:44:18,456 - INFO - Epoch 068 | Train Loss: 77.737627 (rot: 18.145876, pos: 26.288024, root: 8.632564, mdc: 14.699910) | Val Loss: 92.046810 (rot: 19.135300, pos: 40.408197, smooth: 9.944768, root: 11.139290, mdc: 11.419256) | LR: 1.00e-03
2026-08-05 08:45:06,908 - INFO - Epoch 069 | Train Loss: 73.407140 (rot: 17.768633, pos: 24.760219, root: 8.051761, mdc: 13.271293) | Val Loss: 84.762811 (rot: 18.932784, pos: 38.664561, smooth: 7.825703, root: 9.667684, mdc: 9.672080) | LR: 1.00e-03
2026-08-05 08:45:06,953 - INFO - New best val loss 84.762811. Saved: model_20260805-074440-best.pth
2026-08-05 08:45:55,420 - INFO - Epoch 070 | Train Loss: 81.901388 (rot: 17.989448, pos: 26.167393, root: 11.724412, mdc: 15.490259) | Val Loss: 88.896130 (rot: 18.876325, pos: 37.529889, smooth: 8.148397, root: 9.995459, mdc: 14.346060) | LR: 1.00e-03
2026-08-05 08:45:55,460 - INFO - Saved checkpoint: model_20260805-074440-70.pth
2026-08-05 08:45:55,464 - INFO - Pruned old checkpoint: model_20260805-074440-50.pth
2026-08-05 08:46:43,878 - INFO - Epoch 071 | Train Loss: 66.908013 (rot: 17.339067, pos: 22.827764, root: 6.955752, mdc: 11.540301) | Val Loss: 82.189760 (rot: 18.633076, pos: 37.442923, smooth: 7.200295, root: 8.457692, mdc: 10.455774) | LR: 1.00e-03
2026-08-05 08:46:43,921 - INFO - New best val loss 82.189760. Saved: model_20260805-074440-best.pth
2026-08-05 08:47:32,289 - INFO - Epoch 072 | Train Loss: 69.988307 (rot: 17.544339, pos: 23.926636, root: 6.728707, mdc: 12.687582) | Val Loss: 89.842599 (rot: 18.582988, pos: 38.450733, smooth: 8.647085, root: 9.182264, mdc: 14.979529) | LR: 1.00e-03
2026-08-05 08:48:20,752 - INFO - Epoch 073 | Train Loss: 79.426964 (rot: 18.016938, pos: 26.309141, root: 8.234197, mdc: 15.718836) | Val Loss: 84.277595 (rot: 18.382240, pos: 37.107053, smooth: 7.034967, root: 11.714275, mdc: 10.039059) | LR: 1.00e-03
2026-08-05 08:49:09,258 - INFO - Epoch 074 | Train Loss: 65.491894 (rot: 17.162651, pos: 22.106731, root: 6.350567, mdc: 11.499500) | Val Loss: 79.393452 (rot: 18.453569, pos: 36.454034, smooth: 7.034927, root: 8.129762, mdc: 9.321161) | LR: 1.00e-03
2026-08-05 08:49:09,299 - INFO - New best val loss 79.393452. Saved: model_20260805-074440-best.pth
2026-08-05 08:49:57,770 - INFO - Epoch 075 | Train Loss: 72.057126 (rot: 17.379063, pos: 23.523770, root: 8.624616, mdc: 13.309269) | Val Loss: 98.461357 (rot: 19.291464, pos: 42.148618, smooth: 10.645063, root: 11.828437, mdc: 14.547775) | LR: 1.00e-03
2026-08-05 08:50:46,086 - INFO - Epoch 076 | Train Loss: 68.702981 (rot: 17.153924, pos: 22.436927, root: 7.506224, mdc: 12.915686) | Val Loss: 87.281328 (rot: 18.690281, pos: 39.279868, smooth: 9.379502, root: 8.954474, mdc: 10.977202) | LR: 1.00e-03
2026-08-05 08:51:34,535 - INFO - Epoch 077 | Train Loss: 72.436451 (rot: 17.584878, pos: 24.131870, root: 7.257650, mdc: 13.433181) | Val Loss: 78.934550 (rot: 18.245050, pos: 36.445492, smooth: 7.106650, root: 8.521701, mdc: 8.615657) | LR: 1.00e-03
2026-08-05 08:51:34,577 - INFO - New best val loss 78.934550. Saved: model_20260805-074440-best.pth
2026-08-05 08:52:22,914 - INFO - Epoch 078 | Train Loss: 70.483665 (rot: 17.102194, pos: 22.252543, root: 8.582491, mdc: 13.648524) | Val Loss: 95.134439 (rot: 18.906677, pos: 40.227558, smooth: 9.703814, root: 12.031830, mdc: 14.264560) | LR: 1.00e-03
2026-08-05 08:53:11,561 - INFO - Epoch 079 | Train Loss: 66.481492 (rot: 16.960043, pos: 21.488278, root: 7.204691, mdc: 12.069404) | Val Loss: 77.878966 (rot: 18.015031, pos: 36.665605, smooth: 6.763218, root: 8.132701, mdc: 8.302411) | LR: 1.00e-03
2026-08-05 08:53:11,604 - INFO - New best val loss 77.878966. Saved: model_20260805-074440-best.pth
2026-08-05 08:54:00,022 - INFO - Epoch 080 | Train Loss: 64.970854 (rot: 16.877173, pos: 21.115050, root: 6.885980, mdc: 11.876166) | Val Loss: 83.621337 (rot: 18.588801, pos: 38.318389, smooth: 7.814656, root: 8.620139, mdc: 10.279354) | LR: 1.00e-03
2026-08-05 08:54:00,062 - INFO - Saved checkpoint: model_20260805-074440-80.pth
2026-08-05 08:54:00,065 - INFO - Pruned old checkpoint: model_20260805-074440-60.pth
2026-08-05 08:54:48,662 - INFO - Epoch 081 | Train Loss: 71.051098 (rot: 17.199265, pos: 22.719157, root: 7.079040, mdc: 14.240405) | Val Loss: 97.939183 (rot: 19.196438, pos: 41.746535, smooth: 11.070733, root: 11.620669, mdc: 14.304807) | LR: 1.00e-03
2026-08-05 08:55:37,151 - INFO - Epoch 082 | Train Loss: 66.058746 (rot: 16.946607, pos: 21.482817, root: 6.632088, mdc: 12.272766) | Val Loss: 80.267201 (rot: 18.002219, pos: 36.736889, smooth: 7.238559, root: 8.347202, mdc: 9.942331) | LR: 1.00e-03
2026-08-05 08:56:25,694 - INFO - Epoch 083 | Train Loss: 64.489048 (rot: 16.777624, pos: 20.912858, root: 6.025648, mdc: 12.098408) | Val Loss: 94.471587 (rot: 18.586212, pos: 40.318898, smooth: 10.553093, root: 9.402117, mdc: 15.611268) | LR: 1.00e-03
2026-08-05 08:57:14,283 - INFO - Epoch 084 | Train Loss: 64.182727 (rot: 16.624099, pos: 20.313360, root: 6.662556, mdc: 12.165687) | Val Loss: 74.920702 (rot: 17.774582, pos: 35.727631, smooth: 6.698937, root: 7.459667, mdc: 7.259883) | LR: 1.00e-03
2026-08-05 08:57:14,325 - INFO - New best val loss 74.920702. Saved: model_20260805-074440-best.pth
2026-08-05 08:58:02,863 - INFO - Epoch 085 | Train Loss: 63.413251 (rot: 16.444322, pos: 19.593362, root: 7.362029, mdc: 12.108550) | Val Loss: 82.880098 (rot: 17.971366, pos: 36.439574, smooth: 7.011948, root: 9.997854, mdc: 11.459357) | LR: 1.00e-03
2026-08-05 08:58:51,490 - INFO - Epoch 086 | Train Loss: 65.323216 (rot: 16.659980, pos: 20.577292, root: 6.260307, mdc: 12.863136) | Val Loss: 88.097715 (rot: 18.439536, pos: 40.481268, smooth: 8.428629, root: 10.121784, mdc: 10.626498) | LR: 1.00e-03
2026-08-05 08:59:39,872 - INFO - Epoch 087 | Train Loss: 57.960259 (rot: 16.239822, pos: 18.648104, root: 5.286670, mdc: 10.318231) | Val Loss: 79.965289 (rot: 18.152873, pos: 37.263262, smooth: 7.176090, root: 8.228058, mdc: 9.145006) | LR: 1.00e-03
2026-08-05 09:00:28,442 - INFO - Epoch 088 | Train Loss: 68.853206 (rot: 16.797123, pos: 21.784242, root: 7.094197, mdc: 13.569479) | Val Loss: 119.635957 (rot: 20.568551, pos: 49.975652, smooth: 18.922748, root: 11.278658, mdc: 18.890350) | LR: 1.00e-03
2026-08-05 09:01:16,854 - INFO - Epoch 089 | Train Loss: 62.075598 (rot: 16.418795, pos: 19.836836, root: 5.719355, mdc: 11.735317) | Val Loss: 87.933718 (rot: 18.212596, pos: 38.254655, smooth: 9.289295, root: 9.392716, mdc: 12.784457) | LR: 1.00e-03
2026-08-05 09:02:05,390 - INFO - Epoch 090 | Train Loss: 62.446972 (rot: 16.302822, pos: 19.212114, root: 6.440770, mdc: 12.140136) | Val Loss: 82.377630 (rot: 17.979496, pos: 37.889583, smooth: 7.859241, root: 10.025136, mdc: 8.624175) | LR: 1.00e-03
2026-08-05 09:02:05,434 - INFO - Saved checkpoint: model_20260805-074440-90.pth
2026-08-05 09:02:05,438 - INFO - Pruned old checkpoint: model_20260805-074440-70.pth
2026-08-05 09:02:53,886 - INFO - Epoch 091 | Train Loss: 57.891889 (rot: 16.043131, pos: 18.161973, root: 4.988167, mdc: 10.902204) | Val Loss: 76.210823 (rot: 17.506216, pos: 35.407146, smooth: 6.588073, root: 8.024581, mdc: 8.684807) | LR: 1.00e-03
2026-08-05 09:03:42,293 - INFO - Epoch 092 | Train Loss: 61.425082 (rot: 16.123237, pos: 18.704551, root: 6.616162, mdc: 11.893287) | Val Loss: 79.406762 (rot: 17.662602, pos: 36.582709, smooth: 6.961444, root: 8.175503, mdc: 10.024503) | LR: 1.00e-03
2026-08-05 09:04:30,764 - INFO - Epoch 093 | Train Loss: 61.103206 (rot: 16.220509, pos: 19.103185, root: 5.437283, mdc: 11.908454) | Val Loss: 82.012552 (rot: 18.062962, pos: 37.071336, smooth: 7.503901, root: 9.035732, mdc: 10.338620) | LR: 1.00e-03
2026-08-05 09:05:19,245 - INFO - Epoch 094 | Train Loss: 60.941920 (rot: 16.045878, pos: 18.365783, root: 6.182057, mdc: 12.313876) | Val Loss: 84.313419 (rot: 17.815205, pos: 36.950255, smooth: 7.311782, root: 9.371109, mdc: 12.865068) | LR: 1.00e-03
2026-08-05 09:06:07,695 - INFO - Epoch 095 | Train Loss: 60.996375 (rot: 16.054287, pos: 18.584097, root: 6.359975, mdc: 12.012004) | Val Loss: 91.514976 (rot: 18.534902, pos: 41.995020, smooth: 9.972563, root: 9.591780, mdc: 11.420712) | LR: 5.00e-04
2026-08-05 09:06:56,123 - INFO - Epoch 096 | Train Loss: 47.338353 (rot: 15.300466, pos: 15.303495, root: 3.259830, mdc: 7.087997) | Val Loss: 70.142724 (rot: 17.171054, pos: 34.755345, smooth: 5.932428, root: 6.630329, mdc: 5.653567) | LR: 5.00e-04
2026-08-05 09:06:56,166 - INFO - New best val loss 70.142724. Saved: model_20260805-074440-best.pth
2026-08-05 09:07:44,774 - INFO - Epoch 097 | Train Loss: 46.003426 (rot: 15.125103, pos: 14.756986, root: 2.977202, mdc: 6.898630) | Val Loss: 70.189968 (rot: 17.183634, pos: 34.718032, smooth: 5.841515, root: 6.582250, mdc: 5.864536) | LR: 5.00e-04
2026-08-05 09:08:33,445 - INFO - Epoch 098 | Train Loss: 45.867404 (rot: 15.027446, pos: 14.581607, root: 2.988322, mdc: 7.007005) | Val Loss: 69.962593 (rot: 17.135925, pos: 34.867022, smooth: 5.845666, root: 6.466897, mdc: 5.647084) | LR: 5.00e-04
2026-08-05 09:08:33,488 - INFO - New best val loss 69.962593. Saved: model_20260805-074440-best.pth
2026-08-05 09:09:21,973 - INFO - Epoch 099 | Train Loss: 46.363268 (rot: 15.003247, pos: 14.440578, root: 3.081148, mdc: 7.592738) | Val Loss: 71.171218 (rot: 17.133513, pos: 34.876830, smooth: 6.078755, root: 6.705465, mdc: 6.376653) | LR: 5.00e-04
2026-08-05 09:10:10,348 - INFO - Epoch 100 | Train Loss: 49.886718 (rot: 15.212432, pos: 15.381073, root: 3.531965, mdc: 8.780630) | Val Loss: 72.846183 (rot: 17.190843, pos: 35.081408, smooth: 6.410876, root: 7.251902, mdc: 6.911155) | LR: 5.00e-04
2026-08-05 09:10:10,388 - INFO - Saved checkpoint: model_20260805-074440-100.pth
2026-08-05 09:10:10,391 - INFO - Pruned old checkpoint: model_20260805-074440-80.pth
2026-08-05 09:10:58,905 - INFO - Epoch 101 | Train Loss: 48.899703 (rot: 15.125139, pos: 15.082302, root: 3.579955, mdc: 8.422189) | Val Loss: 70.951552 (rot: 17.033640, pos: 34.833800, smooth: 5.997196, root: 6.682849, mdc: 6.404067) | LR: 5.00e-04
2026-08-05 09:11:47,442 - INFO - Epoch 102 | Train Loss: 45.599610 (rot: 14.830984, pos: 14.091113, root: 3.249782, mdc: 7.214661) | Val Loss: 70.820637 (rot: 17.082369, pos: 34.611671, smooth: 5.872321, root: 7.301237, mdc: 5.953039) | LR: 5.00e-04
2026-08-05 09:12:35,897 - INFO - Epoch 103 | Train Loss: 46.032881 (rot: 14.887111, pos: 14.274778, root: 3.106017, mdc: 7.508066) | Val Loss: 71.548671 (rot: 17.047982, pos: 34.993592, smooth: 6.015070, root: 6.819851, mdc: 6.672178) | LR: 5.00e-04
2026-08-05 09:13:24,367 - INFO - Epoch 104 | Train Loss: 46.576554 (rot: 14.808101, pos: 14.122276, root: 3.403030, mdc: 8.033814) | Val Loss: 71.016688 (rot: 17.057084, pos: 35.199965, smooth: 5.888459, root: 6.704976, mdc: 6.166204) | LR: 5.00e-04
2026-08-05 09:14:12,801 - INFO - Epoch 105 | Train Loss: 45.225334 (rot: 14.699629, pos: 13.829318, root: 3.166929, mdc: 7.339233) | Val Loss: 71.953594 (rot: 16.845397, pos: 34.451590, smooth: 5.727961, root: 6.875106, mdc: 8.053539) | LR: 5.00e-04
2026-08-05 09:15:01,365 - INFO - Epoch 106 | Train Loss: 45.676869 (rot: 14.684542, pos: 13.820655, root: 3.127402, mdc: 7.708446) | Val Loss: 74.169958 (rot: 17.229334, pos: 35.783597, smooth: 6.908055, root: 7.014373, mdc: 7.234600) | LR: 5.00e-04
2026-08-05 09:15:49,857 - INFO - Epoch 107 | Train Loss: 45.459718 (rot: 14.673050, pos: 13.922182, root: 3.219713, mdc: 7.425640) | Val Loss: 69.449148 (rot: 16.813697, pos: 34.494790, smooth: 5.688564, root: 6.666949, mdc: 5.785148) | LR: 5.00e-04
2026-08-05 09:15:49,898 - INFO - New best val loss 69.449148. Saved: model_20260805-074440-best.pth
2026-08-05 09:16:38,549 - INFO - Epoch 108 | Train Loss: 44.965836 (rot: 14.600105, pos: 13.640505, root: 2.841595, mdc: 7.652368) | Val Loss: 72.125168 (rot: 16.849570, pos: 34.919732, smooth: 6.548308, root: 6.580228, mdc: 7.227331) | LR: 5.00e-04
2026-08-05 09:17:26,998 - INFO - Epoch 109 | Train Loss: 45.466156 (rot: 14.581021, pos: 13.647172, root: 3.133385, mdc: 7.853335) | Val Loss: 70.384559 (rot: 16.840228, pos: 34.782014, smooth: 5.687010, root: 6.937529, mdc: 6.137779) | LR: 5.00e-04
2026-08-05 09:18:15,449 - INFO - Epoch 110 | Train Loss: 44.706612 (rot: 14.516132, pos: 13.421648, root: 2.907226, mdc: 7.631938) | Val Loss: 71.107833 (rot: 16.891367, pos: 34.915809, smooth: 6.030374, root: 6.977799, mdc: 6.292485) | LR: 5.00e-04
2026-08-05 09:18:15,489 - INFO - Saved checkpoint: model_20260805-074440-110.pth
2026-08-05 09:18:15,492 - INFO - Pruned old checkpoint: model_20260805-074440-90.pth
2026-08-05 09:19:03,939 - INFO - Epoch 111 | Train Loss: 45.994906 (rot: 14.613908, pos: 13.895070, root: 3.072242, mdc: 7.975939) | Val Loss: 69.892415 (rot: 16.756936, pos: 34.913271, smooth: 5.852682, root: 6.495502, mdc: 5.874024) | LR: 5.00e-04
2026-08-05 09:19:52,375 - INFO - Epoch 112 | Train Loss: 45.015060 (rot: 14.450189, pos: 13.308177, root: 3.247451, mdc: 7.888151) | Val Loss: 70.628504 (rot: 16.863230, pos: 34.743077, smooth: 5.941236, root: 6.612972, mdc: 6.467988) | LR: 5.00e-04
2026-08-05 09:20:40,937 - INFO - Epoch 113 | Train Loss: 44.603728 (rot: 14.357240, pos: 13.119898, root: 2.818299, mdc: 8.032050) | Val Loss: 70.243686 (rot: 16.713367, pos: 34.495601, smooth: 5.789659, root: 6.607674, mdc: 6.637384) | LR: 5.00e-04
2026-08-05 09:21:29,367 - INFO - Epoch 114 | Train Loss: 47.458400 (rot: 14.551240, pos: 13.970797, root: 3.490179, mdc: 8.661459) | Val Loss: 68.988543 (rot: 16.607841, pos: 34.363065, smooth: 5.751205, root: 6.533557, mdc: 5.732875) | LR: 5.00e-04
2026-08-05 09:21:29,411 - INFO - New best val loss 68.988543. Saved: model_20260805-074440-best.pth
2026-08-05 09:22:17,814 - INFO - Epoch 115 | Train Loss: 41.896031 (rot: 14.171543, pos: 12.505898, root: 2.607225, mdc: 6.759163) | Val Loss: 70.190466 (rot: 16.680992, pos: 34.652366, smooth: 5.904750, root: 6.539551, mdc: 6.412807) | LR: 5.00e-04
2026-08-05 09:23:06,134 - INFO - Epoch 116 | Train Loss: 45.119851 (rot: 14.357149, pos: 13.216008, root: 2.939447, mdc: 8.351221) | Val Loss: 69.693796 (rot: 16.673533, pos: 34.480571, smooth: 5.740256, root: 6.583597, mdc: 6.215839) | LR: 5.00e-04
2026-08-05 09:23:54,690 - INFO - Epoch 117 | Train Loss: 44.481680 (rot: 14.186194, pos: 12.885317, root: 3.138314, mdc: 7.925967) | Val Loss: 69.508529 (rot: 16.562779, pos: 34.569071, smooth: 5.762305, root: 6.638449, mdc: 5.975923) | LR: 5.00e-04
2026-08-05 09:24:43,155 - INFO - Epoch 118 | Train Loss: 40.924188 (rot: 13.957764, pos: 12.172681, root: 2.330040, mdc: 6.678026) | Val Loss: 69.432890 (rot: 16.523574, pos: 34.477938, smooth: 5.608618, root: 6.752867, mdc: 6.069895) | LR: 2.50e-04
2026-08-05 09:25:31,769 - INFO - Epoch 119 | Train Loss: 38.529181 (rot: 13.754184, pos: 11.507653, root: 1.984879, mdc: 5.786873) | Val Loss: 66.966915 (rot: 16.368286, pos: 34.045921, smooth: 5.357609, root: 6.227906, mdc: 4.967194) | LR: 2.50e-04
2026-08-05 09:25:31,810 - INFO - New best val loss 66.966915. Saved: model_20260805-074440-best.pth
2026-08-05 09:26:20,421 - INFO - Epoch 120 | Train Loss: 38.320050 (rot: 13.706681, pos: 11.435432, root: 1.940614, mdc: 5.752953) | Val Loss: 67.089476 (rot: 16.361487, pos: 34.033127, smooth: 5.306902, root: 6.299158, mdc: 5.088802) | LR: 2.50e-04
2026-08-05 09:26:20,461 - INFO - Saved checkpoint: model_20260805-074440-120.pth
2026-08-05 09:26:20,464 - INFO - Pruned old checkpoint: model_20260805-074440-100.pth
2026-08-05 09:27:09,137 - INFO - Epoch 121 | Train Loss: 38.244559 (rot: 13.684606, pos: 11.379432, root: 1.931458, mdc: 5.776930) | Val Loss: 67.100475 (rot: 16.339294, pos: 34.084785, smooth: 5.418298, root: 6.142020, mdc: 5.116079) | LR: 2.50e-04
2026-08-05 09:27:57,734 - INFO - Epoch 122 | Train Loss: 38.242747 (rot: 13.630707, pos: 11.316709, root: 1.940353, mdc: 5.892058) | Val Loss: 66.816549 (rot: 16.286178, pos: 33.929882, smooth: 5.299273, root: 6.196592, mdc: 5.104626) | LR: 2.50e-04
2026-08-05 09:27:57,776 - INFO - New best val loss 66.816549. Saved: model_20260805-074440-best.pth
2026-08-05 09:28:46,427 - INFO - Epoch 123 | Train Loss: 39.328334 (rot: 13.679685, pos: 11.566534, root: 2.109211, mdc: 6.299316) | Val Loss: 67.336965 (rot: 16.263882, pos: 33.896704, smooth: 5.325319, root: 6.429368, mdc: 5.421693) | LR: 2.50e-04
2026-08-05 09:29:35,003 - INFO - Epoch 124 | Train Loss: 39.089438 (rot: 13.624438, pos: 11.441896, root: 2.095657, mdc: 6.311233) | Val Loss: 67.377375 (rot: 16.281626, pos: 34.259612, smooth: 5.380612, root: 6.292461, mdc: 5.163063) | LR: 2.50e-04
2026-08-05 09:30:23,605 - INFO - Epoch 125 | Train Loss: 38.161935 (rot: 13.566084, pos: 11.211245, root: 1.930013, mdc: 5.917466) | Val Loss: 66.944284 (rot: 16.269294, pos: 34.151551, smooth: 5.312392, root: 6.156001, mdc: 5.055046) | LR: 2.50e-04
2026-08-05 09:31:12,299 - INFO - Epoch 126 | Train Loss: 38.733921 (rot: 13.586178, pos: 11.433136, root: 1.954638, mdc: 6.120585) | Val Loss: 68.642363 (rot: 16.377090, pos: 34.589010, smooth: 5.831165, root: 6.364151, mdc: 5.480945) | LR: 2.50e-04
2026-08-05 09:32:00,672 - INFO - Epoch 127 | Train Loss: 39.307214 (rot: 13.646461, pos: 11.585651, root: 2.100452, mdc: 6.357384) | Val Loss: 66.590559 (rot: 16.211760, pos: 34.007655, smooth: 5.300066, root: 6.122445, mdc: 4.948633) | LR: 2.50e-04
2026-08-05 09:32:00,714 - INFO - New best val loss 66.590559. Saved: model_20260805-074440-best.pth
2026-08-05 09:32:49,260 - INFO - Epoch 128 | Train Loss: 38.015897 (rot: 13.452577, pos: 11.057654, root: 2.001474, mdc: 6.038942) | Val Loss: 67.928081 (rot: 16.272901, pos: 34.180335, smooth: 5.363908, root: 6.376751, mdc: 5.734185) | LR: 2.50e-04
2026-08-05 09:33:37,608 - INFO - Epoch 129 | Train Loss: 38.088844 (rot: 13.443794, pos: 11.066093, root: 1.991676, mdc: 6.094007) | Val Loss: 69.655372 (rot: 16.369195, pos: 34.849218, smooth: 5.655057, root: 6.784976, mdc: 5.996927) | LR: 2.50e-04
2026-08-05 09:34:26,239 - INFO - Epoch 130 | Train Loss: 37.764010 (rot: 13.443715, pos: 11.072253, root: 1.907375, mdc: 5.886037) | Val Loss: 68.951363 (rot: 16.430229, pos: 34.980896, smooth: 5.604260, root: 6.542075, mdc: 5.393904) | LR: 1.25e-04
2026-08-05 09:34:26,278 - INFO - Saved checkpoint: model_20260805-074440-130.pth
2026-08-05 09:34:26,281 - INFO - Pruned old checkpoint: model_20260805-074440-110.pth
2026-08-05 09:35:14,733 - INFO - Epoch 131 | Train Loss: 36.401035 (rot: 13.312972, pos: 10.642205, root: 1.710570, mdc: 5.455840) | Val Loss: 66.121058 (rot: 16.102301, pos: 33.901508, smooth: 5.202754, root: 6.048597, mdc: 4.865898) | LR: 1.25e-04
2026-08-05 09:35:14,775 - INFO - New best val loss 66.121058. Saved: model_20260805-074440-best.pth
2026-08-05 09:36:03,454 - INFO - Epoch 132 | Train Loss: 36.065129 (rot: 13.255121, pos: 10.508150, root: 1.666668, mdc: 5.414812) | Val Loss: 66.156847 (rot: 16.080860, pos: 33.949934, smooth: 5.191438, root: 6.043773, mdc: 4.890843) | LR: 1.25e-04
2026-08-05 09:36:52,048 - INFO - Epoch 133 | Train Loss: 36.106254 (rot: 13.234505, pos: 10.480249, root: 1.669252, mdc: 5.467667) | Val Loss: 66.007665 (rot: 16.084911, pos: 33.900813, smooth: 5.216881, root: 5.982398, mdc: 4.822662) | LR: 1.25e-04
2026-08-05 09:36:52,091 - INFO - New best val loss 66.007665. Saved: model_20260805-074440-best.pth
2026-08-05 09:37:40,568 - INFO - Epoch 134 | Train Loss: 36.156534 (rot: 13.211691, pos: 10.504786, root: 1.661753, mdc: 5.495800) | Val Loss: 65.964907 (rot: 16.068740, pos: 33.900004, smooth: 5.194399, root: 5.956240, mdc: 4.845525) | LR: 1.25e-04
2026-08-05 09:37:40,611 - INFO - New best val loss 65.964907. Saved: model_20260805-074440-best.pth
2026-08-05 09:38:29,023 - INFO - Epoch 135 | Train Loss: 35.903520 (rot: 13.184076, pos: 10.432167, root: 1.646416, mdc: 5.391524) | Val Loss: 66.105600 (rot: 16.065129, pos: 33.958264, smooth: 5.224305, root: 6.023996, mdc: 4.833906) | LR: 1.25e-04
2026-08-05 09:39:17,568 - INFO - Epoch 136 | Train Loss: 36.432925 (rot: 13.190141, pos: 10.475051, root: 1.702622, mdc: 5.784157) | Val Loss: 66.148049 (rot: 16.097438, pos: 33.952274, smooth: 5.190320, root: 6.030161, mdc: 4.877855) | LR: 1.25e-04
2026-08-05 09:40:06,174 - INFO - Epoch 137 | Train Loss: 35.880012 (rot: 13.160331, pos: 10.387541, root: 1.634798, mdc: 5.445783) | Val Loss: 66.064827 (rot: 16.066091, pos: 34.002459, smooth: 5.170336, root: 6.047336, mdc: 4.778604) | LR: 1.25e-04
2026-08-05 09:40:54,719 - INFO - Epoch 138 | Train Loss: 35.715811 (rot: 13.130597, pos: 10.319972, root: 1.634681, mdc: 5.427049) | Val Loss: 65.973038 (rot: 16.043158, pos: 33.984859, smooth: 5.154964, root: 5.929432, mdc: 4.860624) | LR: 1.25e-04
2026-08-05 09:41:43,194 - INFO - Epoch 139 | Train Loss: 35.661671 (rot: 13.122601, pos: 10.265515, root: 1.640823, mdc: 5.441136) | Val Loss: 66.540646 (rot: 16.086137, pos: 34.070657, smooth: 5.221049, root: 6.126439, mdc: 5.036364) | LR: 1.25e-04
2026-08-05 09:42:31,534 - INFO - Epoch 140 | Train Loss: 35.917496 (rot: 13.126425, pos: 10.334670, root: 1.668665, mdc: 5.555582) | Val Loss: 66.136481 (rot: 16.018668, pos: 33.968792, smooth: 5.156799, root: 5.991536, mdc: 5.000688) | LR: 1.25e-04
2026-08-05 09:42:31,572 - INFO - Saved checkpoint: model_20260805-074440-140.pth
2026-08-05 09:42:31,575 - INFO - Pruned old checkpoint: model_20260805-074440-120.pth
2026-08-05 09:43:20,071 - INFO - Epoch 141 | Train Loss: 35.638438 (rot: 13.084782, pos: 10.263616, root: 1.614202, mdc: 5.452148) | Val Loss: 66.335655 (rot: 16.049442, pos: 34.058259, smooth: 5.246621, root: 5.983191, mdc: 4.998143) | LR: 1.25e-04
2026-08-05 09:44:08,603 - INFO - Epoch 142 | Train Loss: 35.600268 (rot: 13.066685, pos: 10.209034, root: 1.622521, mdc: 5.531658) | Val Loss: 66.106865 (rot: 16.007572, pos: 33.980230, smooth: 5.204404, root: 6.022660, mdc: 4.891999) | LR: 6.25e-05
2026-08-05 09:44:57,069 - INFO - Epoch 143 | Train Loss: 35.060287 (rot: 13.014590, pos: 10.066539, root: 1.543749, mdc: 5.299286) | Val Loss: 65.632627 (rot: 15.979522, pos: 33.880331, smooth: 5.070168, root: 5.948513, mdc: 4.754093) | LR: 6.25e-05
2026-08-05 09:44:57,112 - INFO - New best val loss 65.632627. Saved: model_20260805-074440-best.pth
2026-08-05 09:45:45,535 - INFO - Epoch 144 | Train Loss: 35.133889 (rot: 13.007832, pos: 10.103596, root: 1.534337, mdc: 5.317558) | Val Loss: 65.609214 (rot: 15.989540, pos: 33.875355, smooth: 5.068367, root: 5.934945, mdc: 4.741007) | LR: 6.25e-05
2026-08-05 09:45:45,577 - INFO - New best val loss 65.609214. Saved: model_20260805-074440-best.pth
2026-08-05 09:46:34,046 - INFO - Epoch 145 | Train Loss: 35.024688 (rot: 12.988478, pos: 10.051118, root: 1.528899, mdc: 5.297916) | Val Loss: 65.563186 (rot: 15.971904, pos: 33.866509, smooth: 5.068548, root: 5.938178, mdc: 4.718048) | LR: 6.25e-05
2026-08-05 09:46:34,090 - INFO - New best val loss 65.563186. Saved: model_20260805-074440-best.pth
2026-08-05 09:47:22,753 - INFO - Epoch 146 | Train Loss: 34.928880 (rot: 12.970823, pos: 10.008626, root: 1.525099, mdc: 5.300341) | Val Loss: 65.639767 (rot: 15.970146, pos: 33.882946, smooth: 5.065683, root: 5.940169, mdc: 4.780822) | LR: 6.25e-05
2026-08-05 09:48:11,308 - INFO - Epoch 147 | Train Loss: 34.940579 (rot: 12.971755, pos: 10.037188, root: 1.520974, mdc: 5.251989) | Val Loss: 65.665322 (rot: 15.985105, pos: 33.903162, smooth: 5.073997, root: 6.005255, mdc: 4.697803) | LR: 6.25e-05
2026-08-05 09:48:59,972 - INFO - Epoch 148 | Train Loss: 34.774067 (rot: 12.952412, pos: 9.939534, root: 1.513617, mdc: 5.262338) | Val Loss: 65.489962 (rot: 15.947651, pos: 33.852426, smooth: 5.078427, root: 5.916094, mdc: 4.695363) | LR: 6.25e-05
2026-08-05 09:49:00,016 - INFO - New best val loss 65.489962. Saved: model_20260805-074440-best.pth
2026-08-05 09:49:48,647 - INFO - Epoch 149 | Train Loss: 34.839827 (rot: 12.928319, pos: 9.981022, root: 1.509207, mdc: 5.273446) | Val Loss: 65.684246 (rot: 15.942059, pos: 33.878828, smooth: 5.110626, root: 5.967024, mdc: 4.785709) | LR: 6.25e-05
2026-08-05 09:50:37,406 - INFO - Epoch 150 | Train Loss: 34.814673 (rot: 12.939579, pos: 9.967622, root: 1.512849, mdc: 5.280179) | Val Loss: 65.627072 (rot: 15.926135, pos: 33.856139, smooth: 5.084614, root: 6.030707, mdc: 4.729477) | LR: 6.25e-05
2026-08-05 09:50:37,446 - INFO - Saved checkpoint: model_20260805-074440-150.pth
2026-08-05 09:50:37,449 - INFO - Pruned old checkpoint: model_20260805-074440-130.pth
2026-08-05 09:51:25,926 - INFO - Epoch 151 | Train Loss: 34.712041 (rot: 12.917218, pos: 9.921154, root: 1.498495, mdc: 5.279517) | Val Loss: 65.566392 (rot: 15.951633, pos: 33.906901, smooth: 5.031246, root: 5.962393, mdc: 4.714218) | LR: 6.25e-05
2026-08-05 09:52:14,536 - INFO - Epoch 152 | Train Loss: 34.672617 (rot: 12.905055, pos: 9.898981, root: 1.496337, mdc: 5.275719) | Val Loss: 65.555998 (rot: 15.941795, pos: 33.927576, smooth: 5.044694, root: 5.973440, mdc: 4.668492) | LR: 6.25e-05
2026-08-05 09:53:03,148 - INFO - Epoch 153 | Train Loss: 34.664449 (rot: 12.887411, pos: 9.890896, root: 1.489928, mdc: 5.266071) | Val Loss: 65.659267 (rot: 15.912518, pos: 33.949361, smooth: 5.092065, root: 5.936415, mdc: 4.768909) | LR: 6.25e-05
2026-08-05 09:53:51,784 - INFO - Epoch 154 | Train Loss: 34.656991 (rot: 12.892603, pos: 9.896127, root: 1.491004, mdc: 5.269079) | Val Loss: 65.711130 (rot: 15.944617, pos: 33.967606, smooth: 5.084119, root: 5.951111, mdc: 4.763678) | LR: 6.25e-05
2026-08-05 09:54:40,478 - INFO - Epoch 155 | Train Loss: 34.535169 (rot: 12.873063, pos: 9.838316, root: 1.485784, mdc: 5.254148) | Val Loss: 65.410648 (rot: 15.915151, pos: 33.871624, smooth: 5.040041, root: 5.910563, mdc: 4.673269) | LR: 3.13e-05
2026-08-05 09:54:40,518 - INFO - New best val loss 65.410648. Saved: model_20260805-074440-best.pth
2026-08-05 09:55:29,061 - INFO - Epoch 156 | Train Loss: 34.264659 (rot: 12.845695, pos: 9.755736, root: 1.455952, mdc: 5.167183) | Val Loss: 65.397280 (rot: 15.901295, pos: 33.893806, smooth: 5.039733, root: 5.904840, mdc: 4.657605) | LR: 3.13e-05
2026-08-05 09:55:29,104 - INFO - New best val loss 65.397280. Saved: model_20260805-074440-best.pth
2026-08-05 09:56:17,774 - INFO - Epoch 157 | Train Loss: 34.442552 (rot: 12.842477, pos: 9.812258, root: 1.455159, mdc: 5.200286) | Val Loss: 65.437053 (rot: 15.904974, pos: 33.891621, smooth: 5.040586, root: 5.921852, mdc: 4.678020) | LR: 3.13e-05
2026-08-05 09:57:06,263 - INFO - Epoch 158 | Train Loss: 34.293251 (rot: 12.831538, pos: 9.774774, root: 1.449039, mdc: 5.174068) | Val Loss: 65.444130 (rot: 15.900186, pos: 33.898678, smooth: 5.053920, root: 5.914526, mdc: 4.676820) | LR: 3.13e-05
2026-08-05 09:57:54,701 - INFO - Epoch 159 | Train Loss: 34.120739 (rot: 12.817102, pos: 9.698833, root: 1.446390, mdc: 5.136451) | Val Loss: 65.420705 (rot: 15.902918, pos: 33.891162, smooth: 5.051514, root: 5.895456, mdc: 4.679654) | LR: 3.13e-05
2026-08-05 09:58:43,436 - INFO - Epoch 160 | Train Loss: 34.182675 (rot: 12.810032, pos: 9.707129, root: 1.446425, mdc: 5.184734) | Val Loss: 65.386949 (rot: 15.882213, pos: 33.884904, smooth: 5.030350, root: 5.916669, mdc: 4.672814) | LR: 3.13e-05
2026-08-05 09:58:43,476 - INFO - Saved checkpoint: model_20260805-074440-160.pth
2026-08-05 09:58:43,480 - INFO - Pruned old checkpoint: model_20260805-074440-140.pth
2026-08-05 09:58:43,520 - INFO - New best val loss 65.386949. Saved: model_20260805-074440-best.pth
2026-08-05 09:59:32,115 - INFO - Epoch 161 | Train Loss: 34.187758 (rot: 12.815194, pos: 9.730141, root: 1.440448, mdc: 5.162544) | Val Loss: 65.443930 (rot: 15.892151, pos: 33.944670, smooth: 5.038649, root: 5.924309, mdc: 4.644152) | LR: 3.13e-05
2026-08-05 10:00:20,592 - INFO - Epoch 162 | Train Loss: 34.103250 (rot: 12.821975, pos: 9.686670, root: 1.439744, mdc: 5.143807) | Val Loss: 65.449222 (rot: 15.897109, pos: 33.873438, smooth: 5.048167, root: 5.930629, mdc: 4.699879) | LR: 3.13e-05
2026-08-05 10:01:09,063 - INFO - Epoch 163 | Train Loss: 33.965716 (rot: 12.798585, pos: 9.643830, root: 1.433425, mdc: 5.105988) | Val Loss: 65.450459 (rot: 15.904112, pos: 33.915594, smooth: 5.039018, root: 5.921927, mdc: 4.669808) | LR: 3.13e-05
2026-08-05 10:01:57,608 - INFO - Epoch 164 | Train Loss: 34.068703 (rot: 12.790843, pos: 9.668106, root: 1.434528, mdc: 5.153558) | Val Loss: 65.397477 (rot: 15.889692, pos: 33.883070, smooth: 5.030620, root: 5.911905, mdc: 4.682190) | LR: 3.13e-05
2026-08-05 10:01:57,609 - INFO - Early stopping triggered at epoch 164. Best Val Loss: 65.386949
2026-08-05 10:01:57,649 - INFO - Training completed. Saved final model: model_20260805-074440-final.pth

S5_walking2_BlenderZXY_YmZ.bvh (29/29)
  loaded precomputed global rotation features
Dataset ready: 183515 samples, 5 unique skeletons
