Loading dataset...
Female1_A01_Stand.bvh (1/21)
  loaded precomputed local rotation features
Female1_A03_SwingT2.bvh (2/21)
  loaded precomputed local rotation features
Female1_B04_StandToWalkBack.bvh (3/21)
  loaded precomputed local rotation features
Female1_B07_WalkBackwardsTurnForwards.bvh (4/21)
  loaded precomputed local rotation features
Female1_B22_SideStepLeft.bvh (5/21)
  loaded precomputed local rotation features
Female1_D2_Wait.bvh (6/21)
  loaded precomputed local rotation features
Male2_B13_WalkTurnRight135.bvh (7/21)
  loaded precomputed local rotation features
Male2_B14_WalkTurnRight45.bvh (8/21)
  loaded precomputed local rotation features
Male2_B3_Walk.bvh (9/21)
  loaded precomputed local rotation features
Male2_C10_RunBackwardsStopRunForward.bvh (10/21)
  loaded precomputed local rotation features
Male2_C14_RunTurnRight90.bvh (11/21)
  loaded precomputed local rotation features
Male2_C6_StandToRunBackwards.bvh (12/21)
  loaded precomputed local rotation features
Male2_D1_StandToReady.bvh (13/21)
  loaded precomputed local rotation features
Male2_D3_RunToReady.bvh (14/21)
  loaded precomputed local rotation features
Male2_D8_BowToReady.bvh (15/21)
  loaded precomputed local rotation features
Male2_E13_BlockRightHigh.bvh (16/21)
  loaded precomputed local rotation features
Male2_E13_BodyCrossLeft.bvh (17/21)
  loaded precomputed local rotation features
Male2_E1_TurnAroundRight.bvh (18/21)
  loaded precomputed local rotation features
Male2_E2_JabRight.bvh (19/21)
  loaded precomputed local rotation features
Male2_G20_ReverseSpinCrescentRight.bvh (20/21)
  loaded precomputed local rotation features
Male2_G6_AxeKick.bvh (21/21)
  loaded precomputed local rotation features
aiming2_subject5.bvh (1/12)
  loaded precomputed local rotation features
dance2_subject5.bvh (2/12)
  loaded precomputed local rotation features
fight1_subject3.bvh (3/12)
  loaded precomputed local rotation features
fightAndSports1_subject4.bvh (4/12)
  loaded precomputed local rotation features
ground1_subject5.bvh (5/12)
  loaded precomputed local rotation features
jumps1_subject2.bvh (6/12)
  loaded precomputed local rotation features
multipleActions1_subject3.bvh (7/12)
  loaded precomputed local rotation features
obstacles5_subject2.bvh (8/12)
  loaded precomputed local rotation features
pushAndStumble1_subject5.bvh (9/12)
  loaded precomputed local rotation features
run2_subject4.bvh (10/12)
  loaded precomputed local rotation features
walk1_subject2.bvh (11/12)
  loaded precomputed local rotation features
walk3_subject3.bvh (12/12)
  loaded precomputed local rotation features
LocomotionFlat07_000.bvh (1/2)
  loaded precomputed local rotation features
LocomotionFlat11_000.bvh (2/2)
  loaded precomputed local rotation features
  3 bad transition(s) detected, affected windows will be skipped
  Skipped 13 window(s) containing jumps
0005_Jogging001.bvh (1/4)
  loaded precomputed local rotation features
  2 bad transition(s) detected, affected windows will be skipped
  Skipped 9 window(s) containing jumps
0008_Walking002.bvh (2/4)
  loaded precomputed local rotation features
0015_HopOverObstacle001.bvh (3/4)
  loaded precomputed local rotation features
0018_XinJiang002.bvh (4/4)
  loaded precomputed local rotation features
S1_acting1_BlenderZXY_YmZ.bvh (1/5)
  loaded precomputed local rotation features
S2_walking2_BlenderZXY_YmZ.bvh (2/5)
  loaded precomputed local rotation features
S3_rom3_BlenderZXY_YmZ.bvh (3/5)
  loaded precomputed local rotation features
S3_walking3_BlenderZXY_YmZ.bvh (4/5)
  loaded precomputed local rotation features
S4_freestyle1_BlenderZXY_YmZ.bvh (5/5)
  loaded precomputed local rotation features
  1 bad transition(s) detected, affected windows will be skipped
  Skipped 7 window(s) containing jumps
Dataset ready: 2250 samples, 5 unique skeletons
Checkpoint: ./checkpoints/model_20260806-150350-best.pth
Test samples: 2250
Context: 50, Gen frames: 15
  Processed 500/2250 samples...
  Processed 1000/2250 samples...
  Processed 1500/2250 samples...
  Processed 2000/2250 samples...
  Processed 2250/2250 samples...

Skipped 0 samples (not enough frames).
Evaluated 2250 samples.
Facing normalization: True
Rotations: local   Skeleton geometry: True

============================================================
  Case: with_root   Dataset: ACAAD   (n=296)
============================================================
  L2P (mean joint pos error):    33.753171
  L2Q (mean joint quat error):   0.294315
  NPSS:                          0.022340
  Joint Rotation MAE (deg):      34.360907
  Joint Rotation RMSE (deg):     41.348910
  Joint Position MAE:            16.775653
  Joint Position RMSE:           23.604645
  Root Position MAE:             5.738992
  Root Position RMSE:            7.499912
  MDC (pred):                    5.765316
  MDC (gt):                      0.120711
  MDC (pred-gt %):               4885.1966%
  MDCSS (pred):                  20.253780
  MDCSS (gt):                    0.435991
  MDCSS (pred-gt %):             5652.1800%

============================================================
  Case: with_root   Dataset: lafan1_reduced   (n=228)
============================================================
  L2P (mean joint pos error):    9.679080
  L2Q (mean joint quat error):   0.312837
  NPSS:                          0.025230
  Joint Rotation MAE (deg):      36.953743
  Joint Rotation RMSE (deg):     55.478437
  Joint Position MAE:            4.738374
  Joint Position RMSE:           7.103054
  Root Position MAE:             3.278758
  Root Position RMSE:            4.581029
  MDC (pred):                    0.284296
  MDC (gt):                      0.091962
  MDC (pred-gt %):               500.5394%
  MDCSS (pred):                  1.137172
  MDCSS (gt):                    0.572653
  MDCSS (pred-gt %):             249.0477%

============================================================
  Case: with_root   Dataset: pfnn   (n=723)
============================================================
  L2P (mean joint pos error):    35.453505
  L2Q (mean joint quat error):   0.354018
  NPSS:                          0.021716
  Joint Rotation MAE (deg):      41.186569
  Joint Rotation RMSE (deg):     49.011057
  Joint Position MAE:            17.607841
  Joint Position RMSE:           24.658560
  Root Position MAE:             6.704746
  Root Position RMSE:            9.433455
  MDC (pred):                    3.443075
  MDC (gt):                      0.091641
  MDC (pred-gt %):               5953.7615%
  MDCSS (pred):                  14.259334
  MDCSS (gt):                    0.558422
  MDCSS (pred-gt %):             4233.5354%

============================================================
  Case: with_root   Dataset: SFU   (n=142)
============================================================
  L2P (mean joint pos error):    30.301638
  L2Q (mean joint quat error):   0.258082
  NPSS:                          0.026086
  Joint Rotation MAE (deg):      29.785835
  Joint Rotation RMSE (deg):     34.945119
  Joint Position MAE:            14.927220
  Joint Position RMSE:           21.249939
  Root Position MAE:             5.552528
  Root Position RMSE:            7.837296
  MDC (pred):                    2.602142
  MDC (gt):                      0.068450
  MDC (pred-gt %):               4750.5315%
  MDCSS (pred):                  13.586498
  MDCSS (gt):                    0.386480
  MDCSS (pred-gt %):             4214.8227%

============================================================
  Case: with_root   Dataset: TotalCapture   (n=861)
============================================================
  L2P (mean joint pos error):    51.029901
  L2Q (mean joint quat error):   0.241737
  NPSS:                          0.029586
  Joint Rotation MAE (deg):      27.963414
  Joint Rotation RMSE (deg):     35.538915
  Joint Position MAE:            26.124543
  Joint Position RMSE:           34.996294
  Root Position MAE:             4.865135
  Root Position RMSE:            6.712642
  MDC (pred):                    3.280593
  MDC (gt):                      0.068950
  MDC (pred-gt %):               13736.8231%
  MDCSS (pred):                  14.492802
  MDCSS (gt):                    0.400258
  MDCSS (pred-gt %):             15592.9644%

============================================================
  Case: with_root   Dataset: ALL   (n=2250)
============================================================
  L2P (mean joint pos error):    38.253436
  L2Q (mean joint quat error):   0.292970
  NPSS:                          0.025442
  Joint Rotation MAE (deg):      34.080115
  Joint Rotation RMSE (deg):     42.615363
  Joint Position MAE:            19.284137
  Joint Position RMSE:           26.481738
  Root Position MAE:             5.453854
  Root Position RMSE:            7.545474
  MDC (pred):                    3.313240
  MDC (gt):                      0.085351
  MDC (pred-gt %):               8162.9738%
  MDCSS (pred):                  13.765101
  MDCSS (gt):                    0.472382
  MDCSS (pred-gt %):             8362.0984%

============================================================
  Case: no_root   Dataset: ACAAD   (n=296)
============================================================
  L2P (mean joint pos error):    33.233306
  L2Q (mean joint quat error):   0.294315
  NPSS:                          0.022340
  Joint Rotation MAE (deg):      34.360907
  Joint Rotation RMSE (deg):     41.348910
  Joint Position MAE:            16.514790
  Joint Position RMSE:           23.541251
  Root Position MAE:             0.000000
  Root Position RMSE:            0.000000
  MDC (pred):                    5.765305
  MDC (gt):                      0.120698
  MDC (pred-gt %):               4885.6310%
  MDCSS (pred):                  20.253810
  MDCSS (gt):                    0.436027
  MDCSS (pred-gt %):             5651.2094%

============================================================
  Case: no_root   Dataset: lafan1_reduced   (n=228)
============================================================
  L2P (mean joint pos error):    9.373848
  L2Q (mean joint quat error):   0.312837
  NPSS:                          0.025230
  Joint Rotation MAE (deg):      36.953743
  Joint Rotation RMSE (deg):     55.478437
  Joint Position MAE:            4.589339
  Joint Position RMSE:           7.028996
  Root Position MAE:             0.000000
  Root Position RMSE:            0.000000
  MDC (pred):                    0.284256
  MDC (gt):                      0.091919
  MDC (pred-gt %):               500.6076%
  MDCSS (pred):                  1.137139
  MDCSS (gt):                    0.572555
  MDCSS (pred-gt %):             249.0613%

============================================================
  Case: no_root   Dataset: pfnn   (n=723)
============================================================
  L2P (mean joint pos error):    34.899179
  L2Q (mean joint quat error):   0.354018
  NPSS:                          0.021716
  Joint Rotation MAE (deg):      41.186569
  Joint Rotation RMSE (deg):     49.011057
  Joint Position MAE:            17.339651
  Joint Position RMSE:           24.573013
  Root Position MAE:             0.000000
  Root Position RMSE:            0.000000
  MDC (pred):                    3.443075
  MDC (gt):                      0.091641
  MDC (pred-gt %):               5953.7615%
  MDCSS (pred):                  14.259334
  MDCSS (gt):                    0.558422
  MDCSS (pred-gt %):             4233.5354%

============================================================
  Case: no_root   Dataset: SFU   (n=142)
============================================================
  L2P (mean joint pos error):    29.753175
  L2Q (mean joint quat error):   0.258082
  NPSS:                          0.026086
  Joint Rotation MAE (deg):      29.785835
  Joint Rotation RMSE (deg):     34.945119
  Joint Position MAE:            14.662814
  Joint Position RMSE:           21.164476
  Root Position MAE:             0.000000
  Root Position RMSE:            0.000000
  MDC (pred):                    2.602142
  MDC (gt):                      0.068449
  MDC (pred-gt %):               4750.5509%
  MDCSS (pred):                  13.586498
  MDCSS (gt):                    0.386481
  MDCSS (pred-gt %):             4214.8176%

============================================================
  Case: no_root   Dataset: TotalCapture   (n=861)
============================================================
  L2P (mean joint pos error):    50.591531
  L2Q (mean joint quat error):   0.241737
  NPSS:                          0.029586
  Joint Rotation MAE (deg):      27.963414
  Joint Rotation RMSE (deg):     35.538915
  Joint Position MAE:            25.913015
  Joint Position RMSE:           34.958465
  Root Position MAE:             0.000000
  Root Position RMSE:            0.000000
  MDC (pred):                    3.280584
  MDC (gt):                      0.068940
  MDC (pred-gt %):               13747.5782%
  MDCSS (pred):                  14.492786
  MDCSS (gt):                    0.400242
  MDCSS (pred-gt %):             15604.4455%

============================================================
  Case: no_root   Dataset: ALL   (n=2250)
============================================================
  L2P (mean joint pos error):    37.773627
  L2Q (mean joint quat error):   0.292970
  NPSS:                          0.025442
  Joint Rotation MAE (deg):      34.080115
  Joint Rotation RMSE (deg):     42.615363
  Joint Position MAE:            19.050907
  Joint Position RMSE:           26.418535
  Root Position MAE:             0.000000
  Root Position RMSE:            0.000000
  MDC (pred):                    3.313231
  MDC (gt):                      0.085341
  MDC (pred-gt %):               8167.1547%
  MDCSS (pred):                  13.765096
  MDCSS (gt):                    0.472371
  MDCSS (pred-gt %):             8366.3652%

