2026-08-02 23:41:53,078 - INFO - Using config: abl_rot_local_lafan.json
2026-08-02 23:41:53,078 - INFO - RUN_ID=20260802-234145
2026-08-02 23:41:53,079 - INFO - Train size: 45800, Validation size: 11412, Dropped at split boundaries: 7772, Unique skeletons: 1
2026-08-02 23:41:53,079 - INFO - Hyperparameters | step_size=1, context_length=50, gen_frames=15, hid_lyrs=[256, 256, 128, 128, 96, 96], head_num=8, dropout=0.05, facing_normalization=True, skeleton_geometry=True, global_rotations=False, fk_loss=True, mdc_loss=False, mdc_weight=1.0, seed=0, split_seed=0, rot_weight=50.0, pos_weight=1.0, smooth_weight=1.0, transition_weight=1.0, root_pos_weight=0.3, grad_clip_norm=3000.0, early_stopping_patience=20, early_stopping_min_delta=0.5, epochs=1000, batch_size=512, lr=0.001, val_ratio=0.2, params=13326907
2026-08-02 23:42:35,931 - INFO - Epoch 001 | Train Loss: 3096.650945 (rot: 114.390122, pos: 859.507367, root: 1094.506559) | Val Loss: 1207.100719 (rot: 111.339823, pos: 481.413229, smooth: 501.703711, root: 112.643965) | LR: 1.00e-03
2026-08-02 23:42:35,970 - INFO - New best val loss 1207.100719. Saved: model_20260802-234145-best.pth
2026-08-02 23:42:52,751 - INFO - Epoch 002 | Train Loss: 783.064160 (rot: 101.090723, pos: 311.497252, root: 71.886759) | Val Loss: 587.060259 (rot: 90.920755, pos: 237.673316, smooth: 201.087815, root: 57.378376) | LR: 1.00e-03
2026-08-02 23:42:52,792 - INFO - New best val loss 587.060259. Saved: model_20260802-234145-best.pth
2026-08-02 23:43:09,646 - INFO - Epoch 003 | Train Loss: 469.008251 (rot: 81.202307, pos: 188.516722, root: 49.126392) | Val Loss: 378.708020 (rot: 74.832392, pos: 154.599138, smooth: 107.661780, root: 41.614705) | LR: 1.00e-03
2026-08-02 23:43:09,688 - INFO - New best val loss 378.708020. Saved: model_20260802-234145-best.pth
2026-08-02 23:43:26,598 - INFO - Epoch 004 | Train Loss: 342.963344 (rot: 74.733624, pos: 141.561054, root: 38.760019) | Val Loss: 282.034584 (rot: 70.674219, pos: 116.504381, smooth: 61.122496, root: 33.733488) | LR: 1.00e-03
2026-08-02 23:43:26,640 - INFO - New best val loss 282.034584. Saved: model_20260802-234145-best.pth
2026-08-02 23:43:43,486 - INFO - Epoch 005 | Train Loss: 279.481210 (rot: 71.105208, pos: 114.456399, root: 33.027002) | Val Loss: 243.075530 (rot: 65.434328, pos: 99.121110, smooth: 47.848669, root: 30.671427) | LR: 1.00e-03
2026-08-02 23:43:43,528 - INFO - New best val loss 243.075530. Saved: model_20260802-234145-best.pth
2026-08-02 23:44:00,357 - INFO - Epoch 006 | Train Loss: 241.515664 (rot: 65.969043, pos: 98.325008, root: 29.368367) | Val Loss: 218.674400 (rot: 60.552994, pos: 88.323350, smooth: 43.289461, root: 26.508593) | LR: 1.00e-03
2026-08-02 23:44:00,398 - INFO - New best val loss 218.674400. Saved: model_20260802-234145-best.pth
2026-08-02 23:44:17,391 - INFO - Epoch 007 | Train Loss: 215.765000 (rot: 61.602186, pos: 87.564417, root: 26.252391) | Val Loss: 188.517986 (rot: 56.209468, pos: 75.397608, smooth: 32.824566, root: 24.086341) | LR: 1.00e-03
2026-08-02 23:44:17,432 - INFO - New best val loss 188.517986. Saved: model_20260802-234145-best.pth
2026-08-02 23:44:34,339 - INFO - Epoch 008 | Train Loss: 196.078853 (rot: 58.119722, pos: 79.315141, root: 23.743512) | Val Loss: 172.405688 (rot: 53.276913, pos: 68.784591, smooth: 27.808315, root: 22.535869) | LR: 1.00e-03
2026-08-02 23:44:34,381 - INFO - New best val loss 172.405688. Saved: model_20260802-234145-best.pth
2026-08-02 23:44:51,095 - INFO - Epoch 009 | Train Loss: 182.588401 (rot: 54.440322, pos: 74.131004, root: 21.560440) | Val Loss: 166.710504 (rot: 50.722397, pos: 69.268091, smooth: 25.619018, root: 21.100995) | LR: 1.00e-03
2026-08-02 23:44:51,136 - INFO - New best val loss 166.710504. Saved: model_20260802-234145-best.pth
2026-08-02 23:45:08,020 - INFO - Epoch 010 | Train Loss: 170.125749 (rot: 51.432917, pos: 69.850515, root: 19.468630) | Val Loss: 158.519772 (rot: 47.367715, pos: 64.253185, smooth: 27.493824, root: 19.405048) | LR: 1.00e-03
2026-08-02 23:45:08,058 - INFO - Saved checkpoint: model_20260802-234145-10.pth
2026-08-02 23:45:08,100 - INFO - New best val loss 158.519772. Saved: model_20260802-234145-best.pth
2026-08-02 23:45:24,940 - INFO - Epoch 011 | Train Loss: 159.369056 (rot: 48.639937, pos: 66.001021, root: 17.686624) | Val Loss: 139.875777 (rot: 44.730929, pos: 58.712919, smooth: 18.454251, root: 17.977682) | LR: 1.00e-03
2026-08-02 23:45:24,983 - INFO - New best val loss 139.875777. Saved: model_20260802-234145-best.pth
2026-08-02 23:45:41,884 - INFO - Epoch 012 | Train Loss: 151.199538 (rot: 45.761430, pos: 63.605700, root: 15.751756) | Val Loss: 134.561208 (rot: 41.898379, pos: 57.010353, smooth: 18.624271, root: 17.028205) | LR: 1.00e-03
2026-08-02 23:45:41,926 - INFO - New best val loss 134.561208. Saved: model_20260802-234145-best.pth
2026-08-02 23:45:58,797 - INFO - Epoch 013 | Train Loss: 146.521650 (rot: 43.278947, pos: 62.214065, root: 14.472295) | Val Loss: 128.867459 (rot: 39.572918, pos: 54.970790, smooth: 18.191138, root: 16.132612) | LR: 1.00e-03
2026-08-02 23:45:58,839 - INFO - New best val loss 128.867459. Saved: model_20260802-234145-best.pth
2026-08-02 23:46:15,788 - INFO - Epoch 014 | Train Loss: 137.119670 (rot: 41.649474, pos: 58.120506, root: 13.013573) | Val Loss: 128.659322 (rot: 38.267356, pos: 55.707516, smooth: 19.187361, root: 15.497090) | LR: 1.00e-03
2026-08-02 23:46:15,830 - INFO - New best val loss 128.659322. Saved: model_20260802-234145-best.pth
2026-08-02 23:46:32,720 - INFO - Epoch 015 | Train Loss: 135.003315 (rot: 40.860847, pos: 56.960313, root: 12.867578) | Val Loss: 125.801693 (rot: 37.827937, pos: 54.547992, smooth: 18.820583, root: 14.605185) | LR: 1.00e-03
2026-08-02 23:46:32,764 - INFO - New best val loss 125.801693. Saved: model_20260802-234145-best.pth
2026-08-02 23:46:49,775 - INFO - Epoch 016 | Train Loss: 125.579230 (rot: 40.093008, pos: 53.028840, root: 10.985227) | Val Loss: 125.965567 (rot: 37.448400, pos: 54.651284, smooth: 18.508128, root: 15.357753) | LR: 1.00e-03
2026-08-02 23:47:06,614 - INFO - Epoch 017 | Train Loss: 124.522532 (rot: 39.654296, pos: 52.334541, root: 10.824614) | Val Loss: 115.528206 (rot: 36.483978, pos: 51.187580, smooth: 14.511588, root: 13.345060) | LR: 1.00e-03
2026-08-02 23:47:06,656 - INFO - New best val loss 115.528206. Saved: model_20260802-234145-best.pth
2026-08-02 23:47:23,543 - INFO - Epoch 018 | Train Loss: 123.136402 (rot: 39.318241, pos: 52.204090, root: 10.014132) | Val Loss: 119.445632 (rot: 36.451086, pos: 54.785049, smooth: 15.330274, root: 12.879225) | LR: 1.00e-03
2026-08-02 23:47:40,425 - INFO - Epoch 019 | Train Loss: 121.668419 (rot: 39.045754, pos: 51.422699, root: 9.728047) | Val Loss: 119.233006 (rot: 35.999526, pos: 52.135738, smooth: 17.551397, root: 13.546344) | LR: 1.00e-03
2026-08-02 23:47:57,354 - INFO - Epoch 020 | Train Loss: 116.287600 (rot: 38.679582, pos: 48.485153, root: 9.113380) | Val Loss: 114.192991 (rot: 36.038517, pos: 49.414238, smooth: 15.199239, root: 13.540998) | LR: 1.00e-03
2026-08-02 23:47:57,394 - INFO - Saved checkpoint: model_20260802-234145-20.pth
2026-08-02 23:47:57,434 - INFO - New best val loss 114.192991. Saved: model_20260802-234145-best.pth
2026-08-02 23:48:14,289 - INFO - Epoch 021 | Train Loss: 111.352922 (rot: 38.371981, pos: 45.899588, root: 8.494406) | Val Loss: 108.903118 (rot: 35.635676, pos: 47.606550, smooth: 12.550993, root: 13.109899) | LR: 1.00e-03
2026-08-02 23:48:14,331 - INFO - New best val loss 108.903118. Saved: model_20260802-234145-best.pth
2026-08-02 23:48:31,272 - INFO - Epoch 022 | Train Loss: 108.512165 (rot: 38.128262, pos: 44.284492, root: 8.161054) | Val Loss: 108.644929 (rot: 35.422002, pos: 48.484083, smooth: 11.595968, root: 13.142875) | LR: 1.00e-03
2026-08-02 23:48:31,314 - INFO - New best val loss 108.644929. Saved: model_20260802-234145-best.pth
2026-08-02 23:48:48,108 - INFO - Epoch 023 | Train Loss: 105.492339 (rot: 37.931090, pos: 42.590795, root: 7.653081) | Val Loss: 107.675452 (rot: 35.471442, pos: 47.199946, smooth: 12.726477, root: 12.277586) | LR: 1.00e-03
2026-08-02 23:48:48,149 - INFO - New best val loss 107.675452. Saved: model_20260802-234145-best.pth
2026-08-02 23:49:05,103 - INFO - Epoch 024 | Train Loss: 103.731165 (rot: 37.764945, pos: 41.634029, root: 7.168839) | Val Loss: 110.460658 (rot: 34.883273, pos: 49.845535, smooth: 13.758866, root: 11.972986) | LR: 1.00e-03
2026-08-02 23:49:21,968 - INFO - Epoch 025 | Train Loss: 105.707928 (rot: 37.699397, pos: 41.915947, root: 7.837071) | Val Loss: 105.496807 (rot: 34.635509, pos: 48.374650, smooth: 11.285395, root: 11.201251) | LR: 1.00e-03
2026-08-02 23:49:22,010 - INFO - New best val loss 105.496807. Saved: model_20260802-234145-best.pth
2026-08-02 23:49:38,895 - INFO - Epoch 026 | Train Loss: 108.037341 (rot: 37.827229, pos: 43.635733, root: 7.458306) | Val Loss: 108.041353 (rot: 34.825495, pos: 48.377133, smooth: 13.674779, root: 11.163947) | LR: 1.00e-03
2026-08-02 23:49:55,723 - INFO - Epoch 027 | Train Loss: 100.791015 (rot: 37.502372, pos: 39.825684, root: 6.687067) | Val Loss: 106.055317 (rot: 34.709195, pos: 47.556462, smooth: 12.074274, root: 11.715386) | LR: 1.00e-03
2026-08-02 23:50:12,727 - INFO - Epoch 028 | Train Loss: 98.317224 (rot: 37.267848, pos: 38.299696, root: 6.270731) | Val Loss: 101.601205 (rot: 34.116255, pos: 45.836577, smooth: 11.332217, root: 10.316156) | LR: 1.00e-03
2026-08-02 23:50:12,768 - INFO - New best val loss 101.601205. Saved: model_20260802-234145-best.pth
2026-08-02 23:50:29,647 - INFO - Epoch 029 | Train Loss: 98.009905 (rot: 37.235407, pos: 37.966382, root: 5.910555) | Val Loss: 102.182250 (rot: 34.165676, pos: 45.591938, smooth: 12.056499, root: 10.368137) | LR: 1.00e-03
2026-08-02 23:50:46,626 - INFO - Epoch 030 | Train Loss: 95.231465 (rot: 37.106413, pos: 36.518976, root: 5.750910) | Val Loss: 102.205343 (rot: 34.190178, pos: 46.951364, smooth: 10.926330, root: 10.137472) | LR: 1.00e-03
2026-08-02 23:50:46,668 - INFO - Saved checkpoint: model_20260802-234145-30.pth
2026-08-02 23:50:46,671 - INFO - Pruned old checkpoint: model_20260802-234145-10.pth
2026-08-02 23:51:03,576 - INFO - Epoch 031 | Train Loss: 94.147173 (rot: 37.006733, pos: 35.911050, root: 5.526646) | Val Loss: 102.636584 (rot: 34.163695, pos: 46.451037, smooth: 11.611133, root: 10.410717) | LR: 1.00e-03
2026-08-02 23:51:20,460 - INFO - Epoch 032 | Train Loss: 92.706405 (rot: 36.898632, pos: 34.945840, root: 5.353707) | Val Loss: 103.302251 (rot: 33.872453, pos: 47.031947, smooth: 10.938666, root: 11.459186) | LR: 1.00e-03
2026-08-02 23:51:37,297 - INFO - Epoch 033 | Train Loss: 93.496998 (rot: 36.931971, pos: 35.098699, root: 5.358486) | Val Loss: 101.756274 (rot: 33.962907, pos: 46.143228, smooth: 11.551083, root: 10.099057) | LR: 1.00e-03
2026-08-02 23:51:54,169 - INFO - Epoch 034 | Train Loss: 90.466262 (rot: 36.759809, pos: 33.545604, root: 4.991626) | Val Loss: 100.303612 (rot: 34.025933, pos: 44.825378, smooth: 11.442372, root: 10.009928) | LR: 1.00e-03
2026-08-02 23:51:54,210 - INFO - New best val loss 100.303612. Saved: model_20260802-234145-best.pth
2026-08-02 23:52:11,049 - INFO - Epoch 035 | Train Loss: 91.335805 (rot: 36.716569, pos: 33.884058, root: 5.282055) | Val Loss: 101.754584 (rot: 33.636725, pos: 47.375358, smooth: 11.249526, root: 9.492976) | LR: 1.00e-03
2026-08-02 23:52:27,934 - INFO - Epoch 036 | Train Loss: 97.722894 (rot: 36.960905, pos: 36.764445, root: 6.072109) | Val Loss: 126.968411 (rot: 34.929106, pos: 52.784206, smooth: 19.562682, root: 19.692417) | LR: 1.00e-03
2026-08-02 23:52:44,828 - INFO - Epoch 037 | Train Loss: 97.921548 (rot: 37.099333, pos: 37.200341, root: 5.749748) | Val Loss: 98.755740 (rot: 34.237763, pos: 44.573369, smooth: 10.438320, root: 9.506287) | LR: 1.00e-03
2026-08-02 23:52:44,871 - INFO - New best val loss 98.755740. Saved: model_20260802-234145-best.pth
2026-08-02 23:53:01,779 - INFO - Epoch 038 | Train Loss: 86.434340 (rot: 36.588689, pos: 31.463321, root: 4.136829) | Val Loss: 97.604650 (rot: 33.803677, pos: 44.154261, smooth: 10.055080, root: 9.591633) | LR: 1.00e-03
2026-08-02 23:53:01,822 - INFO - New best val loss 97.604650. Saved: model_20260802-234145-best.pth
2026-08-02 23:53:18,642 - INFO - Epoch 039 | Train Loss: 86.032748 (rot: 36.516976, pos: 30.876645, root: 4.203621) | Val Loss: 98.599953 (rot: 33.721982, pos: 44.803754, smooth: 10.888195, root: 9.186022) | LR: 1.00e-03
2026-08-02 23:53:35,619 - INFO - Epoch 040 | Train Loss: 88.358006 (rot: 36.557361, pos: 32.344820, root: 4.293619) | Val Loss: 101.252281 (rot: 33.725925, pos: 46.296754, smooth: 11.317863, root: 9.911738) | LR: 1.00e-03
2026-08-02 23:53:35,658 - INFO - Saved checkpoint: model_20260802-234145-40.pth
2026-08-02 23:53:35,662 - INFO - Pruned old checkpoint: model_20260802-234145-20.pth
2026-08-02 23:53:52,529 - INFO - Epoch 041 | Train Loss: 117.892388 (rot: 37.929796, pos: 47.043681, root: 7.242130) | Val Loss: 103.411265 (rot: 34.416516, pos: 47.108798, smooth: 12.063333, root: 9.822618) | LR: 1.00e-03
2026-08-02 23:54:09,361 - INFO - Epoch 042 | Train Loss: 88.229949 (rot: 36.680947, pos: 32.455566, root: 4.214054) | Val Loss: 98.552389 (rot: 33.865195, pos: 44.461836, smooth: 11.088202, root: 9.137156) | LR: 1.00e-03
2026-08-02 23:54:26,249 - INFO - Epoch 043 | Train Loss: 86.110469 (rot: 36.451157, pos: 31.080293, root: 3.743600) | Val Loss: 108.048928 (rot: 34.585547, pos: 50.357135, smooth: 12.984884, root: 10.121362) | LR: 1.00e-03
2026-08-02 23:54:43,179 - INFO - Epoch 044 | Train Loss: 88.813486 (rot: 36.574636, pos: 32.324079, root: 3.783794) | Val Loss: 98.575198 (rot: 33.702774, pos: 45.256374, smooth: 10.289778, root: 9.326270) | LR: 1.00e-03
2026-08-02 23:55:00,007 - INFO - Epoch 045 | Train Loss: 87.866156 (rot: 36.418774, pos: 31.619520, root: 4.100963) | Val Loss: 99.974783 (rot: 33.553388, pos: 45.572447, smooth: 11.517102, root: 9.331846) | LR: 1.00e-03
2026-08-02 23:55:16,926 - INFO - Epoch 046 | Train Loss: 82.761155 (rot: 36.257932, pos: 29.093883, root: 3.560402) | Val Loss: 96.560614 (rot: 33.440992, pos: 44.444313, smooth: 9.565358, root: 9.109949) | LR: 1.00e-03
2026-08-02 23:55:16,968 - INFO - New best val loss 96.560614. Saved: model_20260802-234145-best.pth
2026-08-02 23:55:33,774 - INFO - Epoch 047 | Train Loss: 80.760233 (rot: 36.057673, pos: 28.119993, root: 3.345895) | Val Loss: 96.272665 (rot: 33.537197, pos: 43.695123, smooth: 9.161725, root: 9.878619) | LR: 1.00e-03
2026-08-02 23:55:33,818 - INFO - New best val loss 96.272665. Saved: model_20260802-234145-best.pth
2026-08-02 23:55:50,804 - INFO - Epoch 048 | Train Loss: 80.490924 (rot: 36.028267, pos: 27.986819, root: 3.189560) | Val Loss: 96.704441 (rot: 33.322656, pos: 44.186923, smooth: 9.401284, root: 9.793575) | LR: 1.00e-03
2026-08-02 23:56:07,667 - INFO - Epoch 049 | Train Loss: 81.053850 (rot: 36.044312, pos: 28.048846, root: 3.154428) | Val Loss: 95.803082 (rot: 33.168603, pos: 43.957958, smooth: 9.552193, root: 9.124329) | LR: 1.00e-03
2026-08-02 23:56:07,709 - INFO - New best val loss 95.803082. Saved: model_20260802-234145-best.pth
2026-08-02 23:56:24,529 - INFO - Epoch 050 | Train Loss: 81.743710 (rot: 36.026910, pos: 27.995520, root: 3.518221) | Val Loss: 96.818930 (rot: 33.156976, pos: 43.629560, smooth: 10.640822, root: 9.391573) | LR: 1.00e-03
2026-08-02 23:56:24,567 - INFO - Saved checkpoint: model_20260802-234145-50.pth
2026-08-02 23:56:24,571 - INFO - Pruned old checkpoint: model_20260802-234145-30.pth
2026-08-02 23:56:41,589 - INFO - Epoch 051 | Train Loss: 79.777687 (rot: 35.934683, pos: 27.359779, root: 3.051019) | Val Loss: 97.333137 (rot: 33.434048, pos: 44.379586, smooth: 9.900930, root: 9.618573) | LR: 1.00e-03
2026-08-02 23:56:58,593 - INFO - Epoch 052 | Train Loss: 79.743665 (rot: 35.948341, pos: 27.013514, root: 3.256451) | Val Loss: 97.185678 (rot: 33.193107, pos: 44.276644, smooth: 9.492398, root: 10.223528) | LR: 1.00e-03
2026-08-02 23:57:15,542 - INFO - Epoch 053 | Train Loss: 79.466683 (rot: 35.839012, pos: 26.898089, root: 3.159942) | Val Loss: 97.616369 (rot: 33.175935, pos: 44.416620, smooth: 10.023085, root: 10.000729) | LR: 1.00e-03
2026-08-02 23:57:32,423 - INFO - Epoch 054 | Train Loss: 78.471643 (rot: 35.765965, pos: 26.322383, root: 3.120551) | Val Loss: 99.607459 (rot: 33.238342, pos: 45.809551, smooth: 10.361633, root: 10.197935) | LR: 1.00e-03
2026-08-02 23:57:49,265 - INFO - Epoch 055 | Train Loss: 78.009667 (rot: 35.732358, pos: 26.114480, root: 2.984238) | Val Loss: 94.989089 (rot: 33.092010, pos: 44.016985, smooth: 9.225186, root: 8.654907) | LR: 1.00e-03
2026-08-02 23:57:49,307 - INFO - New best val loss 94.989089. Saved: model_20260802-234145-best.pth
2026-08-02 23:58:06,316 - INFO - Epoch 056 | Train Loss: 79.782249 (rot: 35.816137, pos: 26.877785, root: 2.982851) | Val Loss: 96.238450 (rot: 33.354049, pos: 44.475658, smooth: 9.456746, root: 8.951996) | LR: 1.00e-03
2026-08-02 23:58:23,165 - INFO - Epoch 057 | Train Loss: 77.930340 (rot: 35.679172, pos: 26.078571, root: 2.932110) | Val Loss: 94.538285 (rot: 33.183486, pos: 43.598827, smooth: 8.985166, root: 8.770807) | LR: 1.00e-03
2026-08-02 23:58:23,208 - INFO - New best val loss 94.538285. Saved: model_20260802-234145-best.pth
2026-08-02 23:58:40,049 - INFO - Epoch 058 | Train Loss: 76.743699 (rot: 35.636919, pos: 25.413472, root: 2.852526) | Val Loss: 95.058498 (rot: 33.035812, pos: 43.942448, smooth: 8.345697, root: 9.734540) | LR: 1.00e-03
2026-08-02 23:58:56,965 - INFO - Epoch 059 | Train Loss: 77.652733 (rot: 35.650443, pos: 25.946226, root: 2.687247) | Val Loss: 96.994278 (rot: 32.984430, pos: 45.008263, smooth: 9.639238, root: 9.362346) | LR: 1.00e-03
2026-08-02 23:59:13,894 - INFO - Epoch 060 | Train Loss: 75.148979 (rot: 35.516650, pos: 24.637055, root: 2.588543) | Val Loss: 94.662945 (rot: 32.819989, pos: 43.746598, smooth: 9.056886, root: 9.039472) | LR: 1.00e-03
2026-08-02 23:59:13,934 - INFO - Saved checkpoint: model_20260802-234145-60.pth
2026-08-02 23:59:13,937 - INFO - Pruned old checkpoint: model_20260802-234145-40.pth
2026-08-02 23:59:30,781 - INFO - Epoch 061 | Train Loss: 75.429495 (rot: 35.492573, pos: 24.732864, root: 2.555049) | Val Loss: 95.204577 (rot: 32.815931, pos: 44.439209, smooth: 9.205021, root: 8.744416) | LR: 1.00e-03
2026-08-02 23:59:47,674 - INFO - Epoch 062 | Train Loss: 75.906418 (rot: 35.477480, pos: 24.873290, root: 2.595641) | Val Loss: 96.630539 (rot: 33.266053, pos: 44.087061, smooth: 9.541598, root: 9.735828) | LR: 1.00e-03
2026-08-03 00:00:04,603 - INFO - Epoch 063 | Train Loss: 75.168612 (rot: 35.449746, pos: 24.568713, root: 2.419185) | Val Loss: 95.886982 (rot: 32.828226, pos: 44.411233, smooth: 9.425459, root: 9.222064) | LR: 1.00e-03
2026-08-03 00:00:21,512 - INFO - Epoch 064 | Train Loss: 76.642280 (rot: 35.472960, pos: 24.948564, root: 2.912941) | Val Loss: 96.335912 (rot: 33.073263, pos: 44.528474, smooth: 9.818297, root: 8.915877) | LR: 1.00e-03
2026-08-03 00:00:38,394 - INFO - Epoch 065 | Train Loss: 74.371104 (rot: 35.370682, pos: 24.049804, root: 2.574386) | Val Loss: 94.163747 (rot: 32.602426, pos: 43.904189, smooth: 8.616587, root: 9.040544) | LR: 1.00e-03
2026-08-03 00:00:38,440 - INFO - New best val loss 94.163747. Saved: model_20260802-234145-best.pth
2026-08-03 00:00:55,398 - INFO - Epoch 066 | Train Loss: 74.555065 (rot: 35.365902, pos: 23.980520, root: 2.509278) | Val Loss: 95.294896 (rot: 32.671779, pos: 44.041975, smooth: 9.638139, root: 8.943002) | LR: 1.00e-03
2026-08-03 00:01:12,250 - INFO - Epoch 067 | Train Loss: 80.187463 (rot: 35.655385, pos: 26.388483, root: 3.224824) | Val Loss: 107.947388 (rot: 34.102739, pos: 48.433372, smooth: 14.395739, root: 11.015538) | LR: 1.00e-03
2026-08-03 00:01:29,221 - INFO - Epoch 068 | Train Loss: 144.477352 (rot: 38.613561, pos: 57.851248, root: 11.722219) | Val Loss: 100.057705 (rot: 33.986551, pos: 45.216031, smooth: 11.862477, root: 8.992644) | LR: 1.00e-03
2026-08-03 00:01:46,130 - INFO - Epoch 069 | Train Loss: 82.061358 (rot: 36.134731, pos: 28.654963, root: 2.861298) | Val Loss: 95.446608 (rot: 33.185214, pos: 43.978197, smooth: 9.745364, root: 8.537834) | LR: 1.00e-03
2026-08-03 00:02:02,988 - INFO - Epoch 070 | Train Loss: 76.409833 (rot: 35.650199, pos: 25.446183, root: 2.402050) | Val Loss: 95.727433 (rot: 33.093305, pos: 44.758070, smooth: 9.242446, root: 8.633613) | LR: 1.00e-03
2026-08-03 00:02:03,026 - INFO - Saved checkpoint: model_20260802-234145-70.pth
2026-08-03 00:02:03,029 - INFO - Pruned old checkpoint: model_20260802-234145-50.pth
2026-08-03 00:02:19,844 - INFO - Epoch 071 | Train Loss: 74.998650 (rot: 35.476497, pos: 24.541240, root: 2.341682) | Val Loss: 94.359492 (rot: 32.902576, pos: 43.836799, smooth: 8.914366, root: 8.705751) | LR: 1.00e-03
2026-08-03 00:02:36,736 - INFO - Epoch 072 | Train Loss: 73.812825 (rot: 35.401519, pos: 23.945377, root: 2.076220) | Val Loss: 94.449943 (rot: 32.894410, pos: 43.797499, smooth: 9.243641, root: 8.514394) | LR: 1.00e-03
2026-08-03 00:02:53,600 - INFO - Epoch 073 | Train Loss: 74.280587 (rot: 35.398273, pos: 24.040363, root: 2.118088) | Val Loss: 94.892573 (rot: 32.908877, pos: 44.353777, smooth: 8.823477, root: 8.806441) | LR: 1.00e-03
2026-08-03 00:03:10,490 - INFO - Epoch 074 | Train Loss: 73.345861 (rot: 35.307795, pos: 23.505608, root: 2.110071) | Val Loss: 95.377919 (rot: 32.674579, pos: 44.696776, smooth: 9.154793, root: 8.851769) | LR: 1.00e-03
2026-08-03 00:03:27,441 - INFO - Epoch 075 | Train Loss: 72.838526 (rot: 35.233795, pos: 23.347636, root: 1.953707) | Val Loss: 94.114868 (rot: 32.615726, pos: 44.295672, smooth: 8.667887, root: 8.535583) | LR: 1.00e-03
2026-08-03 00:03:27,481 - INFO - New best val loss 94.114868. Saved: model_20260802-234145-best.pth
2026-08-03 00:03:44,448 - INFO - Epoch 076 | Train Loss: 73.204819 (rot: 35.211159, pos: 23.268861, root: 2.186963) | Val Loss: 94.972680 (rot: 32.530854, pos: 43.680183, smooth: 9.872252, root: 8.889391) | LR: 5.00e-04
2026-08-03 00:04:01,300 - INFO - Epoch 077 | Train Loss: 69.788302 (rot: 35.095891, pos: 21.813218, root: 1.558261) | Val Loss: 91.566993 (rot: 32.533334, pos: 42.758519, smooth: 7.828332, root: 8.446810) | LR: 5.00e-04
2026-08-03 00:04:01,342 - INFO - New best val loss 91.566993. Saved: model_20260802-234145-best.pth
2026-08-03 00:04:18,218 - INFO - Epoch 078 | Train Loss: 69.002557 (rot: 34.990561, pos: 21.404650, root: 1.428833) | Val Loss: 90.830216 (rot: 32.678765, pos: 42.085183, smooth: 7.581197, root: 8.485072) | LR: 5.00e-04
2026-08-03 00:04:18,260 - INFO - New best val loss 90.830216. Saved: model_20260802-234145-best.pth
2026-08-03 00:04:35,206 - INFO - Epoch 079 | Train Loss: 69.160283 (rot: 34.965945, pos: 21.401547, root: 1.445032) | Val Loss: 91.892058 (rot: 32.553378, pos: 42.905190, smooth: 7.935636, root: 8.497852) | LR: 5.00e-04
2026-08-03 00:04:52,202 - INFO - Epoch 080 | Train Loss: 68.750077 (rot: 34.958289, pos: 21.270615, root: 1.453119) | Val Loss: 91.312870 (rot: 32.567617, pos: 42.279564, smooth: 7.952157, root: 8.513532) | LR: 5.00e-04
2026-08-03 00:04:52,243 - INFO - Saved checkpoint: model_20260802-234145-80.pth
2026-08-03 00:04:52,246 - INFO - Pruned old checkpoint: model_20260802-234145-60.pth
2026-08-03 00:05:09,133 - INFO - Epoch 081 | Train Loss: 68.883478 (rot: 34.904501, pos: 21.210559, root: 1.432703) | Val Loss: 91.802256 (rot: 32.362542, pos: 42.866663, smooth: 8.117901, root: 8.455150) | LR: 5.00e-04
2026-08-03 00:05:26,058 - INFO - Epoch 082 | Train Loss: 68.656364 (rot: 34.857877, pos: 21.011910, root: 1.432782) | Val Loss: 91.301506 (rot: 32.449530, pos: 42.605113, smooth: 7.909630, root: 8.337232) | LR: 5.00e-04
2026-08-03 00:05:42,959 - INFO - Epoch 083 | Train Loss: 68.398668 (rot: 34.853756, pos: 21.029247, root: 1.402527) | Val Loss: 91.015654 (rot: 32.464445, pos: 42.448653, smooth: 7.659677, root: 8.442879) | LR: 5.00e-04
2026-08-03 00:05:59,915 - INFO - Epoch 084 | Train Loss: 68.123331 (rot: 34.825605, pos: 20.840595, root: 1.404875) | Val Loss: 91.677207 (rot: 32.360501, pos: 42.869666, smooth: 7.966910, root: 8.480130) | LR: 5.00e-04
2026-08-03 00:06:16,818 - INFO - Epoch 085 | Train Loss: 68.451636 (rot: 34.831140, pos: 20.987263, root: 1.382332) | Val Loss: 91.074522 (rot: 32.447084, pos: 42.292719, smooth: 7.714150, root: 8.620569) | LR: 5.00e-04
2026-08-03 00:06:33,661 - INFO - Epoch 086 | Train Loss: 67.804338 (rot: 34.781165, pos: 20.607289, root: 1.389293) | Val Loss: 91.561919 (rot: 32.461663, pos: 42.624575, smooth: 7.964320, root: 8.511358) | LR: 5.00e-04
2026-08-03 00:06:50,549 - INFO - Epoch 087 | Train Loss: 68.490786 (rot: 34.788739, pos: 20.871444, root: 1.440837) | Val Loss: 90.998513 (rot: 32.472411, pos: 42.463528, smooth: 7.674401, root: 8.388171) | LR: 5.00e-04
2026-08-03 00:07:07,484 - INFO - Epoch 088 | Train Loss: 68.171909 (rot: 34.803505, pos: 20.790599, root: 1.357255) | Val Loss: 90.813612 (rot: 32.328672, pos: 42.468071, smooth: 7.527377, root: 8.489491) | LR: 5.00e-04
2026-08-03 00:07:07,528 - INFO - New best val loss 90.813612. Saved: model_20260802-234145-best.pth
2026-08-03 00:07:24,486 - INFO - Epoch 089 | Train Loss: 67.781895 (rot: 34.797550, pos: 20.553949, root: 1.360596) | Val Loss: 91.469291 (rot: 32.254707, pos: 42.745545, smooth: 7.973884, root: 8.495155) | LR: 2.50e-04
2026-08-03 00:07:41,334 - INFO - Epoch 090 | Train Loss: 66.269918 (rot: 34.679186, pos: 19.873168, root: 1.186699) | Val Loss: 90.573679 (rot: 32.331096, pos: 42.163173, smooth: 7.766260, root: 8.313149) | LR: 2.50e-04
2026-08-03 00:07:41,372 - INFO - Saved checkpoint: model_20260802-234145-90.pth
2026-08-03 00:07:41,376 - INFO - Pruned old checkpoint: model_20260802-234145-70.pth
2026-08-03 00:07:41,417 - INFO - New best val loss 90.573679. Saved: model_20260802-234145-best.pth
2026-08-03 00:07:58,322 - INFO - Epoch 091 | Train Loss: 66.227608 (rot: 34.647621, pos: 19.936836, root: 1.178976) | Val Loss: 90.344049 (rot: 32.335027, pos: 42.114731, smooth: 7.546518, root: 8.347772) | LR: 2.50e-04
2026-08-03 00:07:58,363 - INFO - New best val loss 90.344049. Saved: model_20260802-234145-best.pth
2026-08-03 00:08:15,269 - INFO - Epoch 092 | Train Loss: 65.674009 (rot: 34.626561, pos: 19.553398, root: 1.170025) | Val Loss: 90.456480 (rot: 32.243360, pos: 42.143121, smooth: 7.782656, root: 8.287344) | LR: 2.50e-04
2026-08-03 00:08:32,141 - INFO - Epoch 093 | Train Loss: 66.235876 (rot: 34.595784, pos: 19.803500, root: 1.173800) | Val Loss: 89.762439 (rot: 32.284320, pos: 41.777578, smooth: 7.363514, root: 8.337029) | LR: 2.50e-04
2026-08-03 00:08:32,182 - INFO - New best val loss 89.762439. Saved: model_20260802-234145-best.pth
2026-08-03 00:08:49,051 - INFO - Epoch 094 | Train Loss: 65.348556 (rot: 34.554568, pos: 19.331014, root: 1.166269) | Val Loss: 90.501683 (rot: 32.301831, pos: 42.243281, smooth: 7.414620, root: 8.541951) | LR: 2.50e-04
2026-08-03 00:09:05,876 - INFO - Epoch 095 | Train Loss: 65.127155 (rot: 34.531816, pos: 19.264155, root: 1.145318) | Val Loss: 90.533728 (rot: 32.282235, pos: 42.337309, smooth: 7.623670, root: 8.290515) | LR: 2.50e-04
2026-08-03 00:09:22,892 - INFO - Epoch 096 | Train Loss: 65.650183 (rot: 34.552868, pos: 19.602309, root: 1.128848) | Val Loss: 90.666878 (rot: 32.356173, pos: 42.416983, smooth: 7.583142, root: 8.310581) | LR: 2.50e-04
2026-08-03 00:09:39,892 - INFO - Epoch 097 | Train Loss: 65.487746 (rot: 34.553612, pos: 19.447846, root: 1.136616) | Val Loss: 90.156717 (rot: 32.297351, pos: 41.940771, smooth: 7.538002, root: 8.380595) | LR: 2.50e-04
2026-08-03 00:09:56,769 - INFO - Epoch 098 | Train Loss: 64.887470 (rot: 34.494367, pos: 19.007719, root: 1.151069) | Val Loss: 90.272918 (rot: 32.148032, pos: 41.824607, smooth: 7.978041, root: 8.322237) | LR: 2.50e-04
2026-08-03 00:10:13,717 - INFO - Epoch 099 | Train Loss: 64.758988 (rot: 34.465117, pos: 19.005454, root: 1.125749) | Val Loss: 89.987096 (rot: 32.192310, pos: 42.001386, smooth: 7.467633, root: 8.325765) | LR: 2.50e-04
2026-08-03 00:10:30,678 - INFO - Epoch 100 | Train Loss: 65.082689 (rot: 34.476321, pos: 19.082175, root: 1.140842) | Val Loss: 89.790674 (rot: 32.178622, pos: 41.621516, smooth: 7.680667, root: 8.309869) | LR: 2.50e-04
2026-08-03 00:10:30,716 - INFO - Saved checkpoint: model_20260802-234145-100.pth
2026-08-03 00:10:30,719 - INFO - Pruned old checkpoint: model_20260802-234145-80.pth
2026-08-03 00:10:47,617 - INFO - Epoch 101 | Train Loss: 64.894542 (rot: 34.442725, pos: 19.059092, root: 1.132280) | Val Loss: 90.010610 (rot: 32.168587, pos: 42.065127, smooth: 7.437954, root: 8.338942) | LR: 2.50e-04
2026-08-03 00:11:04,495 - INFO - Epoch 102 | Train Loss: 65.093964 (rot: 34.431704, pos: 19.214001, root: 1.136521) | Val Loss: 90.613176 (rot: 32.150841, pos: 42.335142, smooth: 7.736856, root: 8.390338) | LR: 2.50e-04
2026-08-03 00:11:21,361 - INFO - Epoch 103 | Train Loss: 65.971884 (rot: 34.486753, pos: 19.620676, root: 1.174309) | Val Loss: 91.083385 (rot: 32.131362, pos: 42.832527, smooth: 7.859942, root: 8.259555) | LR: 2.50e-04
2026-08-03 00:11:38,289 - INFO - Epoch 104 | Train Loss: 64.982209 (rot: 34.444702, pos: 19.170481, root: 1.119025) | Val Loss: 90.503744 (rot: 32.160023, pos: 42.285655, smooth: 7.636645, root: 8.421421) | LR: 1.25e-04
2026-08-03 00:11:55,204 - INFO - Epoch 105 | Train Loss: 64.301270 (rot: 34.361999, pos: 18.751853, root: 1.024446) | Val Loss: 90.345058 (rot: 32.165915, pos: 42.194482, smooth: 7.713441, root: 8.271219) | LR: 1.25e-04
2026-08-03 00:12:12,242 - INFO - Epoch 106 | Train Loss: 63.362358 (rot: 34.313106, pos: 18.287252, root: 1.000022) | Val Loss: 89.509144 (rot: 32.132854, pos: 41.716951, smooth: 7.349628, root: 8.309709) | LR: 1.25e-04
2026-08-03 00:12:12,285 - INFO - New best val loss 89.509144. Saved: model_20260802-234145-best.pth
2026-08-03 00:12:29,376 - INFO - Epoch 107 | Train Loss: 63.695112 (rot: 34.314160, pos: 18.431516, root: 0.999614) | Val Loss: 89.704247 (rot: 32.088967, pos: 41.902751, smooth: 7.415639, root: 8.296890) | LR: 1.25e-04
2026-08-03 00:12:46,423 - INFO - Epoch 108 | Train Loss: 63.584151 (rot: 34.330940, pos: 18.405442, root: 1.002459) | Val Loss: 89.577945 (rot: 32.121022, pos: 41.729842, smooth: 7.441252, root: 8.285830) | LR: 1.25e-04
2026-08-03 00:13:03,341 - INFO - Epoch 109 | Train Loss: 63.812474 (rot: 34.319120, pos: 18.544619, root: 0.989054) | Val Loss: 90.276527 (rot: 32.147855, pos: 42.193277, smooth: 7.600230, root: 8.335164) | LR: 1.25e-04
2026-08-03 00:13:20,182 - INFO - Epoch 110 | Train Loss: 63.342852 (rot: 34.302756, pos: 18.245532, root: 0.994363) | Val Loss: 89.584937 (rot: 32.098915, pos: 41.853854, smooth: 7.385275, root: 8.246894) | LR: 1.25e-04
2026-08-03 00:13:20,222 - INFO - Saved checkpoint: model_20260802-234145-110.pth
2026-08-03 00:13:20,225 - INFO - Pruned old checkpoint: model_20260802-234145-90.pth
2026-08-03 00:13:37,084 - INFO - Epoch 111 | Train Loss: 64.156054 (rot: 34.355263, pos: 18.653852, root: 1.000597) | Val Loss: 90.431641 (rot: 32.137076, pos: 42.482700, smooth: 7.469803, root: 8.342061) | LR: 1.25e-04
2026-08-03 00:13:54,009 - INFO - Epoch 112 | Train Loss: 64.899358 (rot: 34.374831, pos: 19.055771, root: 0.991282) | Val Loss: 89.901385 (rot: 32.084164, pos: 42.017432, smooth: 7.487531, root: 8.312258) | LR: 1.25e-04
2026-08-03 00:14:10,944 - INFO - Epoch 113 | Train Loss: 64.065152 (rot: 34.348880, pos: 18.660294, root: 0.983255) | Val Loss: 89.656079 (rot: 32.085221, pos: 41.827039, smooth: 7.443164, root: 8.300656) | LR: 1.25e-04
2026-08-03 00:14:10,945 - INFO - Early stopping triggered at epoch 113. Best Val Loss: 89.509144
2026-08-03 00:14:10,983 - INFO - Training completed. Saved final model: model_20260802-234145-final.pth
Loading dataset...
aiming1_subject1.bvh (1/11)
  loaded precomputed local rotation features
dance1_subject1.bvh (2/11)
  loaded precomputed local rotation features
fallAndGetUp1_subject1.bvh (3/11)
  loaded precomputed local rotation features
fightAndSports1_subject1.bvh (4/11)
  loaded precomputed local rotation features
ground1_subject1.bvh (5/11)
  loaded precomputed local rotation features
jumps1_subject1.bvh (6/11)
  loaded precomputed local rotation features
multipleActions1_subject1.bvh (7/11)
  loaded precomputed local rotation features
obstacles1_subject1.bvh (8/11)
  loaded precomputed local rotation features
run2_subject1.bvh (9/11)
  loaded precomputed local rotation features
walk1_subject1.bvh (10/11)
  loaded precomputed local rotation features
walk4_subject1.bvh (11/11)
  loaded precomputed local rotation features
Dataset ready: 64984 samples, 1 unique skeletons
