Loading dataset...
Female1_A01_Stand.bvh (1/21)
  computed and cached local rotation features
Female1_A03_SwingT2.bvh (2/21)
  computed and cached local rotation features
Female1_B04_StandToWalkBack.bvh (3/21)
  computed and cached local rotation features
Female1_B07_WalkBackwardsTurnForwards.bvh (4/21)
  computed and cached local rotation features
Female1_B22_SideStepLeft.bvh (5/21)
  computed and cached local rotation features
Female1_D2_Wait.bvh (6/21)
  computed and cached local rotation features
Male2_B13_WalkTurnRight135.bvh (7/21)
  computed and cached local rotation features
Male2_B14_WalkTurnRight45.bvh (8/21)
  computed and cached local rotation features
Male2_B3_Walk.bvh (9/21)
  computed and cached local rotation features
Male2_C10_RunBackwardsStopRunForward.bvh (10/21)
  computed and cached local rotation features
Male2_C14_RunTurnRight90.bvh (11/21)
  computed and cached local rotation features
Male2_C6_StandToRunBackwards.bvh (12/21)
  computed and cached local rotation features
Male2_D1_StandToReady.bvh (13/21)
  computed and cached local rotation features
Male2_D3_RunToReady.bvh (14/21)
  computed and cached local rotation features
Male2_D8_BowToReady.bvh (15/21)
  computed and cached local rotation features
Male2_E13_BlockRightHigh.bvh (16/21)
  computed and cached local rotation features
Male2_E13_BodyCrossLeft.bvh (17/21)
  computed and cached local rotation features
Male2_E1_TurnAroundRight.bvh (18/21)
  computed and cached local rotation features
Male2_E2_JabRight.bvh (19/21)
  computed and cached local rotation features
Male2_G20_ReverseSpinCrescentRight.bvh (20/21)
  computed and cached local rotation features
Male2_G6_AxeKick.bvh (21/21)
  computed and cached local rotation features
aiming2_subject5.bvh (1/12)
  loaded precomputed local rotation features
dance2_subject5.bvh (2/12)
  loaded precomputed local rotation features
fight1_subject3.bvh (3/12)
  loaded precomputed local rotation features
fightAndSports1_subject4.bvh (4/12)
  loaded precomputed local rotation features
ground1_subject5.bvh (5/12)
  loaded precomputed local rotation features
jumps1_subject2.bvh (6/12)
  loaded precomputed local rotation features
multipleActions1_subject3.bvh (7/12)
  loaded precomputed local rotation features
obstacles5_subject2.bvh (8/12)
  loaded precomputed local rotation features
pushAndStumble1_subject5.bvh (9/12)
  loaded precomputed local rotation features
run2_subject4.bvh (10/12)
  loaded precomputed local rotation features
walk1_subject2.bvh (11/12)
  loaded precomputed local rotation features
walk3_subject3.bvh (12/12)
  loaded precomputed local rotation features
LocomotionFlat07_000.bvh (1/2)
  loaded precomputed local rotation features
LocomotionFlat11_000.bvh (2/2)
  loaded precomputed local rotation features
  3 bad transition(s) detected, affected windows will be skipped
  Skipped 13 window(s) containing jumps
0005_Jogging001.bvh (1/4)
  loaded precomputed local rotation features
  2 bad transition(s) detected, affected windows will be skipped
  Skipped 9 window(s) containing jumps
0008_Walking002.bvh (2/4)
  loaded precomputed local rotation features
0015_HopOverObstacle001.bvh (3/4)
  loaded precomputed local rotation features
0018_XinJiang002.bvh (4/4)
  loaded precomputed local rotation features
S1_acting1_BlenderZXY_YmZ.bvh (1/5)
  computed and cached local rotation features
S2_walking2_BlenderZXY_YmZ.bvh (2/5)
  computed and cached local rotation features
S3_rom3_BlenderZXY_YmZ.bvh (3/5)
  computed and cached local rotation features
S3_walking3_BlenderZXY_YmZ.bvh (4/5)
  computed and cached local rotation features
S4_freestyle1_BlenderZXY_YmZ.bvh (5/5)
  computed and cached local rotation features
  1 bad transition(s) detected, affected windows will be skipped
  Skipped 7 window(s) containing jumps
Dataset ready: 2250 samples, 5 unique skeletons
Checkpoint: ./checkpoints/model_20260802-202849-best.pth
Test samples: 2250
Context: 50, Gen frames: 15
  Processed 500/2250 samples...
  Processed 1000/2250 samples...
  Processed 1500/2250 samples...
  Processed 2000/2250 samples...
  Processed 2250/2250 samples...

Skipped 0 samples (not enough frames).
Evaluated 2250 samples.
Facing normalization: True
Rotations: local   Skeleton geometry: True

============================================================
  Case: with_root   Dataset: ACAAD   (n=296)
============================================================
  L2P (mean joint pos error):    7.664746
  L2Q (mean joint quat error):   0.309330
  NPSS:                          0.020874
  Joint Rotation MAE (deg):      36.995965
  Joint Rotation RMSE (deg):     60.225469
  Joint Position MAE:            3.736542
  Joint Position RMSE:           5.415048
  Root Position MAE:             1.925434
  Root Position RMSE:            2.658966
  MDC (pred):                    0.317815
  MDC (gt):                      0.120711
  MDC (pred-gt %):               191.6053%
  MDCSS (pred):                  1.936636
  MDCSS (gt):                    0.435991
  MDCSS (pred-gt %):             480.1389%

============================================================
  Case: with_root   Dataset: lafan1_reduced   (n=228)
============================================================
  L2P (mean joint pos error):    15.341062
  L2Q (mean joint quat error):   0.427704
  NPSS:                          0.017372
  Joint Rotation MAE (deg):      50.570322
  Joint Rotation RMSE (deg):     67.609015
  Joint Position MAE:            7.547598
  Joint Position RMSE:           10.599649
  Root Position MAE:             4.817147
  Root Position RMSE:            6.672120
  MDC (pred):                    0.235062
  MDC (gt):                      0.091962
  MDC (pred-gt %):               328.8250%
  MDCSS (pred):                  2.032775
  MDCSS (gt):                    0.572653
  MDCSS (pred-gt %):             504.5358%

============================================================
  Case: with_root   Dataset: pfnn   (n=723)
============================================================
  L2P (mean joint pos error):    12.492592
  L2Q (mean joint quat error):   0.399189
  NPSS:                          0.015844
  Joint Rotation MAE (deg):      47.911319
  Joint Rotation RMSE (deg):     70.827810
  Joint Position MAE:            6.189369
  Joint Position RMSE:           8.531641
  Root Position MAE:             4.427029
  Root Position RMSE:            6.157067
  MDC (pred):                    0.341938
  MDC (gt):                      0.091641
  MDC (pred-gt %):               506.1858%
  MDCSS (pred):                  2.795583
  MDCSS (gt):                    0.558422
  MDCSS (pred-gt %):             802.4179%

============================================================
  Case: with_root   Dataset: SFU   (n=142)
============================================================
  L2P (mean joint pos error):    9.811054
  L2Q (mean joint quat error):   0.442592
  NPSS:                          0.022944
  Joint Rotation MAE (deg):      52.810489
  Joint Rotation RMSE (deg):     72.881459
  Joint Position MAE:            4.716038
  Joint Position RMSE:           7.159134
  Root Position MAE:             2.110031
  Root Position RMSE:            2.905861
  MDC (pred):                    0.292195
  MDC (gt):                      0.068450
  MDC (pred-gt %):               405.8535%
  MDCSS (pred):                  2.551653
  MDCSS (gt):                    0.386480
  MDCSS (pred-gt %):             685.3939%

============================================================
  Case: with_root   Dataset: TotalCapture   (n=861)
============================================================
  L2P (mean joint pos error):    7.229680
  L2Q (mean joint quat error):   0.335649
  NPSS:                          0.024305
  Joint Rotation MAE (deg):      39.801856
  Joint Rotation RMSE (deg):     60.244694
  Joint Position MAE:            3.544789
  Joint Position RMSE:           5.099008
  Root Position MAE:             1.845241
  Root Position RMSE:            2.542549
  MDC (pred):                    0.678479
  MDC (gt):                      0.068950
  MDC (pred-gt %):               3054.2383%
  MDCSS (pred):                  1.484854
  MDCSS (gt):                    0.400258
  MDCSS (pred-gt %):             932.2366%

============================================================
  Case: with_root   Dataset: ALL   (n=2250)
============================================================
  L2P (mean joint pos error):    9.962931
  L2Q (mean joint quat error):   0.368682
  NPSS:                          0.020346
  Joint Rotation MAE (deg):      43.950760
  Joint Rotation RMSE (deg):     65.186644
  Joint Position MAE:            4.899344
  Joint Position RMSE:           6.931019
  Root Position MAE:             3.003270
  Root Position RMSE:            4.160722
  MDC (pred):                    0.453578
  MDC (gt):                      0.085351
  MDC (pred-gt %):               1415.5511%
  MDCSS (pred):                  2.088319
  MDCSS (gt):                    0.472382
  MDCSS (pred-gt %):             772.1267%

============================================================
  Case: no_root   Dataset: ACAAD   (n=296)
============================================================
  L2P (mean joint pos error):    7.484136
  L2Q (mean joint quat error):   0.309330
  NPSS:                          0.020874
  Joint Rotation MAE (deg):      36.995965
  Joint Rotation RMSE (deg):     60.225469
  Joint Position MAE:            3.649022
  Joint Position RMSE:           5.378726
  Root Position MAE:             0.000000
  Root Position RMSE:            0.000000
  MDC (pred):                    0.317803
  MDC (gt):                      0.120698
  MDC (pred-gt %):               191.6248%
  MDCSS (pred):                  1.936669
  MDCSS (gt):                    0.436027
  MDCSS (pred-gt %):             480.1062%

============================================================
  Case: no_root   Dataset: lafan1_reduced   (n=228)
============================================================
  L2P (mean joint pos error):    14.891828
  L2Q (mean joint quat error):   0.427704
  NPSS:                          0.017372
  Joint Rotation MAE (deg):      50.570322
  Joint Rotation RMSE (deg):     67.609015
  Joint Position MAE:            7.328637
  Joint Position RMSE:           10.494725
  Root Position MAE:             0.000000
  Root Position RMSE:            0.000000
  MDC (pred):                    0.235026
  MDC (gt):                      0.091919
  MDC (pred-gt %):               328.8628%
  MDCSS (pred):                  2.032723
  MDCSS (gt):                    0.572555
  MDCSS (pred-gt %):             504.5576%

============================================================
  Case: no_root   Dataset: pfnn   (n=723)
============================================================
  L2P (mean joint pos error):    12.127851
  L2Q (mean joint quat error):   0.399189
  NPSS:                          0.015844
  Joint Rotation MAE (deg):      47.911319
  Joint Rotation RMSE (deg):     70.827810
  Joint Position MAE:            6.012288
  Joint Position RMSE:           8.434660
  Root Position MAE:             0.000000
  Root Position RMSE:            0.000000
  MDC (pred):                    0.341938
  MDC (gt):                      0.091641
  MDC (pred-gt %):               506.1858%
  MDCSS (pred):                  2.795583
  MDCSS (gt):                    0.558422
  MDCSS (pred-gt %):             802.4179%

============================================================
  Case: no_root   Dataset: SFU   (n=142)
============================================================
  L2P (mean joint pos error):    9.603155
  L2Q (mean joint quat error):   0.442592
  NPSS:                          0.022944
  Joint Rotation MAE (deg):      52.810489
  Joint Rotation RMSE (deg):     72.881459
  Joint Position MAE:            4.615561
  Joint Position RMSE:           7.124478
  Root Position MAE:             0.000000
  Root Position RMSE:            0.000000
  MDC (pred):                    0.292194
  MDC (gt):                      0.068449
  MDC (pred-gt %):               405.8566%
  MDCSS (pred):                  2.551654
  MDCSS (gt):                    0.386481
  MDCSS (pred-gt %):             685.3927%

============================================================
  Case: no_root   Dataset: TotalCapture   (n=861)
============================================================
  L2P (mean joint pos error):    7.063828
  L2Q (mean joint quat error):   0.335649
  NPSS:                          0.024305
  Joint Rotation MAE (deg):      39.801856
  Joint Rotation RMSE (deg):     60.244694
  Joint Position MAE:            3.464561
  Joint Position RMSE:           5.065127
  Root Position MAE:             0.000000
  Root Position RMSE:            0.000000
  MDC (pred):                    0.678469
  MDC (gt):                      0.068940
  MDC (pred-gt %):               3056.7845%
  MDCSS (pred):                  1.484839
  MDCSS (gt):                    0.400242
  MDCSS (pred-gt %):             932.8386%

============================================================
  Case: no_root   Dataset: ALL   (n=2250)
============================================================
  L2P (mean joint pos error):    9.699858
  L2Q (mean joint quat error):   0.368682
  NPSS:                          0.020346
  Joint Rotation MAE (deg):      43.950760
  Joint Rotation RMSE (deg):     65.186644
  Joint Position MAE:            4.771698
  Joint Position RMSE:           6.869293
  Root Position MAE:             0.000000
  Root Position RMSE:            0.000000
  MDC (pred):                    0.453569
  MDC (gt):                      0.085341
  MDC (pred-gt %):               1416.5320%
  MDCSS (pred):                  2.088312
  MDCSS (gt):                    0.472371
  MDCSS (pred-gt %):             772.3549%

