Loading dataset...
Female1_A02_Sway.bvh (1/183)
  loaded precomputed global rotation features
Female1_A02_SwayT2.bvh (2/183)
  loaded precomputed global rotation features
Female1_A03_Swing.bvh (3/183)
  loaded precomputed global rotation features
Female1_A04_Look.bvh (4/183)
  loaded precomputed global rotation features
Female1_A05_PickUpBox.bvh (5/183)
  loaded precomputed global rotation features
Female1_A06_LiftBox.bvh (6/183)
  loaded precomputed global rotation features
Female1_A06_LiftBoxT2.bvh (7/183)
  loaded precomputed global rotation features
Female1_A07_Crouch.bvh (8/183)
  loaded precomputed global rotation features
Female1_A11_CrawlForward.bvh (9/183)
  loaded precomputed global rotation features
Female1_A12_CrawlBackwards.bvh (10/183)
  loaded precomputed global rotation features
Female1_A15_SkipToStand.bvh (11/183)
  loaded precomputed global rotation features
Female1_B01_StandToWalk.bvh (12/183)
  loaded precomputed global rotation features
Female1_B02_WalkToStand.bvh (13/183)
  loaded precomputed global rotation features
  1 bad transition(s) detected, affected windows will be skipped
  Skipped 8 window(s) containing jumps
Female1_B02_WalkToStandT2.bvh (14/183)
  loaded precomputed global rotation features
Female1_B03_Walk1.bvh (15/183)
  loaded precomputed global rotation features
Female1_B05_WalkBackwards.bvh (16/183)
  Skipping Female1_B05_WalkBackwards.bvh (too short, 47 < 65)
Female1_B06_WalkBackwardsToStand.bvh (17/183)
  loaded precomputed global rotation features
Female1_B08_WalkBackwardsStopForwards.bvh (18/183)
  loaded precomputed global rotation features
Female1_B09_WalkTurnLeft90.bvh (19/183)
  loaded precomputed global rotation features
Female1_B10_WalkTurnLeft45.bvh (20/183)
  loaded precomputed global rotation features
Female1_B11_WalkTurnLeft135.bvh (21/183)
  loaded precomputed global rotation features
Female1_B12_WalkTurnRight90.bvh (22/183)
  loaded precomputed global rotation features
Female1_B13_WalkTurnRight45.bvh (23/183)
  loaded precomputed global rotation features
Female1_B14_WalkTurnRight135.bvh (24/183)
  loaded precomputed global rotation features
Female1_B15_WalkTurnAround180.bvh (25/183)
  loaded precomputed global rotation features
  1 bad transition(s) detected, affected windows will be skipped
  Skipped 1 window(s) containing jumps
Female1_B16_WalkTurnChangeDirection.bvh (26/183)
  loaded precomputed global rotation features
Female1_B20_WalkWithBox.bvh (27/183)
  loaded precomputed global rotation features
Female1_B21_S2_PutDownBoxToWalk.bvh (28/183)
  loaded precomputed global rotation features
Female1_B21_S3_PutDownBoxToWalk.bvh (29/183)
  loaded precomputed global rotation features
Female1_B24_WalkToCrouch.bvh (30/183)
  loaded precomputed global rotation features
Female1_B25_CrouchToWalk.bvh (31/183)
  loaded precomputed global rotation features
Female1_B26_WalkToSkip.bvh (32/183)
  loaded precomputed global rotation features
Female1_B27_SkipToWalk1.bvh (33/183)
  loaded precomputed global rotation features
Female1_C02_RunToStand.bvh (34/183)
  loaded precomputed global rotation features
Female1_C03_Run.bvh (35/183)
  Skipping Female1_C03_Run.bvh (too short, 35 < 65)
Female1_C04_RunToWalk1.bvh (36/183)
  loaded precomputed global rotation features
Female1_C05_WalkToRun.bvh (37/183)
  loaded precomputed global rotation features
Female1_C06_StandToRunBackwards.bvh (38/183)
  loaded precomputed global rotation features
Female1_C07_RunBackwards.bvh (39/183)
  loaded precomputed global rotation features
Female1_C08_RunBackwardsToStand.bvh (40/183)
  loaded precomputed global rotation features
Female1_C09_RunBackwardsTurnRunForward.bvh (41/183)
  Skipping Female1_C09_RunBackwardsTurnRunForward.bvh (too short, 59 < 65)
Female1_C10_RunBackwardsStopRunForward.bvh (42/183)
  loaded precomputed global rotation features
Female1_C11_RunTurnLeft90.bvh (43/183)
  Skipping Female1_C11_RunTurnLeft90.bvh (too short, 63 < 65)
Female1_C12_RunTurnLeft45.bvh (44/183)
  loaded precomputed global rotation features
Female1_C13_RunTurnLeft135.bvh (45/183)
  loaded precomputed global rotation features
Female1_C14_RunTurnRight90.bvh (46/183)
  loaded precomputed global rotation features
Female1_C15_RunTurnRight45.bvh (47/183)
  Skipping Female1_C15_RunTurnRight45.bvh (too short, 63 < 65)
Female1_C16_RunTurnRight135.bvh (48/183)
  loaded precomputed global rotation features
Female1_C17_RunTurnAround.bvh (49/183)
  loaded precomputed global rotation features
  1 bad transition(s) detected, affected windows will be skipped
  Skipped 5 window(s) containing jumps
Female1_C18_RunChangeDirection.bvh (50/183)
  loaded precomputed global rotation features
Female1_C21_S2_RunToPickUpBox.bvh (51/183)
  Skipping Female1_C21_S2_RunToPickUpBox.bvh (too short, 63 < 65)
Female1_C22_RunWithBox.bvh (52/183)
  Skipping Female1_C22_RunWithBox.bvh (too short, 51 < 65)
Female1_C23_PutDownBoxToRun.bvh (53/183)
  loaded precomputed global rotation features
Female1_C24_SideStepLeft.bvh (54/183)
  loaded precomputed global rotation features
Female1_C25_SideStepRight.bvh (55/183)
  loaded precomputed global rotation features
Female1_C26_RunToCrouch.bvh (56/183)
  loaded precomputed global rotation features
Female1_C27_CrouchToRun1.bvh (57/183)
  loaded precomputed global rotation features
Female1_D1_Urban.bvh (58/183)
  loaded precomputed global rotation features
Female1_D3_ConversationGestures.bvh (59/183)
  loaded precomputed global rotation features
Female1_D5_RandomStuff2.bvh (60/183)
  loaded precomputed global rotation features
Male2_A13_Skip.bvh (61/183)
  loaded precomputed global rotation features
Male2_A14_StandToSkip.bvh (62/183)
  loaded precomputed global rotation features
Male2_A15_SkipToStand.bvh (63/183)
  loaded precomputed global rotation features
Male2_A1_Stand.bvh (64/183)
  loaded precomputed global rotation features
Male2_A2_Sway.bvh (65/183)
  loaded precomputed global rotation features
Male2_A3_SwingArms.bvh (66/183)
  loaded precomputed global rotation features
Male2_A4_LookAround.bvh (67/183)
  loaded precomputed global rotation features
Male2_A5_PickUpBox.bvh (68/183)
  loaded precomputed global rotation features
Male2_A6_BoxLift.bvh (69/183)
  loaded precomputed global rotation features
Male2_B10_WalkTurnLeft45.bvh (70/183)
  loaded precomputed global rotation features
Male2_B11_WalkTurnLeft135.bvh (71/183)
  loaded precomputed global rotation features
Male2_B12_WalkTurnRight90.bvh (72/183)
  loaded precomputed global rotation features
Male2_B15_WalkTurnAround.bvh (73/183)
  loaded precomputed global rotation features
Male2_B17_WalkToHopToWalk.bvh (74/183)
  loaded precomputed global rotation features
Male2_B18_WalkToLeapToWalk.bvh (75/183)
  loaded precomputed global rotation features
Male2_B19_WalkToPickUpBox.bvh (76/183)
  loaded precomputed global rotation features
Male2_B1_StandToWalk.bvh (77/183)
  loaded precomputed global rotation features
Male2_B20_WalkWithBox.bvh (78/183)
  loaded precomputed global rotation features
Male2_B21_PutDownBoxToWalk.bvh (79/183)
  loaded precomputed global rotation features
Male2_B22_SideStepLeft.bvh (80/183)
  loaded precomputed global rotation features
Male2_B23_SideStepRight.bvh (81/183)
  loaded precomputed global rotation features
Male2_B25_CrouchToWalk.bvh (82/183)
  loaded precomputed global rotation features
Male2_B26_WalkToSkip.bvh (83/183)
  loaded precomputed global rotation features
Male2_B27_SkipToWalk.bvh (84/183)
  loaded precomputed global rotation features
Male2_B2_WalkToStand.bvh (85/183)
  loaded precomputed global rotation features
Male2_B4_StandToWalkBackwards.bvh (86/183)
  loaded precomputed global rotation features
Male2_B5_WalkBackwards.bvh (87/183)
  loaded precomputed global rotation features
Male2_B6_WalkBackwardsToStand.bvh (88/183)
  loaded precomputed global rotation features
Male2_B7_WalkBackwardsTurnForward.bvh (89/183)
  loaded precomputed global rotation features
Male2_B8_WalkBackwardsStopForward.bvh (90/183)
  loaded precomputed global rotation features
Male2_B9_WalkTurnLeft90.bvh (91/183)
  loaded precomputed global rotation features
Male2_C11_RunTurnLeft90.bvh (92/183)
  Skipping Male2_C11_RunTurnLeft90.bvh (too short, 63 < 65)
Male2_C12_RunTurnLeft45.bvh (93/183)
  Skipping Male2_C12_RunTurnLeft45.bvh (too short, 52 < 65)
Male2_C13_RunTurnLeft135.bvh (94/183)
  loaded precomputed global rotation features
Male2_C15_RunTurnRight45.bvh (95/183)
  loaded precomputed global rotation features
Male2_C16_RunTurnAround.bvh (96/183)
  loaded precomputed global rotation features
Male2_C16_RunTurnRight135.bvh (97/183)
  loaded precomputed global rotation features
Male2_C17_RunChangeDirection.bvh (98/183)
  loaded precomputed global rotation features
Male2_C18_RunToHopToWalk.bvh (99/183)
  loaded precomputed global rotation features
Male2_C1_StandToRun.bvh (100/183)
  loaded precomputed global rotation features
Male2_C22_RunWithBox.bvh (101/183)
  Skipping Male2_C22_RunWithBox.bvh (too short, 25 < 65)
Male2_C23_PutDownBoxToRun.bvh (102/183)
  loaded precomputed global rotation features
Male2_C24_QuickSidestepLeft.bvh (103/183)
  Skipping Male2_C24_QuickSidestepLeft.bvh (too short, 60 < 65)
Male2_C25_QuickSidestepRight.bvh (104/183)
  Skipping Male2_C25_QuickSidestepRight.bvh (too short, 60 < 65)
Male2_C26_RunToCrouch.bvh (105/183)
  Skipping Male2_C26_RunToCrouch.bvh (too short, 59 < 65)
Male2_C27_CrouchToRun.bvh (106/183)
  Skipping Male2_C27_CrouchToRun.bvh (too short, 59 < 65)
Male2_C2_RunToStand.bvh (107/183)
  loaded precomputed global rotation features
Male2_C3_Run.bvh (108/183)
  Skipping Male2_C3_Run.bvh (too short, 57 < 65)
Male2_C4_RunToWalk.bvh (109/183)
  loaded precomputed global rotation features
Male2_C5_WalkToRun.bvh (110/183)
  loaded precomputed global rotation features
Male2_C7_RunBackwards.bvh (111/183)
  loaded precomputed global rotation features
Male2_C8_RunBackwardsToStand.bvh (112/183)
  loaded precomputed global rotation features
Male2_C9_RunBackwardsTurnRunForward.bvh (113/183)
  loaded precomputed global rotation features
Male2_D10_Victory2.bvh (114/183)
  loaded precomputed global rotation features
Male2_D11_ReadyToTaunt1ToReady.bvh (115/183)
  loaded precomputed global rotation features
Male2_D12_ReadyToTaunt1ToReady.bvh (116/183)
  loaded precomputed global rotation features
Male2_D13_CrouchToReady.bvh (117/183)
  loaded precomputed global rotation features
Male2_D14_ReadyToCrouch.bvh (118/183)
  loaded precomputed global rotation features
Male2_D15_SwitchStance.bvh (119/183)
  loaded precomputed global rotation features
Male2_D16_SwitchStanceMore.bvh (120/183)
  loaded precomputed global rotation features
Male2_D2_WalkToReady.bvh (121/183)
  loaded precomputed global rotation features
Male2_D4_ReadyToRelax.bvh (122/183)
  loaded precomputed global rotation features
Male2_D5_ReadyToWalkAway.bvh (123/183)
  loaded precomputed global rotation features
Male2_D6_ReadyToRun.bvh (124/183)
  loaded precomputed global rotation features
Male2_D7_WalkToBow.bvh (125/183)
  loaded precomputed global rotation features
Male2_D9_Victory1.bvh (126/183)
  loaded precomputed global rotation features
Male2_D9_WarmUpToReadyToWarmUp.bvh (127/183)
  loaded precomputed global rotation features
Male2_E10_BodyHookRight.bvh (128/183)
  loaded precomputed global rotation features
Male2_E10_SideStepRight.bvh (129/183)
  Skipping Male2_E10_SideStepRight.bvh (too short, 58 < 65)
Male2_E11_BackfistLeft.bvh (130/183)
  loaded precomputed global rotation features
Male2_E11_BlockLeftHigh.bvh (131/183)
  loaded precomputed global rotation features
Male2_E12_BackfistRight.bvh (132/183)
  loaded precomputed global rotation features
Male2_E12_BlockLeftLow.bvh (133/183)
  loaded precomputed global rotation features
Male2_E14_BlockRightLow.bvh (134/183)
  loaded precomputed global rotation features
Male2_E14_BodyCrossRight.bvh (135/183)
  loaded precomputed global rotation features
Male2_E15_BlockLeftMiddle.bvh (136/183)
  loaded precomputed global rotation features
Male2_E15_BodyJabRight.bvh (137/183)
  Skipping Male2_E15_BodyJabRight.bvh (too short, 51 < 65)
Male2_E16_BlockRightMiddle.bvh (138/183)
  loaded precomputed global rotation features
Male2_E16_BodyJabLeft.bvh (139/183)
  loaded precomputed global rotation features
Male2_E17_BlockMiddleHigh.bvh (140/183)
  loaded precomputed global rotation features
Male2_E18_BlockMiddleLow.bvh (141/183)
  loaded precomputed global rotation features
Male2_E19_DodgeLeft.bvh (142/183)
  loaded precomputed global rotation features
Male2_E1_JabLeft.bvh (143/183)
  loaded precomputed global rotation features
Male2_E20_DodgeRight.bvh (144/183)
  loaded precomputed global rotation features
Male2_E21_DuckLeft.bvh (145/183)
  loaded precomputed global rotation features
Male2_E22_DuckRight.bvh (146/183)
  loaded precomputed global rotation features
Male2_E2_TurnAroundLeft.bvh (147/183)
  loaded precomputed global rotation features
Male2_E3_Advance.bvh (148/183)
  loaded precomputed global rotation features
Male2_E3_CrossLeft.bvh (149/183)
  loaded precomputed global rotation features
Male2_E4_CrossRight.bvh (150/183)
  loaded precomputed global rotation features
Male2_E4_QuickAdvance.bvh (151/183)
  loaded precomputed global rotation features
Male2_E5_HookLeft.bvh (152/183)
  loaded precomputed global rotation features
Male2_E5_Retreat.bvh (153/183)
  loaded precomputed global rotation features
Male2_E6_HookRight.bvh (154/183)
  loaded precomputed global rotation features
Male2_E6_QuickRetreat.bvh (155/183)
  loaded precomputed global rotation features
Male2_E7_SuperFastAdvance.bvh (156/183)
  loaded precomputed global rotation features
Male2_E7_UppercutLeft.bvh (157/183)
  loaded precomputed global rotation features
Male2_E8_Bounce.bvh (158/183)
  loaded precomputed global rotation features
Male2_E8_UppercutRight.bvh (159/183)
  loaded precomputed global rotation features
Male2_E9_BodyHookLeft.bvh (160/183)
  loaded precomputed global rotation features
Male2_E9_SideStepLeft.bvh (161/183)
  loaded precomputed global rotation features
Male2_Extended_1.bvh (162/183)
  loaded precomputed global rotation features
Male2_Extended_2.bvh (163/183)
  loaded precomputed global rotation features
Male2_Extended_3.bvh (164/183)
  loaded precomputed global rotation features
  1 bad transition(s) detected, affected windows will be skipped
  Skipped 64 window(s) containing jumps
Male2_Form_1.bvh (165/183)
  loaded precomputed global rotation features
Male2_G10_RoundhouseLeadingLeft.bvh (166/183)
  loaded precomputed global rotation features
Male2_G11_RoundhouseLeadingRight.bvh (167/183)
  loaded precomputed global rotation features
Male2_G12_CrescentLeft.bvh (168/183)
  loaded precomputed global rotation features
Male2_G13_CrescentRight.bvh (169/183)
  loaded precomputed global rotation features
Male2_G14_RoundhouseBodyLeft.bvh (170/183)
  loaded precomputed global rotation features
Male2_G15_RoundhouseBodyRight.bvh (171/183)
  loaded precomputed global rotation features
Male2_G16_DoubleKick.bvh (172/183)
  loaded precomputed global rotation features
Male2_G17_PushKickLeft.bvh (173/183)
  loaded precomputed global rotation features
Male2_G18_PushKickRight.bvh (174/183)
  loaded precomputed global rotation features
Male2_G19_ReverseSpinCrescentLeft.bvh (175/183)
  loaded precomputed global rotation features
Male2_G1_SidekickLeadingLeft.bvh (176/183)
  loaded precomputed global rotation features
Male2_G2_FrontKick.bvh (177/183)
  loaded precomputed global rotation features
Male2_G3_SidekickLeadingRight.bvh (178/183)
  Skipping Male2_G3_SidekickLeadingRight.bvh (too short, 59 < 65)
Male2_G4_SpinningBackKick.bvh (179/183)
  loaded precomputed global rotation features
Male2_G5_BackKick.bvh (180/183)
  loaded precomputed global rotation features
Male2_G8_RoundhouseLeft.bvh (181/183)
  loaded precomputed global rotation features
Male2_G9_RoundhouseRight.bvh (182/183)
  Skipping Male2_G9_RoundhouseRight.bvh (too short, 54 < 65)
Male2_G9_RoundhouseRightT2.bvh (183/183)
  loaded precomputed global rotation features
aiming1_subject1.bvh (1/11)
  loaded precomputed global rotation features
dance1_subject1.bvh (2/11)
  loaded precomputed global rotation features
fallAndGetUp1_subject1.bvh (3/11)
  loaded precomputed global rotation features
fightAndSports1_subject1.bvh (4/11)
  loaded precomputed global rotation features
ground1_subject1.bvh (5/11)
  loaded precomputed global rotation features
jumps1_subject1.bvh (6/11)
  loaded precomputed global rotation features
multipleActions1_subject1.bvh (7/11)
  loaded precomputed global rotation features
obstacles1_subject1.bvh (8/11)
  loaded precomputed global rotation features
run2_subject1.bvh (9/11)
  loaded precomputed global rotation features
walk1_subject1.bvh (10/11)
  loaded precomputed global rotation features
walk4_subject1.bvh (11/11)
  loaded precomputed global rotation features
LocomotionFlat01_000.bvh (1/12)
  loaded precomputed global rotation features
LocomotionFlat02_000.bvh (2/12)
  loaded precomputed global rotation features
LocomotionFlat02_001.bvh (3/12)
  loaded precomputed global rotation features
LocomotionFlat03_000.bvh (4/12)
  loaded precomputed global rotation features
  2 bad transition(s) detected, affected windows will be skipped
  Skipped 128 window(s) containing jumps
LocomotionFlat04_000.bvh (5/12)
  loaded precomputed global rotation features
LocomotionFlat05_000.bvh (6/12)
  loaded precomputed global rotation features
LocomotionFlat06_000.bvh (7/12)
  loaded precomputed global rotation features
  1 bad transition(s) detected, affected windows will be skipped
  Skipped 64 window(s) containing jumps
LocomotionFlat06_001.bvh (8/12)
  loaded precomputed global rotation features
LocomotionFlat08_000.bvh (9/12)
  loaded precomputed global rotation features
LocomotionFlat09_000.bvh (10/12)
  loaded precomputed global rotation features
LocomotionFlat10_000.bvh (11/12)
  loaded precomputed global rotation features
LocomotionFlat12_000.bvh (12/12)
  loaded precomputed global rotation features
  10 bad transition(s) detected, affected windows will be skipped
  Skipped 393 window(s) containing jumps
0005_2FeetJump001.bvh (1/27)
  loaded precomputed global rotation features
0005_BackwardsWalk001.bvh (2/27)
  loaded precomputed global rotation features
0005_JumpRope001.bvh (3/27)
  loaded precomputed global rotation features
0005_SideSkip001.bvh (4/27)
  loaded precomputed global rotation features
0005_SlowTrot001.bvh (5/27)
  loaded precomputed global rotation features
0005_Stomping001.bvh (6/27)
  loaded precomputed global rotation features
0005_Walking001.bvh (7/27)
  loaded precomputed global rotation features
0007_Balance001.bvh (8/27)
  loaded precomputed global rotation features
0007_Crawling001.bvh (9/27)
  loaded precomputed global rotation features
0007_Walking001.bvh (10/27)
  loaded precomputed global rotation features
0008_ChaCha001.bvh (11/27)
  loaded precomputed global rotation features
0008_Skipping001.bvh (12/27)
  loaded precomputed global rotation features
0008_Walking001.bvh (13/27)
  loaded precomputed global rotation features
0008_Yoga001.bvh (14/27)
  loaded precomputed global rotation features
0015_JumpOverObstacle001.bvh (15/27)
  loaded precomputed global rotation features
0015_KendoKata001.bvh (16/27)
  loaded precomputed global rotation features
0017_WushuKicks001.bvh (17/27)
  loaded precomputed global rotation features
0018_Bridge001.bvh (18/27)
  loaded precomputed global rotation features
0018_Catwalk001.bvh (19/27)
  Skipping 0018_Catwalk001.bvh (too short, 53 < 65)
0018_DanceTurns001.bvh (20/27)
  loaded precomputed global rotation features
0018_DanceTurns002.bvh (21/27)
  loaded precomputed global rotation features
0018_Moonwalk001.bvh (22/27)
  loaded precomputed global rotation features
0018_TraditionalChineseDance001.bvh (23/27)
  Skipping 0018_TraditionalChineseDance001.bvh (too short, 42 < 65)
0018_Walking001.bvh (24/27)
  loaded precomputed global rotation features
0018_XinJiang003.bvh (25/27)
  loaded precomputed global rotation features
0019_AdvanceBollywoodDance001.bvh (26/27)
  loaded precomputed global rotation features
  1 bad transition(s) detected, affected windows will be skipped
  Skipped 20 window(s) containing jumps
0019_BasicBollywoodDance001.bvh (27/27)
  loaded precomputed global rotation features
  3 bad transition(s) detected, affected windows will be skipped
  Skipped 160 window(s) containing jumps
S1_acting2_BlenderZXY_YmZ.bvh (1/29)
  loaded precomputed global rotation features
  1 bad transition(s) detected, affected windows will be skipped
  Skipped 64 window(s) containing jumps
S1_freestyle1_BlenderZXY_YmZ.bvh (2/29)
  loaded precomputed global rotation features
S1_freestyle2_BlenderZXY_YmZ.bvh (3/29)
  loaded precomputed global rotation features
S1_rom1_BlenderZXY_YmZ.bvh (4/29)
  loaded precomputed global rotation features
S1_rom2_BlenderZXY_YmZ.bvh (5/29)
  loaded precomputed global rotation features
S1_walking1_BlenderZXY_YmZ.bvh (6/29)
  loaded precomputed global rotation features
S1_walking2_BlenderZXY_YmZ.bvh (7/29)
  loaded precomputed global rotation features
S2_acting1_BlenderZXY_YmZ.bvh (8/29)
  loaded precomputed global rotation features
  2 bad transition(s) detected, affected windows will be skipped
  Skipped 79 window(s) containing jumps
S2_acting2_BlenderZXY_YmZ.bvh (9/29)
  loaded precomputed global rotation features
  1 bad transition(s) detected, affected windows will be skipped
  Skipped 64 window(s) containing jumps
S2_freestyle1_BlenderZXY_YmZ.bvh (10/29)
  loaded precomputed global rotation features
  6 bad transition(s) detected, affected windows will be skipped
  Skipped 211 window(s) containing jumps
S2_freestyle2_BlenderZXY_YmZ.bvh (11/29)
  loaded precomputed global rotation features
  2 bad transition(s) detected, affected windows will be skipped
  Skipped 81 window(s) containing jumps
S2_rom1_BlenderZXY_YmZ.bvh (12/29)
  loaded precomputed global rotation features
  4 bad transition(s) detected, affected windows will be skipped
  Skipped 108 window(s) containing jumps
S2_rom2_BlenderZXY_YmZ.bvh (13/29)
  loaded precomputed global rotation features
  7 bad transition(s) detected, affected windows will be skipped
  Skipped 345 window(s) containing jumps
S2_walking1_BlenderZXY_YmZ.bvh (14/29)
  loaded precomputed global rotation features
S3_acting1_BlenderZXY_YmZ.bvh (15/29)
  loaded precomputed global rotation features
  4 bad transition(s) detected, affected windows will be skipped
  Skipped 171 window(s) containing jumps
S3_acting3_BlenderZXY_YmZ.bvh (16/29)
  loaded precomputed global rotation features
  3 bad transition(s) detected, affected windows will be skipped
  Skipped 165 window(s) containing jumps
S3_freestyle1_BlenderZXY_YmZ.bvh (17/29)
  loaded precomputed global rotation features
  42 bad transition(s) detected, affected windows will be skipped
  Skipped 487 window(s) containing jumps
S3_freestyle3_BlenderZXY_YmZ.bvh (18/29)
  loaded precomputed global rotation features
  4 bad transition(s) detected, affected windows will be skipped
  Skipped 174 window(s) containing jumps
S3_rom1_BlenderZXY_YmZ.bvh (19/29)
  loaded precomputed global rotation features
S3_walking1_BlenderZXY_YmZ.bvh (20/29)
  loaded precomputed global rotation features
S4_acting3_BlenderZXY_YmZ.bvh (21/29)
  loaded precomputed global rotation features
  17 bad transition(s) detected, affected windows will be skipped
  Skipped 457 window(s) containing jumps
S4_freestyle3_BlenderZXY_YmZ.bvh (22/29)
  loaded precomputed global rotation features
S4_rom3_BlenderZXY_YmZ.bvh (23/29)
  loaded precomputed global rotation features
S4_walking2_BlenderZXY_YmZ.bvh (24/29)
  loaded precomputed global rotation features
S5_acting3_BlenderZXY_YmZ.bvh (25/29)
  loaded precomputed global rotation features
S5_freestyle1_BlenderZXY_YmZ.bvh (26/29)
  loaded precomputed global rotation features
S5_freestyle3_BlenderZXY_YmZ.bvh (27/29)
  loaded precomputed global rotation features
S5_rom3_BlenderZXY_YmZ.bvh (28/29)
  loaded precomputed global rotation features2026-08-06 07:50:33,492 - INFO - Using config: abl_rot_global_all.json
2026-08-06 07:50:33,492 - INFO - RUN_ID=20260806-075008
2026-08-06 07:50:33,493 - INFO - Train size: 131715, Validation size: 33002, Dropped at split boundaries: 18798, Unique skeletons: 5
2026-08-06 07:50:33,494 - INFO - Hyperparameters | step_size=1, context_length=50, gen_frames=15, hid_lyrs=[256, 256, 128, 128, 96, 96], head_num=8, dropout=0.05, facing_normalization=True, skeleton_geometry=True, global_rotations=True, fk_loss=True, mdc_loss=False, mdc_weight=1.0, seed=3, split_seed=3, rot_weight=50.0, pos_weight=1.0, smooth_weight=1.0, transition_weight=1.0, root_pos_weight=0.3, grad_clip_norm=3000.0, early_stopping_patience=20, early_stopping_min_delta=0.5, epochs=1000, batch_size=512, lr=0.001, val_ratio=0.2, params=13326907
2026-08-06 07:51:58,745 - INFO - Epoch 001 | Train Loss: 2186.534886 (rot: 96.980524, pos: 801.453401, root: 287.732181) | Val Loss: 832.163374 (rot: 86.822953, pos: 341.043675, smooth: 355.127518, root: 49.169222) | LR: 1.00e-03
2026-08-06 07:51:58,789 - INFO - New best val loss 832.163374. Saved: model_20260806-075008-best.pth
2026-08-06 07:52:51,161 - INFO - Epoch 002 | Train Loss: 534.936417 (rot: 60.625427, pos: 222.139794, root: 38.240121) | Val Loss: 431.770063 (rot: 44.859118, pos: 177.368441, smooth: 164.215200, root: 45.327303) | LR: 1.00e-03
2026-08-06 07:52:51,210 - INFO - New best val loss 431.770063. Saved: model_20260806-075008-best.pth
2026-08-06 07:53:43,159 - INFO - Epoch 003 | Train Loss: 390.568608 (rot: 46.628353, pos: 168.467672, root: 27.430950) | Val Loss: 313.237426 (rot: 39.638066, pos: 135.492876, smooth: 111.052013, root: 27.054466) | LR: 1.00e-03
2026-08-06 07:53:43,203 - INFO - New best val loss 313.237426. Saved: model_20260806-075008-best.pth
2026-08-06 07:54:35,430 - INFO - Epoch 004 | Train Loss: 292.547738 (rot: 40.472566, pos: 125.070349, root: 25.300029) | Val Loss: 239.633108 (rot: 35.304283, pos: 104.213167, smooth: 76.583845, root: 23.531812) | LR: 1.00e-03
2026-08-06 07:54:35,474 - INFO - New best val loss 239.633108. Saved: model_20260806-075008-best.pth
2026-08-06 07:55:27,651 - INFO - Epoch 005 | Train Loss: 239.616061 (rot: 36.279687, pos: 106.338785, root: 22.432271) | Val Loss: 243.274183 (rot: 32.497325, pos: 101.947061, smooth: 78.560832, root: 30.268965) | LR: 1.00e-03
2026-08-06 07:56:19,999 - INFO - Epoch 006 | Train Loss: 236.920875 (rot: 34.794049, pos: 105.853554, root: 23.494780) | Val Loss: 350.371730 (rot: 35.728528, pos: 135.040546, smooth: 144.013105, root: 35.589552) | LR: 1.00e-03
2026-08-06 07:57:12,220 - INFO - Epoch 007 | Train Loss: 224.189387 (rot: 33.400579, pos: 100.763705, root: 20.692610) | Val Loss: 228.032629 (rot: 31.433564, pos: 97.768982, smooth: 78.823017, root: 20.007065) | LR: 1.00e-03
2026-08-06 07:57:12,264 - INFO - New best val loss 228.032629. Saved: model_20260806-075008-best.pth
2026-08-06 07:58:04,182 - INFO - Epoch 008 | Train Loss: 192.105284 (rot: 31.201233, pos: 89.040610, root: 19.577140) | Val Loss: 183.545569 (rot: 28.785182, pos: 84.565352, smooth: 50.511673, root: 19.683362) | LR: 1.00e-03
2026-08-06 07:58:04,225 - INFO - New best val loss 183.545569. Saved: model_20260806-075008-best.pth
2026-08-06 07:58:57,238 - INFO - Epoch 009 | Train Loss: 194.777211 (rot: 30.727988, pos: 88.742495, root: 22.107280) | Val Loss: 215.492121 (rot: 30.530362, pos: 97.681165, smooth: 68.071006, root: 19.209586) | LR: 1.00e-03
2026-08-06 07:59:49,689 - INFO - Epoch 010 | Train Loss: 202.419531 (rot: 31.294335, pos: 93.392498, root: 18.382516) | Val Loss: 176.710509 (rot: 27.777408, pos: 82.405120, smooth: 47.724008, root: 18.803973) | LR: 1.00e-03
2026-08-06 07:59:49,730 - INFO - Saved checkpoint: model_20260806-075008-10.pth
2026-08-06 07:59:49,771 - INFO - New best val loss 176.710509. Saved: model_20260806-075008-best.pth
2026-08-06 08:00:34,039 - INFO - Epoch 011 | Train Loss: 175.698222 (rot: 29.595597, pos: 83.449813, root: 16.091888) | Val Loss: 164.453213 (rot: 27.383070, pos: 77.403683, smooth: 41.281513, root: 18.384946) | LR: 1.00e-03
2026-08-06 08:00:34,084 - INFO - New best val loss 164.453213. Saved: model_20260806-075008-best.pth
2026-08-06 08:01:17,773 - INFO - Epoch 012 | Train Loss: 165.631968 (rot: 28.284574, pos: 76.018361, root: 22.452712) | Val Loss: 154.971240 (rot: 26.057768, pos: 70.352042, smooth: 34.541105, root: 24.020325) | LR: 1.00e-03
2026-08-06 08:01:17,815 - INFO - New best val loss 154.971240. Saved: model_20260806-075008-best.pth
2026-08-06 08:02:01,227 - INFO - Epoch 013 | Train Loss: 163.142945 (rot: 27.926341, pos: 75.255215, root: 20.383371) | Val Loss: 158.130223 (rot: 26.652290, pos: 74.270210, smooth: 40.836936, root: 16.370785) | LR: 1.00e-03
2026-08-06 08:02:47,432 - INFO - Epoch 014 | Train Loss: 150.774407 (rot: 27.612054, pos: 71.558313, root: 16.311017) | Val Loss: 139.236067 (rot: 25.956996, pos: 66.473277, smooth: 30.544758, root: 16.261036) | LR: 1.00e-03
2026-08-06 08:02:47,474 - INFO - New best val loss 139.236067. Saved: model_20260806-075008-best.pth
2026-08-06 08:04:01,240 - INFO - Epoch 015 | Train Loss: 157.402119 (rot: 28.278237, pos: 74.156465, root: 15.357398) | Val Loss: 134.856631 (rot: 25.168094, pos: 64.614321, smooth: 28.772304, root: 16.301911) | LR: 1.00e-03
2026-08-06 08:04:01,288 - INFO - New best val loss 134.856631. Saved: model_20260806-075008-best.pth
2026-08-06 08:05:14,942 - INFO - Epoch 016 | Train Loss: 130.884377 (rot: 26.136081, pos: 63.484662, root: 14.499705) | Val Loss: 137.268926 (rot: 25.292449, pos: 64.247201, smooth: 31.504331, root: 16.224945) | LR: 1.00e-03
2026-08-06 08:06:28,636 - INFO - Epoch 017 | Train Loss: 154.538937 (rot: 27.391998, pos: 72.761018, root: 15.378686) | Val Loss: 121.327050 (rot: 24.064752, pos: 58.882012, smooth: 23.809531, root: 14.570755) | LR: 1.00e-03
2026-08-06 08:06:28,679 - INFO - New best val loss 121.327050. Saved: model_20260806-075008-best.pth
2026-08-06 08:07:41,538 - INFO - Epoch 018 | Train Loss: 139.764346 (rot: 26.465708, pos: 66.476477, root: 14.493875) | Val Loss: 124.812941 (rot: 24.131716, pos: 59.972423, smooth: 25.436317, root: 15.272484) | LR: 1.00e-03
2026-08-06 08:08:54,255 - INFO - Epoch 019 | Train Loss: 132.657313 (rot: 25.555458, pos: 61.540145, root: 17.541957) | Val Loss: 143.234951 (rot: 25.558415, pos: 66.922364, smooth: 34.766409, root: 15.987762) | LR: 1.00e-03
2026-08-06 08:10:07,683 - INFO - Epoch 020 | Train Loss: 120.753763 (rot: 25.066194, pos: 57.841242, root: 13.727115) | Val Loss: 107.158078 (rot: 22.820180, pos: 51.999061, smooth: 18.553579, root: 13.785258) | LR: 1.00e-03
2026-08-06 08:10:07,725 - INFO - Saved checkpoint: model_20260806-075008-20.pth
2026-08-06 08:10:07,768 - INFO - New best val loss 107.158078. Saved: model_20260806-075008-best.pth
2026-08-06 08:11:20,434 - INFO - Epoch 021 | Train Loss: 115.355078 (rot: 24.468855, pos: 55.238775, root: 13.323407) | Val Loss: 124.541214 (rot: 23.317176, pos: 58.522417, smooth: 28.570337, root: 14.131285) | LR: 1.00e-03
2026-08-06 08:12:33,654 - INFO - Epoch 022 | Train Loss: 121.664667 (rot: 24.715058, pos: 57.346844, root: 13.793116) | Val Loss: 135.951768 (rot: 24.476912, pos: 62.404110, smooth: 31.599912, root: 17.470832) | LR: 1.00e-03
2026-08-06 08:13:16,536 - INFO - Epoch 023 | Train Loss: 109.142197 (rot: 23.941347, pos: 51.881709, root: 13.000665) | Val Loss: 104.302647 (rot: 22.510081, pos: 50.166499, smooth: 18.029758, root: 13.596309) | LR: 1.00e-03
2026-08-06 08:13:16,579 - INFO - New best val loss 104.302647. Saved: model_20260806-075008-best.pth
2026-08-06 08:13:58,814 - INFO - Epoch 024 | Train Loss: 115.436656 (rot: 23.992300, pos: 54.349810, root: 13.165297) | Val Loss: 129.223742 (rot: 23.702843, pos: 63.665272, smooth: 26.864916, root: 14.990711) | LR: 1.00e-03
2026-08-06 08:14:40,909 - INFO - Epoch 025 | Train Loss: 115.451289 (rot: 23.955558, pos: 53.986416, root: 13.747484) | Val Loss: 309.538232 (rot: 30.770313, pos: 112.396290, smooth: 99.126474, root: 67.245157) | LR: 1.00e-03
2026-08-06 08:15:23,102 - INFO - Epoch 026 | Train Loss: 138.342708 (rot: 25.658574, pos: 62.833222, root: 18.516307) | Val Loss: 105.261492 (rot: 22.424411, pos: 49.076739, smooth: 18.249667, root: 15.510675) | LR: 1.00e-03
2026-08-06 08:16:05,446 - INFO - Epoch 027 | Train Loss: 107.002649 (rot: 23.357829, pos: 49.629043, root: 14.732132) | Val Loss: 101.389622 (rot: 21.935439, pos: 48.834268, smooth: 17.800548, root: 12.819368) | LR: 1.00e-03
2026-08-06 08:16:05,489 - INFO - New best val loss 101.389622. Saved: model_20260806-075008-best.pth
2026-08-06 08:16:47,649 - INFO - Epoch 028 | Train Loss: 101.351155 (rot: 23.138461, pos: 47.438346, root: 12.246013) | Val Loss: 101.485526 (rot: 21.877050, pos: 47.721975, smooth: 18.407370, root: 13.479132) | LR: 1.00e-03
2026-08-06 08:17:29,789 - INFO - Epoch 029 | Train Loss: 95.361163 (rot: 22.536556, pos: 45.310029, root: 10.392705) | Val Loss: 98.687342 (rot: 21.971179, pos: 47.579924, smooth: 15.030449, root: 14.105790) | LR: 1.00e-03
2026-08-06 08:17:29,830 - INFO - New best val loss 98.687342. Saved: model_20260806-075008-best.pth
2026-08-06 08:18:12,132 - INFO - Epoch 030 | Train Loss: 104.229222 (rot: 22.642796, pos: 47.206714, root: 14.230493) | Val Loss: 91.470956 (rot: 20.943320, pos: 43.361783, smooth: 14.333871, root: 12.831983) | LR: 1.00e-03
2026-08-06 08:18:12,170 - INFO - Saved checkpoint: model_20260806-075008-30.pth
2026-08-06 08:18:12,173 - INFO - Pruned old checkpoint: model_20260806-075008-10.pth
2026-08-06 08:18:12,215 - INFO - New best val loss 91.470956. Saved: model_20260806-075008-best.pth
2026-08-06 08:18:54,517 - INFO - Epoch 031 | Train Loss: 101.328683 (rot: 22.736839, pos: 47.363804, root: 10.880678) | Val Loss: 124.096882 (rot: 22.797896, pos: 58.073270, smooth: 29.831354, root: 13.394363) | LR: 1.00e-03
2026-08-06 08:19:36,690 - INFO - Epoch 032 | Train Loss: 110.357794 (rot: 22.487248, pos: 46.149514, root: 22.827583) | Val Loss: 96.222280 (rot: 21.153583, pos: 44.476047, smooth: 16.892945, root: 13.699705) | LR: 1.00e-03
2026-08-06 08:20:19,081 - INFO - Epoch 033 | Train Loss: 86.865867 (rot: 21.643813, pos: 40.856655, root: 9.633982) | Val Loss: 84.731962 (rot: 20.205702, pos: 40.574430, smooth: 12.416507, root: 11.535321) | LR: 1.00e-03
2026-08-06 08:20:19,121 - INFO - New best val loss 84.731962. Saved: model_20260806-075008-best.pth
2026-08-06 08:21:01,470 - INFO - Epoch 034 | Train Loss: 116.940923 (rot: 23.404622, pos: 53.343283, root: 13.648129) | Val Loss: 97.461305 (rot: 21.297047, pos: 45.555625, smooth: 16.657403, root: 13.951230) | LR: 1.00e-03
2026-08-06 08:21:43,761 - INFO - Epoch 035 | Train Loss: 87.096740 (rot: 21.494452, pos: 40.727790, root: 9.825939) | Val Loss: 115.606669 (rot: 21.874844, pos: 51.694710, smooth: 24.060456, root: 17.976658) | LR: 1.00e-03
2026-08-06 08:22:25,920 - INFO - Epoch 036 | Train Loss: 86.497064 (rot: 21.246358, pos: 39.691504, root: 10.933584) | Val Loss: 114.163026 (rot: 21.181408, pos: 51.460744, smooth: 25.025481, root: 16.495393) | LR: 1.00e-03
2026-08-06 08:23:08,288 - INFO - Epoch 037 | Train Loss: 88.668642 (rot: 21.311603, pos: 40.730787, root: 11.064694) | Val Loss: 104.166060 (rot: 20.877342, pos: 47.774523, smooth: 23.402063, root: 12.112131) | LR: 1.00e-03
2026-08-06 08:23:50,538 - INFO - Epoch 038 | Train Loss: 100.677883 (rot: 22.205747, pos: 46.203221, root: 10.603902) | Val Loss: 91.559043 (rot: 20.271734, pos: 43.593825, smooth: 15.401523, root: 12.291961) | LR: 1.00e-03
2026-08-06 08:24:32,635 - INFO - Epoch 039 | Train Loss: 79.204651 (rot: 20.446195, pos: 36.362947, root: 9.690291) | Val Loss: 80.072323 (rot: 19.407466, pos: 38.586766, smooth: 11.355025, root: 10.723066) | LR: 1.00e-03
2026-08-06 08:24:32,676 - INFO - New best val loss 80.072323. Saved: model_20260806-075008-best.pth
2026-08-06 08:25:15,066 - INFO - Epoch 040 | Train Loss: 86.842158 (rot: 20.723364, pos: 38.155786, root: 13.497475) | Val Loss: 83.884786 (rot: 19.481902, pos: 40.218046, smooth: 13.357613, root: 10.827226) | LR: 1.00e-03
2026-08-06 08:25:15,107 - INFO - Saved checkpoint: model_20260806-075008-40.pth
2026-08-06 08:25:15,110 - INFO - Pruned old checkpoint: model_20260806-075008-20.pth
2026-08-06 08:25:57,380 - INFO - Epoch 041 | Train Loss: 91.033180 (rot: 21.211373, pos: 41.435003, root: 9.630673) | Val Loss: 80.671161 (rot: 19.384838, pos: 39.319483, smooth: 11.684542, root: 10.282298) | LR: 1.00e-03
2026-08-06 08:26:39,666 - INFO - Epoch 042 | Train Loss: 80.699022 (rot: 20.155860, pos: 35.407105, root: 12.400663) | Val Loss: 99.903734 (rot: 20.831861, pos: 47.386014, smooth: 20.034988, root: 11.650871) | LR: 1.00e-03
2026-08-06 08:27:21,913 - INFO - Epoch 043 | Train Loss: 84.635646 (rot: 20.558882, pos: 38.450152, root: 9.659989) | Val Loss: 78.909274 (rot: 18.923120, pos: 37.879277, smooth: 11.059293, root: 11.047585) | LR: 1.00e-03
2026-08-06 08:27:21,953 - INFO - New best val loss 78.909274. Saved: model_20260806-075008-best.pth
2026-08-06 08:28:04,361 - INFO - Epoch 044 | Train Loss: 79.149278 (rot: 19.984154, pos: 35.239780, root: 10.443126) | Val Loss: 103.092364 (rot: 20.844715, pos: 47.675113, smooth: 21.609239, root: 12.963297) | LR: 1.00e-03
2026-08-06 08:28:46,589 - INFO - Epoch 045 | Train Loss: 75.214545 (rot: 19.824914, pos: 34.466130, root: 7.871058) | Val Loss: 74.118307 (rot: 18.479422, pos: 36.164164, smooth: 9.878044, root: 9.596679) | LR: 1.00e-03
2026-08-06 08:28:46,631 - INFO - New best val loss 74.118307. Saved: model_20260806-075008-best.pth
2026-08-06 08:29:29,006 - INFO - Epoch 046 | Train Loss: 85.057312 (rot: 20.400413, pos: 38.082038, root: 10.110918) | Val Loss: 89.759746 (rot: 19.625405, pos: 41.625678, smooth: 15.320704, root: 13.187959) | LR: 1.00e-03
2026-08-06 08:30:11,424 - INFO - Epoch 047 | Train Loss: 70.563039 (rot: 19.393655, pos: 31.897521, root: 7.993905) | Val Loss: 73.374721 (rot: 18.202871, pos: 35.672686, smooth: 9.697376, root: 9.801788) | LR: 1.00e-03
2026-08-06 08:30:11,468 - INFO - New best val loss 73.374721. Saved: model_20260806-075008-best.pth
2026-08-06 08:30:53,686 - INFO - Epoch 048 | Train Loss: 73.639694 (rot: 19.542535, pos: 33.384606, root: 8.221740) | Val Loss: 75.423783 (rot: 18.189446, pos: 36.180290, smooth: 10.432062, root: 10.621986) | LR: 1.00e-03
2026-08-06 08:31:35,916 - INFO - Epoch 049 | Train Loss: 73.302371 (rot: 19.253217, pos: 32.282684, root: 9.158829) | Val Loss: 76.287749 (rot: 18.377867, pos: 36.414502, smooth: 11.048537, root: 10.446843) | LR: 1.00e-03
2026-08-06 08:32:18,240 - INFO - Epoch 050 | Train Loss: 74.628118 (rot: 19.250162, pos: 32.501049, root: 10.426271) | Val Loss: 77.004029 (rot: 18.361642, pos: 36.425089, smooth: 10.133407, root: 12.083890) | LR: 1.00e-03
2026-08-06 08:32:18,279 - INFO - Saved checkpoint: model_20260806-075008-50.pth
2026-08-06 08:32:18,282 - INFO - Pruned old checkpoint: model_20260806-075008-30.pth
2026-08-06 08:33:00,599 - INFO - Epoch 051 | Train Loss: 72.526367 (rot: 19.096017, pos: 31.875579, root: 8.827576) | Val Loss: 107.720922 (rot: 20.686460, pos: 51.878582, smooth: 20.590517, root: 14.565363) | LR: 1.00e-03
2026-08-06 08:33:42,825 - INFO - Epoch 052 | Train Loss: 69.004856 (rot: 18.792065, pos: 30.187081, root: 8.716003) | Val Loss: 71.106662 (rot: 17.643316, pos: 34.473622, smooth: 8.922224, root: 10.067498) | LR: 1.00e-03
2026-08-06 08:33:42,866 - INFO - New best val loss 71.106662. Saved: model_20260806-075008-best.pth
2026-08-06 08:34:25,104 - INFO - Epoch 053 | Train Loss: 70.991568 (rot: 19.074567, pos: 32.187684, root: 6.936599) | Val Loss: 76.073471 (rot: 18.249674, pos: 37.232153, smooth: 10.330612, root: 10.261032) | LR: 1.00e-03
2026-08-06 08:35:07,503 - INFO - Epoch 054 | Train Loss: 64.889051 (rot: 18.365227, pos: 28.525120, root: 7.138106) | Val Loss: 69.234524 (rot: 17.490882, pos: 34.180063, smooth: 8.417207, root: 9.146373) | LR: 1.00e-03
2026-08-06 08:35:07,547 - INFO - New best val loss 69.234524. Saved: model_20260806-075008-best.pth
2026-08-06 08:35:49,814 - INFO - Epoch 055 | Train Loss: 68.755094 (rot: 18.681463, pos: 30.159683, root: 7.887466) | Val Loss: 70.031136 (rot: 17.546278, pos: 34.644011, smooth: 8.553190, root: 9.287657) | LR: 1.00e-03
2026-08-06 08:36:32,012 - INFO - Epoch 056 | Train Loss: 64.207856 (rot: 18.217990, pos: 27.995728, root: 7.284348) | Val Loss: 93.974771 (rot: 17.475295, pos: 34.886420, smooth: 10.194500, root: 31.418557) | LR: 1.00e-03
2026-08-06 08:37:14,564 - INFO - Epoch 057 | Train Loss: 66.258359 (rot: 18.198331, pos: 28.309043, root: 8.735128) | Val Loss: 66.620181 (rot: 17.007916, pos: 32.926836, smooth: 8.102116, root: 8.583312) | LR: 1.00e-03
2026-08-06 08:37:14,606 - INFO - New best val loss 66.620181. Saved: model_20260806-075008-best.pth
2026-08-06 08:37:56,934 - INFO - Epoch 058 | Train Loss: 64.295692 (rot: 18.093119, pos: 27.901903, root: 7.125989) | Val Loss: 81.026216 (rot: 17.304488, pos: 35.119784, smooth: 11.827136, root: 16.774806) | LR: 1.00e-03
2026-08-06 08:38:39,215 - INFO - Epoch 059 | Train Loss: 64.629815 (rot: 18.064388, pos: 27.736519, root: 7.481984) | Val Loss: 72.105050 (rot: 17.930969, pos: 35.194552, smooth: 10.446230, root: 8.533299) | LR: 1.00e-03
2026-08-06 08:39:21,688 - INFO - Epoch 060 | Train Loss: 60.781181 (rot: 17.823226, pos: 26.730432, root: 5.727486) | Val Loss: 65.821774 (rot: 16.781012, pos: 32.301948, smooth: 7.803835, root: 8.934979) | LR: 1.00e-03
2026-08-06 08:39:21,728 - INFO - Saved checkpoint: model_20260806-075008-60.pth
2026-08-06 08:39:21,731 - INFO - Pruned old checkpoint: model_20260806-075008-40.pth
2026-08-06 08:39:21,772 - INFO - New best val loss 65.821774. Saved: model_20260806-075008-best.pth
2026-08-06 08:40:04,121 - INFO - Epoch 061 | Train Loss: 65.340728 (rot: 18.081975, pos: 28.103756, root: 7.866283) | Val Loss: 76.171915 (rot: 17.492569, pos: 36.366615, smooth: 13.405759, root: 8.906973) | LR: 1.00e-03
2026-08-06 08:40:46,305 - INFO - Epoch 062 | Train Loss: 58.950035 (rot: 17.486269, pos: 25.137564, root: 6.227189) | Val Loss: 68.476231 (rot: 17.060879, pos: 34.214445, smooth: 8.195096, root: 9.005811) | LR: 1.00e-03
2026-08-06 08:41:28,618 - INFO - Epoch 063 | Train Loss: 57.892961 (rot: 17.404366, pos: 24.765160, root: 5.985048) | Val Loss: 65.061427 (rot: 16.527596, pos: 32.096281, smooth: 7.714534, root: 8.723014) | LR: 1.00e-03
2026-08-06 08:41:28,660 - INFO - New best val loss 65.061427. Saved: model_20260806-075008-best.pth
2026-08-06 08:42:11,035 - INFO - Epoch 064 | Train Loss: 62.722205 (rot: 17.666669, pos: 26.343836, root: 7.658989) | Val Loss: 78.711099 (rot: 17.421117, pos: 36.219445, smooth: 12.277809, root: 12.792729) | LR: 1.00e-03
2026-08-06 08:42:53,168 - INFO - Epoch 065 | Train Loss: 59.367927 (rot: 17.361553, pos: 24.888697, root: 6.326910) | Val Loss: 66.373932 (rot: 16.798075, pos: 33.260172, smooth: 8.255908, root: 8.059777) | LR: 1.00e-03
2026-08-06 08:43:35,451 - INFO - Epoch 066 | Train Loss: 61.425597 (rot: 17.477900, pos: 26.014608, root: 6.939110) | Val Loss: 72.403487 (rot: 17.027983, pos: 34.548759, smooth: 11.132029, root: 9.694715) | LR: 1.00e-03
2026-08-06 08:44:17,830 - INFO - Epoch 067 | Train Loss: 60.639191 (rot: 17.401771, pos: 25.412152, root: 6.907853) | Val Loss: 68.061377 (rot: 16.653150, pos: 33.887547, smooth: 8.772690, root: 8.747991) | LR: 1.00e-03
2026-08-06 08:45:00,113 - INFO - Epoch 068 | Train Loss: 50.012586 (rot: 16.487253, pos: 21.018839, root: 4.435517) | Val Loss: 62.541863 (rot: 16.166244, pos: 30.891430, smooth: 7.148424, root: 8.335765) | LR: 1.00e-03
2026-08-06 08:45:00,154 - INFO - New best val loss 62.541863. Saved: model_20260806-075008-best.pth
2026-08-06 08:45:42,303 - INFO - Epoch 069 | Train Loss: 60.540777 (rot: 17.353681, pos: 25.315880, root: 6.956141) | Val Loss: 66.353891 (rot: 16.446615, pos: 32.244385, smooth: 7.829814, root: 9.833079) | LR: 1.00e-03
2026-08-06 08:46:24,602 - INFO - Epoch 070 | Train Loss: 57.777839 (rot: 16.906839, pos: 23.103224, root: 8.282475) | Val Loss: 66.785718 (rot: 16.135199, pos: 31.905998, smooth: 7.275345, root: 11.469175) | LR: 1.00e-03
2026-08-06 08:46:24,643 - INFO - Saved checkpoint: model_20260806-075008-70.pth
2026-08-06 08:46:24,646 - INFO - Pruned old checkpoint: model_20260806-075008-50.pth
2026-08-06 08:47:07,040 - INFO - Epoch 071 | Train Loss: 55.387411 (rot: 16.853606, pos: 22.987325, root: 5.684092) | Val Loss: 73.831582 (rot: 17.440199, pos: 35.889410, smooth: 10.612557, root: 9.889414) | LR: 1.00e-03
2026-08-06 08:47:49,161 - INFO - Epoch 072 | Train Loss: 52.535920 (rot: 16.644588, pos: 21.934642, root: 4.905556) | Val Loss: 67.854494 (rot: 16.175590, pos: 32.743334, smooth: 8.558585, root: 10.376985) | LR: 1.00e-03
2026-08-06 08:48:31,466 - INFO - Epoch 073 | Train Loss: 54.608860 (rot: 16.697968, pos: 22.633543, root: 5.605598) | Val Loss: 62.306657 (rot: 15.977586, pos: 31.010058, smooth: 7.269807, root: 8.049207) | LR: 1.00e-03
2026-08-06 08:48:31,508 - INFO - New best val loss 62.306657. Saved: model_20260806-075008-best.pth
2026-08-06 08:49:13,952 - INFO - Epoch 074 | Train Loss: 46.524192 (rot: 15.916513, pos: 19.024752, root: 3.843819) | Val Loss: 62.959698 (rot: 15.947698, pos: 31.348012, smooth: 7.454497, root: 8.209491) | LR: 1.00e-03
2026-08-06 08:49:56,218 - INFO - Epoch 075 | Train Loss: 59.806385 (rot: 16.637577, pos: 22.624139, root: 10.589837) | Val Loss: 65.829264 (rot: 16.181069, pos: 32.495121, smooth: 8.398738, root: 8.754337) | LR: 1.00e-03
2026-08-06 08:50:38,479 - INFO - Epoch 076 | Train Loss: 47.355612 (rot: 15.953971, pos: 19.321250, root: 3.919042) | Val Loss: 61.913270 (rot: 15.843198, pos: 31.015931, smooth: 7.139149, root: 7.914993) | LR: 1.00e-03
2026-08-06 08:50:38,520 - INFO - New best val loss 61.913270. Saved: model_20260806-075008-best.pth
2026-08-06 08:51:20,838 - INFO - Epoch 077 | Train Loss: 46.951697 (rot: 15.848208, pos: 19.130985, root: 3.765346) | Val Loss: 63.449233 (rot: 15.931383, pos: 31.530867, smooth: 8.109396, root: 7.877586) | LR: 1.00e-03
2026-08-06 08:52:03,081 - INFO - Epoch 078 | Train Loss: 52.576566 (rot: 16.432412, pos: 21.429956, root: 4.733810) | Val Loss: 68.824071 (rot: 16.362747, pos: 34.065496, smooth: 9.760124, root: 8.635704) | LR: 1.00e-03
2026-08-06 08:52:45,491 - INFO - Epoch 079 | Train Loss: 54.414564 (rot: 16.253008, pos: 20.911918, root: 8.186446) | Val Loss: 89.857849 (rot: 18.194907, pos: 43.173290, smooth: 15.066710, root: 13.422942) | LR: 1.00e-03
2026-08-06 08:53:27,813 - INFO - Epoch 080 | Train Loss: 50.631543 (rot: 16.178425, pos: 20.376518, root: 4.922454) | Val Loss: 70.019016 (rot: 16.456929, pos: 34.278570, smooth: 9.206361, root: 10.077155) | LR: 1.00e-03
2026-08-06 08:53:27,855 - INFO - Saved checkpoint: model_20260806-075008-80.pth
2026-08-06 08:53:27,858 - INFO - Pruned old checkpoint: model_20260806-075008-60.pth
2026-08-06 08:54:10,114 - INFO - Epoch 081 | Train Loss: 46.145542 (rot: 15.645033, pos: 18.270477, root: 3.999277) | Val Loss: 64.024478 (rot: 15.860422, pos: 31.535242, smooth: 7.741154, root: 8.887660) | LR: 1.00e-03
2026-08-06 08:54:52,302 - INFO - Epoch 082 | Train Loss: 49.416233 (rot: 15.956935, pos: 19.557549, root: 4.785936) | Val Loss: 66.806647 (rot: 15.984432, pos: 32.381695, smooth: 9.292979, root: 9.147541) | LR: 1.00e-03
2026-08-06 08:55:34,641 - INFO - Epoch 083 | Train Loss: 45.359631 (rot: 15.476851, pos: 17.601232, root: 4.444435) | Val Loss: 62.863199 (rot: 15.819072, pos: 31.373754, smooth: 7.502182, root: 8.168190) | LR: 1.00e-03
2026-08-06 08:56:16,994 - INFO - Epoch 084 | Train Loss: 46.975265 (rot: 15.634870, pos: 18.603061, root: 4.081217) | Val Loss: 64.423773 (rot: 15.873177, pos: 32.263304, smooth: 8.348296, root: 7.938998) | LR: 1.00e-03
2026-08-06 08:56:59,187 - INFO - Epoch 085 | Train Loss: 44.240727 (rot: 15.393897, pos: 17.399435, root: 3.485501) | Val Loss: 61.180960 (rot: 15.567040, pos: 30.364838, smooth: 7.362920, root: 7.886162) | LR: 1.00e-03
2026-08-06 08:56:59,228 - INFO - New best val loss 61.180960. Saved: model_20260806-075008-best.pth
2026-08-06 08:57:41,646 - INFO - Epoch 086 | Train Loss: 47.528371 (rot: 15.544309, pos: 18.488590, root: 4.656287) | Val Loss: 61.109079 (rot: 15.459340, pos: 30.368805, smooth: 6.701065, root: 8.579868) | LR: 1.00e-03
2026-08-06 08:57:41,687 - INFO - New best val loss 61.109079. Saved: model_20260806-075008-best.pth
2026-08-06 08:58:24,043 - INFO - Epoch 087 | Train Loss: 41.600150 (rot: 14.937860, pos: 15.949678, root: 3.421937) | Val Loss: 66.328052 (rot: 15.919880, pos: 33.096961, smooth: 8.778535, root: 8.532677) | LR: 1.00e-03
2026-08-06 08:59:06,165 - INFO - Epoch 088 | Train Loss: 45.871977 (rot: 15.342870, pos: 17.666121, root: 4.647114) | Val Loss: 62.077354 (rot: 15.564824, pos: 30.953796, smooth: 7.244411, root: 8.314324) | LR: 1.00e-03
2026-08-06 08:59:48,329 - INFO - Epoch 089 | Train Loss: 65.086369 (rot: 17.245171, pos: 27.172433, root: 6.419574) | Val Loss: 62.967304 (rot: 15.663164, pos: 31.895460, smooth: 7.064813, root: 8.343868) | LR: 1.00e-03
2026-08-06 09:00:30,682 - INFO - Epoch 090 | Train Loss: 42.237919 (rot: 15.122442, pos: 16.522355, root: 3.236214) | Val Loss: 64.532526 (rot: 15.543489, pos: 32.596894, smooth: 8.161092, root: 8.231050) | LR: 1.00e-03
2026-08-06 09:00:30,724 - INFO - Saved checkpoint: model_20260806-075008-90.pth
2026-08-06 09:00:30,727 - INFO - Pruned old checkpoint: model_20260806-075008-70.pth
2026-08-06 09:01:12,901 - INFO - Epoch 091 | Train Loss: 41.256543 (rot: 14.870859, pos: 15.859714, root: 3.179375) | Val Loss: 66.617017 (rot: 15.890310, pos: 33.279932, smooth: 8.848517, root: 8.598259) | LR: 1.00e-03
2026-08-06 09:01:55,138 - INFO - Epoch 092 | Train Loss: 50.958183 (rot: 15.620290, pos: 18.261158, root: 8.139847) | Val Loss: 61.562819 (rot: 15.324588, pos: 30.779678, smooth: 6.784773, root: 8.673780) | LR: 1.00e-03
2026-08-06 09:02:37,441 - INFO - Epoch 093 | Train Loss: 40.142994 (rot: 14.661965, pos: 15.079128, root: 3.221879) | Val Loss: 60.143312 (rot: 15.180595, pos: 29.889008, smooth: 6.874120, root: 8.199590) | LR: 1.00e-03
2026-08-06 09:02:37,482 - INFO - New best val loss 60.143312. Saved: model_20260806-075008-best.pth
2026-08-06 09:03:19,761 - INFO - Epoch 094 | Train Loss: 41.146280 (rot: 14.753076, pos: 15.524531, root: 3.433703) | Val Loss: 63.260234 (rot: 15.428909, pos: 31.912505, smooth: 7.499537, root: 8.419283) | LR: 1.00e-03
2026-08-06 09:04:01,897 - INFO - Epoch 095 | Train Loss: 41.225713 (rot: 14.743255, pos: 15.592701, root: 3.379409) | Val Loss: 62.858532 (rot: 15.435896, pos: 31.523804, smooth: 8.283409, root: 7.615424) | LR: 1.00e-03
2026-08-06 09:04:44,061 - INFO - Epoch 096 | Train Loss: 41.592163 (rot: 14.712270, pos: 15.530389, root: 3.666092) | Val Loss: 61.342350 (rot: 15.115370, pos: 30.085088, smooth: 7.106844, root: 9.035049) | LR: 1.00e-03
2026-08-06 09:05:26,389 - INFO - Epoch 097 | Train Loss: 49.296368 (rot: 15.535736, pos: 19.056047, root: 4.426335) | Val Loss: 65.092371 (rot: 15.734865, pos: 32.523538, smooth: 8.459871, root: 8.374097) | LR: 1.00e-03
2026-08-06 09:06:08,737 - INFO - Epoch 098 | Train Loss: 42.106779 (rot: 14.865342, pos: 16.126422, root: 3.330300) | Val Loss: 60.633830 (rot: 15.118276, pos: 30.329421, smooth: 6.642571, root: 8.543562) | LR: 1.00e-03
2026-08-06 09:06:51,423 - INFO - Epoch 099 | Train Loss: 38.761920 (rot: 14.326392, pos: 14.343766, root: 2.967002) | Val Loss: 61.719529 (rot: 15.172263, pos: 31.524685, smooth: 7.753915, root: 7.268665) | LR: 1.00e-03
2026-08-06 09:07:34,154 - INFO - Epoch 100 | Train Loss: 39.264830 (rot: 14.359481, pos: 14.503918, root: 3.106146) | Val Loss: 67.245149 (rot: 15.953169, pos: 32.860217, smooth: 8.143592, root: 10.288171) | LR: 1.00e-03
2026-08-06 09:07:34,193 - INFO - Saved checkpoint: model_20260806-075008-100.pth
2026-08-06 09:07:34,196 - INFO - Pruned old checkpoint: model_20260806-075008-80.pth
2026-08-06 09:08:16,554 - INFO - Epoch 101 | Train Loss: 38.234480 (rot: 14.162182, pos: 13.839750, root: 3.288051) | Val Loss: 60.867861 (rot: 15.113478, pos: 30.863696, smooth: 6.776847, root: 8.113841) | LR: 1.00e-03
2026-08-06 09:08:58,776 - INFO - Epoch 102 | Train Loss: 42.020717 (rot: 14.628917, pos: 15.624176, root: 3.487717) | Val Loss: 62.891685 (rot: 15.438319, pos: 31.402596, smooth: 7.440228, root: 8.610541) | LR: 1.00e-03
2026-08-06 09:09:41,188 - INFO - Epoch 103 | Train Loss: 41.970399 (rot: 14.578074, pos: 15.655350, root: 3.611981) | Val Loss: 72.944062 (rot: 16.205479, pos: 35.722822, smooth: 11.299614, root: 9.716147) | LR: 1.00e-03
2026-08-06 09:10:23,569 - INFO - Epoch 104 | Train Loss: 41.133009 (rot: 14.339076, pos: 14.599856, root: 4.533803) | Val Loss: 59.535834 (rot: 15.099968, pos: 30.464119, smooth: 6.593445, root: 7.378303) | LR: 1.00e-03
2026-08-06 09:10:23,611 - INFO - New best val loss 59.535834. Saved: model_20260806-075008-best.pth
2026-08-06 09:11:05,735 - INFO - Epoch 105 | Train Loss: 36.120704 (rot: 13.974097, pos: 13.286377, root: 2.245373) | Val Loss: 60.012853 (rot: 15.091919, pos: 30.336657, smooth: 6.613155, root: 7.971123) | LR: 1.00e-03
2026-08-06 09:11:48,130 - INFO - Epoch 106 | Train Loss: 48.267321 (rot: 14.995506, pos: 17.888261, root: 5.601766) | Val Loss: 72.868969 (rot: 16.668433, pos: 36.714170, smooth: 10.197738, root: 9.288628) | LR: 1.00e-03
2026-08-06 09:12:30,517 - INFO - Epoch 107 | Train Loss: 38.559169 (rot: 14.280852, pos: 14.294931, root: 2.754324) | Val Loss: 65.137190 (rot: 15.447477, pos: 32.094111, smooth: 8.596340, root: 8.999262) | LR: 1.00e-03
2026-08-06 09:13:12,742 - INFO - Epoch 108 | Train Loss: 36.835483 (rot: 14.022181, pos: 13.453368, root: 2.276264) | Val Loss: 59.107262 (rot: 14.994573, pos: 30.490502, smooth: 6.431395, root: 7.190792) | LR: 1.00e-03
2026-08-06 09:13:12,788 - INFO - New best val loss 59.107262. Saved: model_20260806-075008-best.pth
2026-08-06 09:13:55,126 - INFO - Epoch 109 | Train Loss: 36.720851 (rot: 13.784525, pos: 13.074531, root: 2.922698) | Val Loss: 60.314774 (rot: 14.914712, pos: 30.248923, smooth: 6.720109, root: 8.431031) | LR: 1.00e-03
2026-08-06 09:14:37,537 - INFO - Epoch 110 | Train Loss: 37.153477 (rot: 13.724383, pos: 13.021889, root: 3.588375) | Val Loss: 74.241180 (rot: 16.389680, pos: 37.305565, smooth: 11.374250, root: 9.171685) | LR: 1.00e-03
2026-08-06 09:14:37,576 - INFO - Saved checkpoint: model_20260806-075008-110.pth
2026-08-06 09:14:37,579 - INFO - Pruned old checkpoint: model_20260806-075008-90.pth
2026-08-06 09:15:19,861 - INFO - Epoch 111 | Train Loss: 45.460751 (rot: 15.131565, pos: 17.263310, root: 3.394062) | Val Loss: 60.146714 (rot: 14.986756, pos: 30.530009, smooth: 6.876076, root: 7.753873) | LR: 1.00e-03
2026-08-06 09:16:02,066 - INFO - Epoch 112 | Train Loss: 37.777952 (rot: 13.902981, pos: 13.265611, root: 3.453836) | Val Loss: 75.390987 (rot: 15.400801, pos: 32.242632, smooth: 7.901243, root: 19.846311) | LR: 1.00e-03
2026-08-06 09:16:44,380 - INFO - Epoch 113 | Train Loss: 41.099732 (rot: 14.112574, pos: 14.489294, root: 4.590266) | Val Loss: 78.427702 (rot: 17.005202, pos: 38.142858, smooth: 13.685636, root: 9.594004) | LR: 1.00e-03
2026-08-06 09:17:26,632 - INFO - Epoch 114 | Train Loss: 35.891870 (rot: 13.774042, pos: 13.055488, root: 2.229242) | Val Loss: 61.032889 (rot: 15.172325, pos: 31.337194, smooth: 7.201930, root: 7.321440) | LR: 1.00e-03
2026-08-06 09:18:08,768 - INFO - Epoch 115 | Train Loss: 34.810214 (rot: 13.556508, pos: 12.435881, root: 1.979590) | Val Loss: 58.804058 (rot: 14.822714, pos: 30.193443, smooth: 6.741536, root: 7.046366) | LR: 1.00e-03
2026-08-06 09:18:08,810 - INFO - New best val loss 58.804058. Saved: model_20260806-075008-best.pth
2026-08-06 09:18:51,277 - INFO - Epoch 116 | Train Loss: 33.900363 (rot: 13.374050, pos: 11.912077, root: 2.186439) | Val Loss: 61.419878 (rot: 15.175904, pos: 31.513776, smooth: 7.216282, root: 7.513916) | LR: 1.00e-03
2026-08-06 09:19:33,643 - INFO - Epoch 117 | Train Loss: 37.569551 (rot: 13.697340, pos: 13.075466, root: 3.570942) | Val Loss: 58.712188 (rot: 14.699785, pos: 29.985831, smooth: 6.412527, root: 7.614045) | LR: 1.00e-03
2026-08-06 09:19:33,685 - INFO - New best val loss 58.712188. Saved: model_20260806-075008-best.pth
2026-08-06 09:20:15,828 - INFO - Epoch 118 | Train Loss: 35.489163 (rot: 13.515279, pos: 12.604768, root: 2.470054) | Val Loss: 66.827269 (rot: 15.199159, pos: 32.129449, smooth: 7.413146, root: 12.085514) | LR: 1.00e-03
2026-08-06 09:20:58,151 - INFO - Epoch 119 | Train Loss: 35.263428 (rot: 13.365085, pos: 12.087394, root: 3.157109) | Val Loss: 60.031067 (rot: 14.727632, pos: 30.579452, smooth: 7.401253, root: 7.322730) | LR: 1.00e-03
2026-08-06 09:21:40,527 - INFO - Epoch 120 | Train Loss: 34.241031 (rot: 13.246896, pos: 11.808831, root: 2.624193) | Val Loss: 58.890514 (rot: 14.733898, pos: 29.940547, smooth: 6.907162, root: 7.308907) | LR: 1.00e-03
2026-08-06 09:21:40,566 - INFO - Saved checkpoint: model_20260806-075008-120.pth
2026-08-06 09:21:40,569 - INFO - Pruned old checkpoint: model_20260806-075008-100.pth
2026-08-06 09:22:22,867 - INFO - Epoch 121 | Train Loss: 33.881726 (rot: 13.273686, pos: 11.964711, root: 2.060101) | Val Loss: 62.312909 (rot: 15.017374, pos: 31.915185, smooth: 7.897815, root: 7.482535) | LR: 1.00e-03
2026-08-06 09:23:05,097 - INFO - Epoch 122 | Train Loss: 34.661415 (rot: 13.307819, pos: 12.208589, root: 2.440247) | Val Loss: 57.661250 (rot: 14.551798, pos: 29.767516, smooth: 6.202322, root: 7.139614) | LR: 1.00e-03
2026-08-06 09:23:05,138 - INFO - New best val loss 57.661250. Saved: model_20260806-075008-best.pth
2026-08-06 09:23:47,632 - INFO - Epoch 123 | Train Loss: 37.639557 (rot: 13.461127, pos: 12.788809, root: 3.993923) | Val Loss: 65.493020 (rot: 15.418050, pos: 31.533432, smooth: 8.028999, root: 10.512538) | LR: 1.00e-03
2026-08-06 09:24:29,906 - INFO - Epoch 124 | Train Loss: 34.167777 (rot: 13.269399, pos: 11.985579, root: 2.302732) | Val Loss: 58.696938 (rot: 14.608907, pos: 30.332252, smooth: 6.370436, root: 7.385343) | LR: 1.00e-03
2026-08-06 09:25:12,046 - INFO - Epoch 125 | Train Loss: 33.957678 (rot: 13.000029, pos: 11.465671, root: 2.973396) | Val Loss: 71.313268 (rot: 15.227052, pos: 31.880453, smooth: 8.182578, root: 16.023186) | LR: 1.00e-03
2026-08-06 09:25:54,404 - INFO - Epoch 126 | Train Loss: 37.206165 (rot: 13.484373, pos: 12.922883, root: 3.576587) | Val Loss: 60.296240 (rot: 15.011777, pos: 30.980768, smooth: 7.131916, root: 7.171779) | LR: 1.00e-03
2026-08-06 09:26:36,769 - INFO - Epoch 127 | Train Loss: 32.318873 (rot: 12.829902, pos: 10.882633, root: 2.425968) | Val Loss: 61.362526 (rot: 14.963214, pos: 31.522818, smooth: 7.112668, root: 7.763825) | LR: 1.00e-03
2026-08-06 09:27:19,077 - INFO - Epoch 128 | Train Loss: 31.284035 (rot: 12.788255, pos: 10.767409, root: 1.683687) | Val Loss: 57.362922 (rot: 14.458217, pos: 29.679080, smooth: 6.283839, root: 6.941786) | LR: 1.00e-03
2026-08-06 09:27:19,118 - INFO - New best val loss 57.362922. Saved: model_20260806-075008-best.pth
2026-08-06 09:28:01,471 - INFO - Epoch 129 | Train Loss: 31.846356 (rot: 12.739578, pos: 10.941186, root: 1.833584) | Val Loss: 73.664005 (rot: 16.089648, pos: 34.761191, smooth: 14.719336, root: 8.093830) | LR: 1.00e-03
2026-08-06 09:28:43,933 - INFO - Epoch 130 | Train Loss: 43.809299 (rot: 14.224701, pos: 16.105620, root: 4.011688) | Val Loss: 59.400163 (rot: 14.805041, pos: 30.597790, smooth: 6.563034, root: 7.434298) | LR: 1.00e-03
2026-08-06 09:28:43,972 - INFO - Saved checkpoint: model_20260806-075008-130.pth
2026-08-06 09:28:43,975 - INFO - Pruned old checkpoint: model_20260806-075008-110.pth
2026-08-06 09:29:26,320 - INFO - Epoch 131 | Train Loss: 31.939879 (rot: 12.838119, pos: 10.961564, root: 1.663907) | Val Loss: 58.662881 (rot: 14.618120, pos: 30.415260, smooth: 6.512642, root: 7.116859) | LR: 1.00e-03
2026-08-06 09:30:08,598 - INFO - Epoch 132 | Train Loss: 30.120737 (rot: 12.488522, pos: 10.107575, root: 1.775919) | Val Loss: 57.686985 (rot: 14.568620, pos: 29.663109, smooth: 6.255831, root: 7.199426) | LR: 1.00e-03
2026-08-06 09:30:51,058 - INFO - Epoch 133 | Train Loss: 33.504300 (rot: 12.815797, pos: 11.061195, root: 3.143910) | Val Loss: 61.705837 (rot: 14.668728, pos: 31.249666, smooth: 7.102116, root: 8.685327) | LR: 5.00e-04
2026-08-06 09:31:33,357 - INFO - Epoch 134 | Train Loss: 28.048593 (rot: 12.176122, pos: 9.250299, root: 1.259966) | Val Loss: 56.466389 (rot: 14.320059, pos: 29.335490, smooth: 5.846559, root: 6.964282) | LR: 5.00e-04
2026-08-06 09:31:33,400 - INFO - New best val loss 56.466389. Saved: model_20260806-075008-best.pth
2026-08-06 09:32:15,493 - INFO - Epoch 135 | Train Loss: 27.225877 (rot: 12.014385, pos: 8.930649, root: 1.038489) | Val Loss: 56.698082 (rot: 14.348701, pos: 29.588284, smooth: 5.868842, root: 6.892256) | LR: 5.00e-04
2026-08-06 09:32:57,825 - INFO - Epoch 136 | Train Loss: 27.133290 (rot: 11.992662, pos: 8.907302, root: 1.029444) | Val Loss: 56.655172 (rot: 14.334852, pos: 29.354469, smooth: 5.928676, root: 7.037175) | LR: 5.00e-04
2026-08-06 09:33:40,234 - INFO - Epoch 137 | Train Loss: 27.757085 (rot: 12.114869, pos: 9.228416, root: 1.058936) | Val Loss: 59.102977 (rot: 14.565089, pos: 30.710655, smooth: 6.505407, root: 7.321826) | LR: 5.00e-04
2026-08-06 09:34:22,411 - INFO - Epoch 138 | Train Loss: 27.457814 (rot: 11.983970, pos: 8.992271, root: 1.170897) | Val Loss: 56.410126 (rot: 14.317452, pos: 29.235235, smooth: 5.933227, root: 6.924212) | LR: 5.00e-04
2026-08-06 09:34:22,455 - INFO - New best val loss 56.410126. Saved: model_20260806-075008-best.pth
2026-08-06 09:35:04,732 - INFO - Epoch 139 | Train Loss: 27.339529 (rot: 11.961981, pos: 8.985155, root: 1.049048) | Val Loss: 56.063673 (rot: 14.221955, pos: 29.078445, smooth: 5.825958, root: 6.937315) | LR: 5.00e-04
2026-08-06 09:35:04,776 - INFO - New best val loss 56.063673. Saved: model_20260806-075008-best.pth
2026-08-06 09:35:47,253 - INFO - Epoch 140 | Train Loss: 27.436503 (rot: 11.949738, pos: 9.068777, root: 1.091461) | Val Loss: 57.341556 (rot: 14.408500, pos: 29.918122, smooth: 5.941927, root: 7.073006) | LR: 5.00e-04
2026-08-06 09:35:47,293 - INFO - Saved checkpoint: model_20260806-075008-140.pth
2026-08-06 09:35:47,296 - INFO - Pruned old checkpoint: model_20260806-075008-120.pth
2026-08-06 09:36:29,444 - INFO - Epoch 141 | Train Loss: 32.230206 (rot: 12.218809, pos: 9.865085, root: 4.212345) | Val Loss: 57.625053 (rot: 14.358343, pos: 29.801073, smooth: 6.080896, root: 7.384742) | LR: 5.00e-04
2026-08-06 09:37:11,693 - INFO - Epoch 142 | Train Loss: 26.829421 (rot: 11.821504, pos: 8.741549, root: 1.078878) | Val Loss: 56.720758 (rot: 14.312357, pos: 29.636127, smooth: 5.901848, root: 6.870426) | LR: 5.00e-04
2026-08-06 09:37:54,073 - INFO - Epoch 143 | Train Loss: 27.230807 (rot: 11.890929, pos: 8.913142, root: 1.054287) | Val Loss: 57.286599 (rot: 14.361476, pos: 29.808800, smooth: 6.071197, root: 7.045127) | LR: 5.00e-04
2026-08-06 09:38:36,399 - INFO - Epoch 144 | Train Loss: 27.108592 (rot: 11.846365, pos: 8.913753, root: 1.042014) | Val Loss: 57.331351 (rot: 14.284194, pos: 29.803993, smooth: 6.188181, root: 7.054983) | LR: 5.00e-04
2026-08-06 09:39:18,676 - INFO - Epoch 145 | Train Loss: 27.096935 (rot: 11.784680, pos: 8.817823, root: 1.210741) | Val Loss: 56.409403 (rot: 14.193925, pos: 29.290511, smooth: 5.841905, root: 7.083062) | LR: 2.50e-04
2026-08-06 09:40:00,986 - INFO - Epoch 146 | Train Loss: 25.465192 (rot: 11.539515, pos: 8.161936, root: 0.872308) | Val Loss: 56.082853 (rot: 14.126866, pos: 29.403779, smooth: 5.659168, root: 6.893041) | LR: 2.50e-04
2026-08-06 09:40:43,359 - INFO - Epoch 147 | Train Loss: 25.241118 (rot: 11.490225, pos: 8.046894, root: 0.838389) | Val Loss: 55.895439 (rot: 14.111810, pos: 29.223882, smooth: 5.670739, root: 6.889009) | LR: 2.50e-04
2026-08-06 09:40:43,400 - INFO - New best val loss 55.895439. Saved: model_20260806-075008-best.pth
2026-08-06 09:41:25,654 - INFO - Epoch 148 | Train Loss: 25.332156 (rot: 11.462623, pos: 8.097190, root: 0.835753) | Val Loss: 55.865722 (rot: 14.112180, pos: 29.232630, smooth: 5.645817, root: 6.875095) | LR: 2.50e-04
2026-08-06 09:41:25,696 - INFO - New best val loss 55.865722. Saved: model_20260806-075008-best.pth
2026-08-06 09:42:08,120 - INFO - Epoch 149 | Train Loss: 25.212606 (rot: 11.443498, pos: 8.051511, root: 0.834292) | Val Loss: 55.843829 (rot: 14.097081, pos: 29.210473, smooth: 5.675647, root: 6.860628) | LR: 2.50e-04
2026-08-06 09:42:08,161 - INFO - New best val loss 55.843829. Saved: model_20260806-075008-best.pth
2026-08-06 09:42:50,531 - INFO - Epoch 150 | Train Loss: 25.215940 (rot: 11.417931, pos: 8.044816, root: 0.836476) | Val Loss: 56.084444 (rot: 14.124428, pos: 29.386509, smooth: 5.669449, root: 6.904058) | LR: 2.50e-04
2026-08-06 09:42:50,569 - INFO - Saved checkpoint: model_20260806-075008-150.pth
2026-08-06 09:42:50,574 - INFO - Pruned old checkpoint: model_20260806-075008-130.pth
2026-08-06 09:43:32,854 - INFO - Epoch 151 | Train Loss: 25.245087 (rot: 11.404902, pos: 8.018392, root: 0.922248) | Val Loss: 55.672998 (rot: 14.067781, pos: 29.145243, smooth: 5.570734, root: 6.889240) | LR: 2.50e-04
2026-08-06 09:43:32,897 - INFO - New best val loss 55.672998. Saved: model_20260806-075008-best.pth
2026-08-06 09:44:15,191 - INFO - Epoch 152 | Train Loss: 25.332912 (rot: 11.418359, pos: 8.068482, root: 0.901186) | Val Loss: 57.297990 (rot: 14.144537, pos: 29.591120, smooth: 5.823128, root: 7.739206) | LR: 2.50e-04
2026-08-06 09:44:57,667 - INFO - Epoch 153 | Train Loss: 25.155972 (rot: 11.368862, pos: 7.962703, root: 0.979327) | Val Loss: 55.676175 (rot: 14.047858, pos: 29.167434, smooth: 5.595154, root: 6.865731) | LR: 2.50e-04
2026-08-06 09:45:39,925 - INFO - Epoch 154 | Train Loss: 25.110060 (rot: 11.361089, pos: 8.008982, root: 0.812077) | Val Loss: 55.601664 (rot: 14.079047, pos: 29.007298, smooth: 5.648594, root: 6.866724) | LR: 2.50e-04
2026-08-06 09:45:39,969 - INFO - New best val loss 55.601664. Saved: model_20260806-075008-best.pth
2026-08-06 09:46:22,197 - INFO - Epoch 155 | Train Loss: 24.895587 (rot: 11.308111, pos: 7.931427, root: 0.805960) | Val Loss: 55.635815 (rot: 14.018268, pos: 29.214177, smooth: 5.513087, root: 6.890283) | LR: 2.50e-04
2026-08-06 09:47:04,659 - INFO - Epoch 156 | Train Loss: 24.907467 (rot: 11.302571, pos: 7.921743, root: 0.828818) | Val Loss: 56.240603 (rot: 14.122702, pos: 29.228957, smooth: 5.923956, root: 6.964987) | LR: 2.50e-04
2026-08-06 09:47:47,035 - INFO - Epoch 157 | Train Loss: 25.051562 (rot: 11.321142, pos: 7.917694, root: 0.960316) | Val Loss: 55.934634 (rot: 14.052571, pos: 29.184392, smooth: 5.693693, root: 7.003978) | LR: 2.50e-04
2026-08-06 09:48:29,263 - INFO - Epoch 158 | Train Loss: 24.772634 (rot: 11.266868, pos: 7.848573, root: 0.809945) | Val Loss: 56.430740 (rot: 14.167282, pos: 29.459096, smooth: 5.790567, root: 7.013795) | LR: 1.25e-04
2026-08-06 09:49:11,636 - INFO - Epoch 159 | Train Loss: 24.261912 (rot: 11.169584, pos: 7.629190, root: 0.743838) | Val Loss: 55.415713 (rot: 13.994597, pos: 29.130402, smooth: 5.502588, root: 6.788127) | LR: 1.25e-04
2026-08-06 09:49:11,682 - INFO - New best val loss 55.415713. Saved: model_20260806-075008-best.pth
2026-08-06 09:49:54,009 - INFO - Epoch 160 | Train Loss: 24.219687 (rot: 11.147723, pos: 7.607770, root: 0.736297) | Val Loss: 55.413379 (rot: 13.973418, pos: 29.089707, smooth: 5.506986, root: 6.843268) | LR: 1.25e-04
2026-08-06 09:49:54,050 - INFO - Saved checkpoint: model_20260806-075008-160.pth
2026-08-06 09:49:54,053 - INFO - Pruned old checkpoint: model_20260806-075008-140.pth
2026-08-06 09:49:54,096 - INFO - New best val loss 55.413379. Saved: model_20260806-075008-best.pth
2026-08-06 09:50:36,349 - INFO - Epoch 161 | Train Loss: 24.109345 (rot: 11.110224, pos: 7.573677, root: 0.732830) | Val Loss: 55.491231 (rot: 13.968462, pos: 29.185941, smooth: 5.473747, root: 6.863082) | LR: 1.25e-04
2026-08-06 09:51:18,694 - INFO - Epoch 162 | Train Loss: 24.069897 (rot: 11.096850, pos: 7.559811, root: 0.728598) | Val Loss: 55.435799 (rot: 13.974445, pos: 29.151971, smooth: 5.499779, root: 6.809604) | LR: 1.25e-04
2026-08-06 09:52:01,052 - INFO - Epoch 163 | Train Loss: 24.038918 (rot: 11.076974, pos: 7.544624, root: 0.727468) | Val Loss: 55.431235 (rot: 13.962214, pos: 29.096954, smooth: 5.526168, root: 6.845898) | LR: 1.25e-04
2026-08-06 09:52:43,230 - INFO - Epoch 164 | Train Loss: 24.037857 (rot: 11.078127, pos: 7.543378, root: 0.729443) | Val Loss: 55.351942 (rot: 13.961951, pos: 29.091830, smooth: 5.514336, root: 6.783824) | LR: 1.25e-04
2026-08-06 09:52:43,271 - INFO - New best val loss 55.351942. Saved: model_20260806-075008-best.pth
2026-08-06 09:53:25,572 - INFO - Epoch 165 | Train Loss: 24.033604 (rot: 11.076476, pos: 7.520573, root: 0.728929) | Val Loss: 55.445116 (rot: 13.960054, pos: 29.187510, smooth: 5.493559, root: 6.803994) | LR: 1.25e-04
2026-08-06 09:54:07,977 - INFO - Epoch 166 | Train Loss: 23.919564 (rot: 11.050885, pos: 7.486253, root: 0.726020) | Val Loss: 55.176653 (rot: 13.953187, pos: 28.972711, smooth: 5.483286, root: 6.767468) | LR: 1.25e-04
2026-08-06 09:54:08,020 - INFO - New best val loss 55.176653. Saved: model_20260806-075008-best.pth
2026-08-06 09:54:50,269 - INFO - Epoch 167 | Train Loss: 23.914874 (rot: 11.044747, pos: 7.485169, root: 0.729236) | Val Loss: 55.581240 (rot: 13.989498, pos: 29.225909, smooth: 5.566796, root: 6.799036) | LR: 1.25e-04
2026-08-06 09:55:32,427 - INFO - Epoch 168 | Train Loss: 23.941188 (rot: 11.036109, pos: 7.485036, root: 0.740634) | Val Loss: 55.392549 (rot: 13.976814, pos: 29.124651, smooth: 5.478127, root: 6.812957) | LR: 1.25e-04
2026-08-06 09:56:14,774 - INFO - Epoch 169 | Train Loss: 23.820424 (rot: 11.012961, pos: 7.434740, root: 0.728350) | Val Loss: 55.327838 (rot: 13.940578, pos: 29.083426, smooth: 5.516010, root: 6.787824) | LR: 1.25e-04
2026-08-06 09:56:57,047 - INFO - Epoch 170 | Train Loss: 23.718090 (rot: 10.996969, pos: 7.391016, root: 0.709960) | Val Loss: 55.093195 (rot: 13.923634, pos: 28.968433, smooth: 5.418340, root: 6.782789) | LR: 1.25e-04
2026-08-06 09:56:57,087 - INFO - Saved checkpoint: model_20260806-075008-170.pth
2026-08-06 09:56:57,090 - INFO - Pruned old checkpoint: model_20260806-075008-150.pth
2026-08-06 09:56:57,130 - INFO - New best val loss 55.093195. Saved: model_20260806-075008-best.pth
2026-08-06 09:57:39,372 - INFO - Epoch 171 | Train Loss: 23.853049 (rot: 10.985183, pos: 7.468327, root: 0.710380) | Val Loss: 55.365253 (rot: 13.937405, pos: 29.168395, smooth: 5.474738, root: 6.784714) | LR: 1.25e-04
2026-08-06 09:58:21,774 - INFO - Epoch 172 | Train Loss: 23.599678 (rot: 10.967785, pos: 7.346576, root: 0.704232) | Val Loss: 55.110879 (rot: 13.931645, pos: 29.000643, smooth: 5.442269, root: 6.736323) | LR: 1.25e-04
2026-08-06 09:59:04,118 - INFO - Epoch 173 | Train Loss: 23.545178 (rot: 10.949738, pos: 7.302744, root: 0.721867) | Val Loss: 55.292326 (rot: 13.917087, pos: 29.082011, smooth: 5.440974, root: 6.852254) | LR: 1.25e-04
2026-08-06 09:59:46,397 - INFO - Epoch 174 | Train Loss: 23.524319 (rot: 10.934186, pos: 7.290312, root: 0.730319) | Val Loss: 55.417567 (rot: 13.939144, pos: 29.193416, smooth: 5.498084, root: 6.786924) | LR: 1.25e-04
2026-08-06 10:00:28,719 - INFO - Epoch 175 | Train Loss: 23.613738 (rot: 10.922139, pos: 7.342847, root: 0.722982) | Val Loss: 55.230907 (rot: 13.911345, pos: 29.111557, smooth: 5.409860, root: 6.798144) | LR: 6.25e-05
2026-08-06 10:01:11,160 - INFO - Epoch 176 | Train Loss: 23.272667 (rot: 10.879793, pos: 7.196799, root: 0.674407) | Val Loss: 55.186674 (rot: 13.899092, pos: 29.097683, smooth: 5.437074, root: 6.752825) | LR: 6.25e-05
2026-08-06 10:01:53,433 - INFO - Epoch 177 | Train Loss: 23.234563 (rot: 10.874534, pos: 7.191452, root: 0.667045) | Val Loss: 55.104369 (rot: 13.884613, pos: 29.054216, smooth: 5.388016, root: 6.777524) | LR: 6.25e-05
2026-08-06 10:02:35,743 - INFO - Epoch 178 | Train Loss: 23.195808 (rot: 10.858847, pos: 7.162672, root: 0.667243) | Val Loss: 55.158820 (rot: 13.885160, pos: 29.099576, smooth: 5.391515, root: 6.782569) | LR: 6.25e-05
2026-08-06 10:03:18,121 - INFO - Epoch 179 | Train Loss: 23.105745 (rot: 10.844113, pos: 7.121560, root: 0.666667) | Val Loss: 55.014437 (rot: 13.868278, pos: 29.036163, smooth: 5.369367, root: 6.740628) | LR: 6.25e-05
2026-08-06 10:03:18,163 - INFO - New best val loss 55.014437. Saved: model_20260806-075008-best.pth
2026-08-06 10:04:00,487 - INFO - Epoch 180 | Train Loss: 23.104890 (rot: 10.846056, pos: 7.128045, root: 0.665930) | Val Loss: 55.040818 (rot: 13.864912, pos: 29.032938, smooth: 5.385412, root: 6.757555) | LR: 6.25e-05
2026-08-06 10:04:00,528 - INFO - Saved checkpoint: model_20260806-075008-180.pth
2026-08-06 10:04:00,531 - INFO - Pruned old checkpoint: model_20260806-075008-160.pth
2026-08-06 10:04:42,694 - INFO - Epoch 181 | Train Loss: 23.003930 (rot: 10.815272, pos: 7.088181, root: 0.664987) | Val Loss: 55.118862 (rot: 13.870217, pos: 29.099135, smooth: 5.368285, root: 6.781225) | LR: 6.25e-05
2026-08-06 10:05:25,015 - INFO - Epoch 182 | Train Loss: 23.179449 (rot: 10.830448, pos: 7.157411, root: 0.662086) | Val Loss: 55.076379 (rot: 13.862366, pos: 29.028081, smooth: 5.411068, root: 6.774865) | LR: 6.25e-05
2026-08-06 10:06:07,301 - INFO - Epoch 183 | Train Loss: 23.038524 (rot: 10.810973, pos: 7.087545, root: 0.660483) | Val Loss: 55.081173 (rot: 13.855487, pos: 29.026124, smooth: 5.393011, root: 6.806551) | LR: 6.25e-05
2026-08-06 10:06:49,648 - INFO - Epoch 184 | Train Loss: 23.054431 (rot: 10.809090, pos: 7.104151, root: 0.661377) | Val Loss: 55.087237 (rot: 13.856133, pos: 29.070751, smooth: 5.382840, root: 6.777513) | LR: 6.25e-05
2026-08-06 10:06:49,648 - INFO - Early stopping triggered at epoch 184. Best Val Loss: 55.014437
2026-08-06 10:06:49,688 - INFO - Training completed. Saved final model: model_20260806-075008-final.pth

S5_walking2_BlenderZXY_YmZ.bvh (29/29)
  loaded precomputed global rotation features
Dataset ready: 183515 samples, 5 unique skeletons
