Loading dataset...
Female1_A01_Stand.bvh (1/21)
  loaded precomputed global rotation features
Female1_A03_SwingT2.bvh (2/21)
  loaded precomputed global rotation features
Female1_B04_StandToWalkBack.bvh (3/21)
  loaded precomputed global rotation features
Female1_B07_WalkBackwardsTurnForwards.bvh (4/21)
  loaded precomputed global rotation features
Female1_B22_SideStepLeft.bvh (5/21)
  loaded precomputed global rotation features
Female1_D2_Wait.bvh (6/21)
  loaded precomputed global rotation features
Male2_B13_WalkTurnRight135.bvh (7/21)
  loaded precomputed global rotation features
Male2_B14_WalkTurnRight45.bvh (8/21)
  loaded precomputed global rotation features
Male2_B3_Walk.bvh (9/21)
  loaded precomputed global rotation features
Male2_C10_RunBackwardsStopRunForward.bvh (10/21)
  loaded precomputed global rotation features
Male2_C14_RunTurnRight90.bvh (11/21)
  loaded precomputed global rotation features
Male2_C6_StandToRunBackwards.bvh (12/21)
  loaded precomputed global rotation features
Male2_D1_StandToReady.bvh (13/21)
  loaded precomputed global rotation features
Male2_D3_RunToReady.bvh (14/21)
  loaded precomputed global rotation features
Male2_D8_BowToReady.bvh (15/21)
  loaded precomputed global rotation features
Male2_E13_BlockRightHigh.bvh (16/21)
  loaded precomputed global rotation features
Male2_E13_BodyCrossLeft.bvh (17/21)
  loaded precomputed global rotation features
Male2_E1_TurnAroundRight.bvh (18/21)
  loaded precomputed global rotation features
Male2_E2_JabRight.bvh (19/21)
  loaded precomputed global rotation features
Male2_G20_ReverseSpinCrescentRight.bvh (20/21)
  loaded precomputed global rotation features
Male2_G6_AxeKick.bvh (21/21)
  loaded precomputed global rotation features
aiming2_subject5.bvh (1/12)
  loaded precomputed global rotation features
dance2_subject5.bvh (2/12)
  loaded precomputed global rotation features
fight1_subject3.bvh (3/12)
  loaded precomputed global rotation features
fightAndSports1_subject4.bvh (4/12)
  loaded precomputed global rotation features
ground1_subject5.bvh (5/12)
  loaded precomputed global rotation features
jumps1_subject2.bvh (6/12)
  loaded precomputed global rotation features
multipleActions1_subject3.bvh (7/12)
  loaded precomputed global rotation features
obstacles5_subject2.bvh (8/12)
  loaded precomputed global rotation features
pushAndStumble1_subject5.bvh (9/12)
  loaded precomputed global rotation features
run2_subject4.bvh (10/12)
  loaded precomputed global rotation features
walk1_subject2.bvh (11/12)
  loaded precomputed global rotation features
walk3_subject3.bvh (12/12)
  loaded precomputed global rotation features
LocomotionFlat07_000.bvh (1/2)
  loaded precomputed global rotation features
LocomotionFlat11_000.bvh (2/2)
  loaded precomputed global rotation features
  3 bad transition(s) detected, affected windows will be skipped
  Skipped 13 window(s) containing jumps
0005_Jogging001.bvh (1/4)
  loaded precomputed global rotation features
  2 bad transition(s) detected, affected windows will be skipped
  Skipped 9 window(s) containing jumps
0008_Walking002.bvh (2/4)
  loaded precomputed global rotation features
0015_HopOverObstacle001.bvh (3/4)
  loaded precomputed global rotation features
0018_XinJiang002.bvh (4/4)
  loaded precomputed global rotation features
S1_acting1_BlenderZXY_YmZ.bvh (1/5)
  loaded precomputed global rotation features
S2_walking2_BlenderZXY_YmZ.bvh (2/5)
  loaded precomputed global rotation features
S3_rom3_BlenderZXY_YmZ.bvh (3/5)
  loaded precomputed global rotation features
S3_walking3_BlenderZXY_YmZ.bvh (4/5)
  loaded precomputed global rotation features
S4_freestyle1_BlenderZXY_YmZ.bvh (5/5)
  loaded precomputed global rotation features
  1 bad transition(s) detected, affected windows will be skipped
  Skipped 7 window(s) containing jumps
Dataset ready: 2250 samples, 5 unique skeletons
Checkpoint: ./checkpoints/model_20260805-195433-best.pth
Test samples: 2250
Context: 50, Gen frames: 15
  Processed 500/2250 samples...
  Processed 1000/2250 samples...
  Processed 1500/2250 samples...
  Processed 2000/2250 samples...
  Processed 2250/2250 samples...

Skipped 0 samples (not enough frames).
Evaluated 2250 samples.
Facing normalization: True
Rotations: global   Skeleton geometry: True

============================================================
  Case: with_root   Dataset: ACAAD   (n=296)
============================================================
  L2P (mean joint pos error):    6.131850
  L2Q (mean joint quat error):   0.072905
  NPSS:                          0.013069
  Joint Rotation MAE (deg):      8.369240
  Joint Rotation RMSE (deg):     10.929074
  Joint Position MAE:            2.994377
  Joint Position RMSE:           4.465798
  Root Position MAE:             2.017084
  Root Position RMSE:            2.738967
  MDC (pred):                    0.272139
  MDC (gt):                      0.120711
  MDC (pred-gt %):               139.1696%
  MDCSS (pred):                  1.177581
  MDCSS (gt):                    0.435991
  MDCSS (pred-gt %):             221.0453%

============================================================
  Case: with_root   Dataset: lafan1_reduced   (n=228)
============================================================
  L2P (mean joint pos error):    14.402215
  L2Q (mean joint quat error):   0.143926
  NPSS:                          0.014164
  Joint Rotation MAE (deg):      16.553583
  Joint Rotation RMSE (deg):     20.781111
  Joint Position MAE:            7.052171
  Joint Position RMSE:           10.222232
  Root Position MAE:             5.162421
  Root Position RMSE:            7.204414
  MDC (pred):                    0.201103
  MDC (gt):                      0.091962
  MDC (pred-gt %):               226.0952%
  MDCSS (pred):                  1.687847
  MDCSS (gt):                    0.572651
  MDCSS (pred-gt %):             372.3231%

============================================================
  Case: with_root   Dataset: pfnn   (n=723)
============================================================
  L2P (mean joint pos error):    12.365066
  L2Q (mean joint quat error):   0.155506
  NPSS:                          0.010910
  Joint Rotation MAE (deg):      17.884992
  Joint Rotation RMSE (deg):     21.389369
  Joint Position MAE:            6.092768
  Joint Position RMSE:           8.580156
  Root Position MAE:             4.190969
  Root Position RMSE:            5.824019
  MDC (pred):                    0.374099
  MDC (gt):                      0.091641
  MDC (pred-gt %):               529.2563%
  MDCSS (pred):                  2.119443
  MDCSS (gt):                    0.558422
  MDCSS (pred-gt %):             505.1783%

============================================================
  Case: with_root   Dataset: SFU   (n=142)
============================================================
  L2P (mean joint pos error):    7.784228
  L2Q (mean joint quat error):   0.131181
  NPSS:                          0.022351
  Joint Rotation MAE (deg):      15.094832
  Joint Rotation RMSE (deg):     18.324683
  Joint Position MAE:            3.765221
  Joint Position RMSE:           5.671212
  Root Position MAE:             2.311892
  Root Position RMSE:            3.147744
  MDC (pred):                    0.264282
  MDC (gt):                      0.068449
  MDC (pred-gt %):               373.2939%
  MDCSS (pred):                  1.561788
  MDCSS (gt):                    0.386479
  MDCSS (pred-gt %):             413.7836%

============================================================
  Case: with_root   Dataset: TotalCapture   (n=861)
============================================================
  L2P (mean joint pos error):    6.277914
  L2Q (mean joint quat error):   0.081843
  NPSS:                          0.020238
  Joint Rotation MAE (deg):      9.401589
  Joint Rotation RMSE (deg):     12.761879
  Joint Position MAE:            3.027584
  Joint Position RMSE:           4.616222
  Root Position MAE:             2.035766
  Root Position RMSE:            2.854117
  MDC (pred):                    0.255579
  MDC (gt):                      0.068950
  MDC (pred-gt %):               704.3278%
  MDCSS (pred):                  1.374348
  MDCSS (gt):                    0.400258
  MDCSS (pred-gt %):             736.7583%

============================================================
  Case: with_root   Dataset: ALL   (n=2250)
============================================================
  L2P (mean joint pos error):    9.133031
  L2Q (mean joint quat error):   0.113742
  NPSS:                          0.015815
  Joint Rotation MAE (deg):      13.075820
  Joint Rotation RMSE (deg):     16.456754
  Joint Position MAE:            4.462539
  Joint Position RMSE:           6.504834
  Root Position MAE:             3.060108
  Root Position RMSE:            4.252658
  MDC (pred):                    0.290871
  MDC (gt):                      0.085351
  MDC (pred-gt %):               504.3690%
  MDCSS (pred):                  1.631484
  MDCSS (gt):                    0.472382
  MDCSS (pred-gt %):             537.1863%

============================================================
  Case: no_root   Dataset: ACAAD   (n=296)
============================================================
  L2P (mean joint pos error):    5.944237
  L2Q (mean joint quat error):   0.072905
  NPSS:                          0.013069
  Joint Rotation MAE (deg):      8.369240
  Joint Rotation RMSE (deg):     10.929074
  Joint Position MAE:            2.902692
  Joint Position RMSE:           4.422089
  Root Position MAE:             0.000000
  Root Position RMSE:            0.000000
  MDC (pred):                    0.272126
  MDC (gt):                      0.120698
  MDC (pred-gt %):               139.1778%
  MDCSS (pred):                  1.177612
  MDCSS (gt):                    0.436027
  MDCSS (pred-gt %):             221.0259%

============================================================
  Case: no_root   Dataset: lafan1_reduced   (n=228)
============================================================
  L2P (mean joint pos error):    13.915103
  L2Q (mean joint quat error):   0.143926
  NPSS:                          0.014164
  Joint Rotation MAE (deg):      16.553583
  Joint Rotation RMSE (deg):     20.781111
  Joint Position MAE:            6.817516
  Joint Position RMSE:           10.095704
  Root Position MAE:             0.000000
  Root Position RMSE:            0.000000
  MDC (pred):                    0.201067
  MDC (gt):                      0.091918
  MDC (pred-gt %):               226.1379%
  MDCSS (pred):                  1.687775
  MDCSS (gt):                    0.572553
  MDCSS (pred-gt %):             372.3455%

============================================================
  Case: no_root   Dataset: pfnn   (n=723)
============================================================
  L2P (mean joint pos error):    12.018980
  L2Q (mean joint quat error):   0.155506
  NPSS:                          0.010910
  Joint Rotation MAE (deg):      17.884992
  Joint Rotation RMSE (deg):     21.389369
  Joint Position MAE:            5.925129
  Joint Position RMSE:           8.493905
  Root Position MAE:             0.000000
  Root Position RMSE:            0.000000
  MDC (pred):                    0.374099
  MDC (gt):                      0.091641
  MDC (pred-gt %):               529.2563%
  MDCSS (pred):                  2.119443
  MDCSS (gt):                    0.558422
  MDCSS (pred-gt %):             505.1783%

============================================================
  Case: no_root   Dataset: SFU   (n=142)
============================================================
  L2P (mean joint pos error):    7.556890
  L2Q (mean joint quat error):   0.131181
  NPSS:                          0.022351
  Joint Rotation MAE (deg):      15.094832
  Joint Rotation RMSE (deg):     18.324683
  Joint Position MAE:            3.655131
  Joint Position RMSE:           5.624139
  Root Position MAE:             0.000000
  Root Position RMSE:            0.000000
  MDC (pred):                    0.264282
  MDC (gt):                      0.068449
  MDC (pred-gt %):               373.2971%
  MDCSS (pred):                  1.561789
  MDCSS (gt):                    0.386480
  MDCSS (pred-gt %):             413.7835%

============================================================
  Case: no_root   Dataset: TotalCapture   (n=861)
============================================================
  L2P (mean joint pos error):    6.092853
  L2Q (mean joint quat error):   0.081843
  NPSS:                          0.020238
  Joint Rotation MAE (deg):      9.401589
  Joint Rotation RMSE (deg):     12.761879
  Joint Position MAE:            2.939072
  Joint Position RMSE:           4.571936
  Root Position MAE:             0.000000
  Root Position RMSE:            0.000000
  MDC (pred):                    0.255569
  MDC (gt):                      0.068940
  MDC (pred-gt %):               704.8199%
  MDCSS (pred):                  1.374334
  MDCSS (gt):                    0.400242
  MDCSS (pred-gt %):             736.9661%

============================================================
  Case: no_root   Dataset: ALL   (n=2250)
============================================================
  L2P (mean joint pos error):    8.862616
  L2Q (mean joint quat error):   0.113742
  NPSS:                          0.015815
  Joint Rotation MAE (deg):      13.075820
  Joint Rotation RMSE (deg):     16.456754
  Joint Position MAE:            4.332013
  Joint Position RMSE:           6.438630
  Root Position MAE:             0.000000
  Root Position RMSE:            0.000000
  MDC (pred):                    0.290862
  MDC (gt):                      0.085341
  MDC (pred-gt %):               504.5629%
  MDCSS (pred):                  1.631475
  MDCSS (gt):                    0.472371
  MDCSS (pred-gt %):             537.2655%

