Loading dataset...
Female1_A01_Stand.bvh (1/21)
  loaded precomputed global rotation features
Female1_A03_SwingT2.bvh (2/21)
  loaded precomputed global rotation features
Female1_B04_StandToWalkBack.bvh (3/21)
  loaded precomputed global rotation features
Female1_B07_WalkBackwardsTurnForwards.bvh (4/21)
  loaded precomputed global rotation features
Female1_B22_SideStepLeft.bvh (5/21)
  loaded precomputed global rotation features
Female1_D2_Wait.bvh (6/21)
  loaded precomputed global rotation features
Male2_B13_WalkTurnRight135.bvh (7/21)
  loaded precomputed global rotation features
Male2_B14_WalkTurnRight45.bvh (8/21)
  loaded precomputed global rotation features
Male2_B3_Walk.bvh (9/21)
  loaded precomputed global rotation features
Male2_C10_RunBackwardsStopRunForward.bvh (10/21)
  loaded precomputed global rotation features
Male2_C14_RunTurnRight90.bvh (11/21)
  loaded precomputed global rotation features
Male2_C6_StandToRunBackwards.bvh (12/21)
  loaded precomputed global rotation features
Male2_D1_StandToReady.bvh (13/21)
  loaded precomputed global rotation features
Male2_D3_RunToReady.bvh (14/21)
  loaded precomputed global rotation features
Male2_D8_BowToReady.bvh (15/21)
  loaded precomputed global rotation features
Male2_E13_BlockRightHigh.bvh (16/21)
  loaded precomputed global rotation features
Male2_E13_BodyCrossLeft.bvh (17/21)
  loaded precomputed global rotation features
Male2_E1_TurnAroundRight.bvh (18/21)
  loaded precomputed global rotation features
Male2_E2_JabRight.bvh (19/21)
  loaded precomputed global rotation features
Male2_G20_ReverseSpinCrescentRight.bvh (20/21)
  loaded precomputed global rotation features
Male2_G6_AxeKick.bvh (21/21)
  loaded precomputed global rotation features
aiming2_subject5.bvh (1/12)
  loaded precomputed global rotation features
dance2_subject5.bvh (2/12)
  loaded precomputed global rotation features
fight1_subject3.bvh (3/12)
  loaded precomputed global rotation features
fightAndSports1_subject4.bvh (4/12)
  loaded precomputed global rotation features
ground1_subject5.bvh (5/12)
  loaded precomputed global rotation features
jumps1_subject2.bvh (6/12)
  loaded precomputed global rotation features
multipleActions1_subject3.bvh (7/12)
  loaded precomputed global rotation features
obstacles5_subject2.bvh (8/12)
  loaded precomputed global rotation features
pushAndStumble1_subject5.bvh (9/12)
  loaded precomputed global rotation features
run2_subject4.bvh (10/12)
  loaded precomputed global rotation features
walk1_subject2.bvh (11/12)
  loaded precomputed global rotation features
walk3_subject3.bvh (12/12)
  loaded precomputed global rotation features
LocomotionFlat07_000.bvh (1/2)
  loaded precomputed global rotation features
LocomotionFlat11_000.bvh (2/2)
  loaded precomputed global rotation features
  3 bad transition(s) detected, affected windows will be skipped
  Skipped 13 window(s) containing jumps
0005_Jogging001.bvh (1/4)
  loaded precomputed global rotation features
  2 bad transition(s) detected, affected windows will be skipped
  Skipped 9 window(s) containing jumps
0008_Walking002.bvh (2/4)
  loaded precomputed global rotation features
0015_HopOverObstacle001.bvh (3/4)
  loaded precomputed global rotation features
0018_XinJiang002.bvh (4/4)
  loaded precomputed global rotation features
S1_acting1_BlenderZXY_YmZ.bvh (1/5)
  loaded precomputed global rotation features
S2_walking2_BlenderZXY_YmZ.bvh (2/5)
  loaded precomputed global rotation features
S3_rom3_BlenderZXY_YmZ.bvh (3/5)
  loaded precomputed global rotation features
S3_walking3_BlenderZXY_YmZ.bvh (4/5)
  loaded precomputed global rotation features
S4_freestyle1_BlenderZXY_YmZ.bvh (5/5)
  loaded precomputed global rotation features
  1 bad transition(s) detected, affected windows will be skipped
  Skipped 7 window(s) containing jumps
Dataset ready: 2250 samples, 5 unique skeletons
Checkpoint: ./checkpoints/model_20260803-201446-best.pth
Test samples: 2250
Context: 50, Gen frames: 15
  Processed 500/2250 samples...
  Processed 1000/2250 samples...
  Processed 1500/2250 samples...
  Processed 2000/2250 samples...
  Processed 2250/2250 samples...

Skipped 0 samples (not enough frames).
Evaluated 2250 samples.
Facing normalization: True
Rotations: global   Skeleton geometry: True

============================================================
  Case: with_root   Dataset: ACAAD   (n=296)
============================================================
  L2P (mean joint pos error):    19.710834
  L2Q (mean joint quat error):   0.247320
  NPSS:                          0.021656
  Joint Rotation MAE (deg):      28.763713
  Joint Rotation RMSE (deg):     35.808504
  Joint Position MAE:            9.901835
  Joint Position RMSE:           13.615871
  Root Position MAE:             5.804999
  Root Position RMSE:            7.785145
  MDC (pred):                    1.485370
  MDC (gt):                      0.120711
  MDC (pred-gt %):               1154.7622%
  MDCSS (pred):                  5.667493
  MDCSS (gt):                    0.435991
  MDCSS (pred-gt %):             1323.6338%

============================================================
  Case: with_root   Dataset: lafan1_reduced   (n=228)
============================================================
  L2P (mean joint pos error):    8.650591
  L2Q (mean joint quat error):   0.134607
  NPSS:                          0.014759
  Joint Rotation MAE (deg):      15.473739
  Joint Rotation RMSE (deg):     19.540325
  Joint Position MAE:            4.243637
  Joint Position RMSE:           6.587466
  Root Position MAE:             2.900227
  Root Position RMSE:            4.056575
  MDC (pred):                    0.106062
  MDC (gt):                      0.091962
  MDC (pred-gt %):               41.0540%
  MDCSS (pred):                  0.701892
  MDCSS (gt):                    0.572651
  MDCSS (pred-gt %):             57.7139%

============================================================
  Case: with_root   Dataset: pfnn   (n=723)
============================================================
  L2P (mean joint pos error):    28.033726
  L2Q (mean joint quat error):   0.317436
  NPSS:                          0.017859
  Joint Rotation MAE (deg):      36.781218
  Joint Rotation RMSE (deg):     43.227349
  Joint Position MAE:            14.091214
  Joint Position RMSE:           18.565874
  Root Position MAE:             9.359082
  Root Position RMSE:            12.437690
  MDC (pred):                    2.163605
  MDC (gt):                      0.091641
  MDC (pred-gt %):               3610.2105%
  MDCSS (pred):                  7.781282
  MDCSS (gt):                    0.558422
  MDCSS (pred-gt %):             2322.7630%

============================================================
  Case: with_root   Dataset: SFU   (n=142)
============================================================
  L2P (mean joint pos error):    26.883925
  L2Q (mean joint quat error):   0.238443
  NPSS:                          0.029170
  Joint Rotation MAE (deg):      27.525659
  Joint Rotation RMSE (deg):     33.123569
  Joint Position MAE:            13.462129
  Joint Position RMSE:           17.916358
  Root Position MAE:             10.611384
  Root Position RMSE:            14.177843
  MDC (pred):                    1.101780
  MDC (gt):                      0.068449
  MDC (pred-gt %):               1826.3337%
  MDCSS (pred):                  4.734999
  MDCSS (gt):                    0.386479
  MDCSS (pred-gt %):             1429.4166%

============================================================
  Case: with_root   Dataset: TotalCapture   (n=861)
============================================================
  L2P (mean joint pos error):    21.053659
  L2Q (mean joint quat error):   0.192857
  NPSS:                          0.025798
  Joint Rotation MAE (deg):      22.269367
  Joint Rotation RMSE (deg):     29.021126
  Joint Position MAE:            10.302414
  Joint Position RMSE:           14.950772
  Root Position MAE:             6.901413
  Root Position RMSE:            9.567868
  MDC (pred):                    1.624578
  MDC (gt):                      0.068950
  MDC (pred-gt %):               5908.8856%
  MDCSS (pred):                  6.308068
  MDCSS (gt):                    0.400258
  MDCSS (pred-gt %):             5524.7643%

============================================================
  Case: with_root   Dataset: ALL   (n=2250)
============================================================
  L2P (mean joint pos error):    22.231042
  L2Q (mean joint quat error):   0.237028
  NPSS:                          0.021796
  Joint Rotation MAE (deg):      27.429982
  Joint Rotation RMSE (deg):     33.777165
  Joint Position MAE:            11.052640
  Joint Position RMSE:           15.276491
  Root Position MAE:             7.375592
  Root Position RMSE:            9.987973
  MDC (pred):                    1.592601
  MDC (gt):                      0.085351
  MDC (pred-gt %):               3692.5520%
  MDCSS (pred):                  6.029819
  MDCSS (gt):                    0.472382
  MDCSS (pred-gt %):             3130.7161%

============================================================
  Case: no_root   Dataset: ACAAD   (n=296)
============================================================
  L2P (mean joint pos error):    19.166710
  L2Q (mean joint quat error):   0.247320
  NPSS:                          0.021656
  Joint Rotation MAE (deg):      28.763713
  Joint Rotation RMSE (deg):     35.808504
  Joint Position MAE:            9.637972
  Joint Position RMSE:           13.498469
  Root Position MAE:             0.000000
  Root Position RMSE:            0.000000
  MDC (pred):                    1.485358
  MDC (gt):                      0.120698
  MDC (pred-gt %):               1154.8110%
  MDCSS (pred):                  5.667532
  MDCSS (gt):                    0.436027
  MDCSS (pred-gt %):             1323.5051%

============================================================
  Case: no_root   Dataset: lafan1_reduced   (n=228)
============================================================
  L2P (mean joint pos error):    8.379652
  L2Q (mean joint quat error):   0.134607
  NPSS:                          0.014759
  Joint Rotation MAE (deg):      15.473739
  Joint Rotation RMSE (deg):     19.540325
  Joint Position MAE:            4.111808
  Joint Position RMSE:           6.524124
  Root Position MAE:             0.000000
  Root Position RMSE:            0.000000
  MDC (pred):                    0.106012
  MDC (gt):                      0.091918
  MDC (pred-gt %):               41.0473%
  MDCSS (pred):                  0.701843
  MDCSS (gt):                    0.572553
  MDCSS (pred-gt %):             57.7201%

============================================================
  Case: no_root   Dataset: pfnn   (n=723)
============================================================
  L2P (mean joint pos error):    27.289569
  L2Q (mean joint quat error):   0.317436
  NPSS:                          0.017859
  Joint Rotation MAE (deg):      36.781218
  Joint Rotation RMSE (deg):     43.227349
  Joint Position MAE:            13.716851
  Joint Position RMSE:           18.389503
  Root Position MAE:             0.000000
  Root Position RMSE:            0.000000
  MDC (pred):                    2.163605
  MDC (gt):                      0.091641
  MDC (pred-gt %):               3610.2105%
  MDCSS (pred):                  7.781282
  MDCSS (gt):                    0.558422
  MDCSS (pred-gt %):             2322.7630%

============================================================
  Case: no_root   Dataset: SFU   (n=142)
============================================================
  L2P (mean joint pos error):    25.878887
  L2Q (mean joint quat error):   0.238443
  NPSS:                          0.029170
  Joint Rotation MAE (deg):      27.525659
  Joint Rotation RMSE (deg):     33.123569
  Joint Position MAE:            12.956825
  Joint Position RMSE:           17.639735
  Root Position MAE:             0.000000
  Root Position RMSE:            0.000000
  MDC (pred):                    1.101778
  MDC (gt):                      0.068449
  MDC (pred-gt %):               1826.3434%
  MDCSS (pred):                  4.734998
  MDCSS (gt):                    0.386480
  MDCSS (pred-gt %):             1429.4150%

============================================================
  Case: no_root   Dataset: TotalCapture   (n=861)
============================================================
  L2P (mean joint pos error):    20.437426
  L2Q (mean joint quat error):   0.192857
  NPSS:                          0.025798
  Joint Rotation MAE (deg):      22.269367
  Joint Rotation RMSE (deg):     29.021126
  Joint Position MAE:            10.002353
  Joint Position RMSE:           14.807699
  Root Position MAE:             0.000000
  Root Position RMSE:            0.000000
  MDC (pred):                    1.624543
  MDC (gt):                      0.068940
  MDC (pred-gt %):               5913.1934%
  MDCSS (pred):                  6.308189
  MDCSS (gt):                    0.400242
  MDCSS (pred-gt %):             5528.2445%

============================================================
  Case: no_root   Dataset: ALL   (n=2250)
============================================================
  L2P (mean joint pos error):    21.593641
  L2Q (mean joint quat error):   0.237028
  NPSS:                          0.021796
  Joint Rotation MAE (deg):      27.429982
  Joint Rotation RMSE (deg):     33.777165
  Joint Position MAE:            10.737560
  Joint Position RMSE:           15.125746
  Root Position MAE:             0.000000
  Root Position RMSE:            0.000000
  MDC (pred):                    1.592581
  MDC (gt):                      0.085341
  MDC (pred-gt %):               3694.2068%
  MDCSS (pred):                  6.029865
  MDCSS (gt):                    0.472371
  MDCSS (pred-gt %):             3132.0315%

