Loading dataset...
Female1_A01_Stand.bvh (1/21)
  loaded precomputed local rotation features
Female1_A03_SwingT2.bvh (2/21)
  loaded precomputed local rotation features
Female1_B04_StandToWalkBack.bvh (3/21)
  loaded precomputed local rotation features
Female1_B07_WalkBackwardsTurnForwards.bvh (4/21)
  loaded precomputed local rotation features
Female1_B22_SideStepLeft.bvh (5/21)
  loaded precomputed local rotation features
Female1_D2_Wait.bvh (6/21)
  loaded precomputed local rotation features
Male2_B13_WalkTurnRight135.bvh (7/21)
  loaded precomputed local rotation features
Male2_B14_WalkTurnRight45.bvh (8/21)
  loaded precomputed local rotation features
Male2_B3_Walk.bvh (9/21)
  loaded precomputed local rotation features
Male2_C10_RunBackwardsStopRunForward.bvh (10/21)
  loaded precomputed local rotation features
Male2_C14_RunTurnRight90.bvh (11/21)
  loaded precomputed local rotation features
Male2_C6_StandToRunBackwards.bvh (12/21)
  loaded precomputed local rotation features
Male2_D1_StandToReady.bvh (13/21)
  loaded precomputed local rotation features
Male2_D3_RunToReady.bvh (14/21)
  loaded precomputed local rotation features
Male2_D8_BowToReady.bvh (15/21)
  loaded precomputed local rotation features
Male2_E13_BlockRightHigh.bvh (16/21)
  loaded precomputed local rotation features
Male2_E13_BodyCrossLeft.bvh (17/21)
  loaded precomputed local rotation features
Male2_E1_TurnAroundRight.bvh (18/21)
  loaded precomputed local rotation features
Male2_E2_JabRight.bvh (19/21)
  loaded precomputed local rotation features
Male2_G20_ReverseSpinCrescentRight.bvh (20/21)
  loaded precomputed local rotation features
Male2_G6_AxeKick.bvh (21/21)
  loaded precomputed local rotation features
aiming2_subject5.bvh (1/12)
  loaded precomputed local rotation features
dance2_subject5.bvh (2/12)
  loaded precomputed local rotation features
fight1_subject3.bvh (3/12)
  loaded precomputed local rotation features
fightAndSports1_subject4.bvh (4/12)
  loaded precomputed local rotation features
ground1_subject5.bvh (5/12)
  loaded precomputed local rotation features
jumps1_subject2.bvh (6/12)
  loaded precomputed local rotation features
multipleActions1_subject3.bvh (7/12)
  loaded precomputed local rotation features
obstacles5_subject2.bvh (8/12)
  loaded precomputed local rotation features
pushAndStumble1_subject5.bvh (9/12)
  loaded precomputed local rotation features
run2_subject4.bvh (10/12)
  loaded precomputed local rotation features
walk1_subject2.bvh (11/12)
  loaded precomputed local rotation features
walk3_subject3.bvh (12/12)
  loaded precomputed local rotation features
LocomotionFlat07_000.bvh (1/2)
  loaded precomputed local rotation features
LocomotionFlat11_000.bvh (2/2)
  loaded precomputed local rotation features
  3 bad transition(s) detected, affected windows will be skipped
  Skipped 13 window(s) containing jumps
0005_Jogging001.bvh (1/4)
  loaded precomputed local rotation features
  2 bad transition(s) detected, affected windows will be skipped
  Skipped 9 window(s) containing jumps
0008_Walking002.bvh (2/4)
  loaded precomputed local rotation features
0015_HopOverObstacle001.bvh (3/4)
  loaded precomputed local rotation features
0018_XinJiang002.bvh (4/4)
  loaded precomputed local rotation features
S1_acting1_BlenderZXY_YmZ.bvh (1/5)
  loaded precomputed local rotation features
S2_walking2_BlenderZXY_YmZ.bvh (2/5)
  loaded precomputed local rotation features
S3_rom3_BlenderZXY_YmZ.bvh (3/5)
  loaded precomputed local rotation features
S3_walking3_BlenderZXY_YmZ.bvh (4/5)
  loaded precomputed local rotation features
S4_freestyle1_BlenderZXY_YmZ.bvh (5/5)
  loaded precomputed local rotation features
  1 bad transition(s) detected, affected windows will be skipped
  Skipped 7 window(s) containing jumps
Dataset ready: 2250 samples, 5 unique skeletons
Checkpoint: ./checkpoints/model_20260807-111559-best.pth
Test samples: 2250
Context: 50, Gen frames: 15
  Processed 500/2250 samples...
  Processed 1000/2250 samples...
  Processed 1500/2250 samples...
  Processed 2000/2250 samples...
  Processed 2250/2250 samples...

Skipped 0 samples (not enough frames).
Evaluated 2250 samples.
Facing normalization: True
Rotations: local   Skeleton geometry: True

============================================================
  Case: with_root   Dataset: ACAAD   (n=296)
============================================================
  L2P (mean joint pos error):    9.311789
  L2Q (mean joint quat error):   0.453022
  NPSS:                          0.025291
  Joint Rotation MAE (deg):      54.702123
  Joint Rotation RMSE (deg):     79.286565
  Joint Position MAE:            4.487167
  Joint Position RMSE:           6.503204
  Root Position MAE:             1.910314
  Root Position RMSE:            2.619233
  MDC (pred):                    0.947258
  MDC (gt):                      0.120711
  MDC (pred-gt %):               795.1187%
  MDCSS (pred):                  3.304234
  MDCSS (gt):                    0.435991
  MDCSS (pred-gt %):             990.9762%

============================================================
  Case: with_root   Dataset: lafan1_reduced   (n=228)
============================================================
  L2P (mean joint pos error):    14.917429
  L2Q (mean joint quat error):   0.477253
  NPSS:                          0.029717
  Joint Rotation MAE (deg):      56.670837
  Joint Rotation RMSE (deg):     73.708947
  Joint Position MAE:            7.352131
  Joint Position RMSE:           10.385291
  Root Position MAE:             4.659352
  Root Position RMSE:            6.496971
  MDC (pred):                    0.534723
  MDC (gt):                      0.091962
  MDC (pred-gt %):               1043.2329%
  MDCSS (pred):                  2.304767
  MDCSS (gt):                    0.572653
  MDCSS (pred-gt %):             624.4358%

============================================================
  Case: with_root   Dataset: pfnn   (n=723)
============================================================
  L2P (mean joint pos error):    12.708758
  L2Q (mean joint quat error):   0.607855
  NPSS:                          0.033833
  Joint Rotation MAE (deg):      73.185844
  Joint Rotation RMSE (deg):     91.957342
  Joint Position MAE:            6.302062
  Joint Position RMSE:           8.577311
  Root Position MAE:             4.211330
  Root Position RMSE:            5.765469
  MDC (pred):                    1.173623
  MDC (gt):                      0.091641
  MDC (pred-gt %):               2164.2114%
  MDCSS (pred):                  3.072874
  MDCSS (gt):                    0.558422
  MDCSS (pred-gt %):             896.6689%

============================================================
  Case: with_root   Dataset: SFU   (n=142)
============================================================
  L2P (mean joint pos error):    8.825488
  L2Q (mean joint quat error):   0.529875
  NPSS:                          0.031194
  Joint Rotation MAE (deg):      64.518985
  Joint Rotation RMSE (deg):     89.857852
  Joint Position MAE:            4.233413
  Joint Position RMSE:           6.453499
  Root Position MAE:             2.012189
  Root Position RMSE:            2.745931
  MDC (pred):                    0.397719
  MDC (gt):                      0.068450
  MDC (pred-gt %):               580.4559%
  MDCSS (pred):                  1.976394
  MDCSS (gt):                    0.386480
  MDCSS (pred-gt %):             512.2197%

============================================================
  Case: with_root   Dataset: TotalCapture   (n=861)
============================================================
  L2P (mean joint pos error):    9.371577
  L2Q (mean joint quat error):   0.575236
  NPSS:                          0.031163
  Joint Rotation MAE (deg):      69.186312
  Joint Rotation RMSE (deg):     89.403337
  Joint Position MAE:            4.634076
  Joint Position RMSE:           6.273411
  Root Position MAE:             1.915692
  Root Position RMSE:            2.667337
  MDC (pred):                    0.975316
  MDC (gt):                      0.068950
  MDC (pred-gt %):               3852.9862%
  MDCSS (pred):                  2.607406
  MDCSS (gt):                    0.400258
  MDCSS (pred-gt %):             2030.1342%

============================================================
  Case: with_root   Dataset: ALL   (n=2250)
============================================================
  L2P (mean joint pos error):    10.963574
  L2Q (mean joint quat error):   0.556848
  NPSS:                          0.031104
  Joint Rotation MAE (deg):      67.003224
  Joint Rotation RMSE (deg):     87.331427
  Joint Position MAE:            5.400872
  Joint Position RMSE:           7.471998
  Root Position MAE:             2.936764
  Root Position RMSE:            4.049572
  MDC (pred):                    0.954248
  MDC (gt):                      0.085351
  MDC (pred-gt %):               2416.7924%
  MDCSS (pred):                  2.778157
  MDCSS (gt):                    0.472382
  MDCSS (pred-gt %):             1290.9657%

============================================================
  Case: no_root   Dataset: ACAAD   (n=296)
============================================================
  L2P (mean joint pos error):    9.133475
  L2Q (mean joint quat error):   0.453022
  NPSS:                          0.025291
  Joint Rotation MAE (deg):      54.702123
  Joint Rotation RMSE (deg):     79.286565
  Joint Position MAE:            4.400335
  Joint Position RMSE:           6.471299
  Root Position MAE:             0.000000
  Root Position RMSE:            0.000000
  MDC (pred):                    0.947246
  MDC (gt):                      0.120698
  MDC (pred-gt %):               795.1844%
  MDCSS (pred):                  3.304259
  MDCSS (gt):                    0.436027
  MDCSS (pred-gt %):             990.8122%

============================================================
  Case: no_root   Dataset: lafan1_reduced   (n=228)
============================================================
  L2P (mean joint pos error):    14.478040
  L2Q (mean joint quat error):   0.477253
  NPSS:                          0.029717
  Joint Rotation MAE (deg):      56.670837
  Joint Rotation RMSE (deg):     73.708947
  Joint Position MAE:            7.140342
  Joint Position RMSE:           10.285059
  Root Position MAE:             0.000000
  Root Position RMSE:            0.000000
  MDC (pred):                    0.534687
  MDC (gt):                      0.091919
  MDC (pred-gt %):               1043.3452%
  MDCSS (pred):                  2.304715
  MDCSS (gt):                    0.572555
  MDCSS (pred-gt %):             624.4574%

============================================================
  Case: no_root   Dataset: pfnn   (n=723)
============================================================
  L2P (mean joint pos error):    12.361034
  L2Q (mean joint quat error):   0.607855
  NPSS:                          0.033833
  Joint Rotation MAE (deg):      73.185844
  Joint Rotation RMSE (deg):     91.957342
  Joint Position MAE:            6.133609
  Joint Position RMSE:           8.491875
  Root Position MAE:             0.000000
  Root Position RMSE:            0.000000
  MDC (pred):                    1.173623
  MDC (gt):                      0.091641
  MDC (pred-gt %):               2164.2114%
  MDCSS (pred):                  3.072874
  MDCSS (gt):                    0.558422
  MDCSS (pred-gt %):             896.6689%

============================================================
  Case: no_root   Dataset: SFU   (n=142)
============================================================
  L2P (mean joint pos error):    8.628972
  L2Q (mean joint quat error):   0.529875
  NPSS:                          0.031194
  Joint Rotation MAE (deg):      64.518985
  Joint Rotation RMSE (deg):     89.857852
  Joint Position MAE:            4.137595
  Joint Position RMSE:           6.420393
  Root Position MAE:             0.000000
  Root Position RMSE:            0.000000
  MDC (pred):                    0.397718
  MDC (gt):                      0.068449
  MDC (pred-gt %):               580.4608%
  MDCSS (pred):                  1.976394
  MDCSS (gt):                    0.386481
  MDCSS (pred-gt %):             512.2189%

============================================================
  Case: no_root   Dataset: TotalCapture   (n=861)
============================================================
  L2P (mean joint pos error):    9.198500
  L2Q (mean joint quat error):   0.575236
  NPSS:                          0.031163
  Joint Rotation MAE (deg):      69.186312
  Joint Rotation RMSE (deg):     89.403337
  Joint Position MAE:            4.550785
  Joint Position RMSE:           6.242915
  Root Position MAE:             0.000000
  Root Position RMSE:            0.000000
  MDC (pred):                    0.975307
  MDC (gt):                      0.068940
  MDC (pred-gt %):               3856.1920%
  MDCSS (pred):                  2.607391
  MDCSS (gt):                    0.400242
  MDCSS (pred-gt %):             2031.4511%

============================================================
  Case: no_root   Dataset: ALL   (n=2250)
============================================================
  L2P (mean joint pos error):    10.705223
  L2Q (mean joint quat error):   0.556848
  NPSS:                          0.031104
  Joint Rotation MAE (deg):      67.003224
  Joint Rotation RMSE (deg):     87.331427
  Joint Position MAE:            5.275938
  Joint Position RMSE:           7.416431
  Root Position MAE:             0.000000
  Root Position RMSE:            0.000000
  MDC (pred):                    0.954239
  MDC (gt):                      0.085341
  MDC (pred-gt %):               2418.0395%
  MDCSS (pred):                  2.778149
  MDCSS (gt):                    0.472371
  MDCSS (pred-gt %):             1291.4501%

