Loading dataset...
Female1_A01_Stand.bvh (1/21)
  loaded precomputed global rotation features
Female1_A03_SwingT2.bvh (2/21)
  loaded precomputed global rotation features
Female1_B04_StandToWalkBack.bvh (3/21)
  loaded precomputed global rotation features
Female1_B07_WalkBackwardsTurnForwards.bvh (4/21)
  loaded precomputed global rotation features
Female1_B22_SideStepLeft.bvh (5/21)
  loaded precomputed global rotation features
Female1_D2_Wait.bvh (6/21)
  loaded precomputed global rotation features
Male2_B13_WalkTurnRight135.bvh (7/21)
  loaded precomputed global rotation features
Male2_B14_WalkTurnRight45.bvh (8/21)
  loaded precomputed global rotation features
Male2_B3_Walk.bvh (9/21)
  loaded precomputed global rotation features
Male2_C10_RunBackwardsStopRunForward.bvh (10/21)
  loaded precomputed global rotation features
Male2_C14_RunTurnRight90.bvh (11/21)
  loaded precomputed global rotation features
Male2_C6_StandToRunBackwards.bvh (12/21)
  loaded precomputed global rotation features
Male2_D1_StandToReady.bvh (13/21)
  loaded precomputed global rotation features
Male2_D3_RunToReady.bvh (14/21)
  loaded precomputed global rotation features
Male2_D8_BowToReady.bvh (15/21)
  loaded precomputed global rotation features
Male2_E13_BlockRightHigh.bvh (16/21)
  loaded precomputed global rotation features
Male2_E13_BodyCrossLeft.bvh (17/21)
  loaded precomputed global rotation features
Male2_E1_TurnAroundRight.bvh (18/21)
  loaded precomputed global rotation features
Male2_E2_JabRight.bvh (19/21)
  loaded precomputed global rotation features
Male2_G20_ReverseSpinCrescentRight.bvh (20/21)
  loaded precomputed global rotation features
Male2_G6_AxeKick.bvh (21/21)
  loaded precomputed global rotation features
aiming2_subject5.bvh (1/12)
  loaded precomputed global rotation features
dance2_subject5.bvh (2/12)
  loaded precomputed global rotation features
fight1_subject3.bvh (3/12)
  loaded precomputed global rotation features
fightAndSports1_subject4.bvh (4/12)
  loaded precomputed global rotation features
ground1_subject5.bvh (5/12)
  loaded precomputed global rotation features
jumps1_subject2.bvh (6/12)
  loaded precomputed global rotation features
multipleActions1_subject3.bvh (7/12)
  loaded precomputed global rotation features
obstacles5_subject2.bvh (8/12)
  loaded precomputed global rotation features
pushAndStumble1_subject5.bvh (9/12)
  loaded precomputed global rotation features
run2_subject4.bvh (10/12)
  loaded precomputed global rotation features
walk1_subject2.bvh (11/12)
  loaded precomputed global rotation features
walk3_subject3.bvh (12/12)
  loaded precomputed global rotation features
LocomotionFlat07_000.bvh (1/2)
  loaded precomputed global rotation features
LocomotionFlat11_000.bvh (2/2)
  loaded precomputed global rotation features
  3 bad transition(s) detected, affected windows will be skipped
  Skipped 13 window(s) containing jumps
0005_Jogging001.bvh (1/4)
  loaded precomputed global rotation features
  2 bad transition(s) detected, affected windows will be skipped
  Skipped 9 window(s) containing jumps
0008_Walking002.bvh (2/4)
  loaded precomputed global rotation features
0015_HopOverObstacle001.bvh (3/4)
  loaded precomputed global rotation features
0018_XinJiang002.bvh (4/4)
  loaded precomputed global rotation features
S1_acting1_BlenderZXY_YmZ.bvh (1/5)
  loaded precomputed global rotation features
S2_walking2_BlenderZXY_YmZ.bvh (2/5)
  loaded precomputed global rotation features
S3_rom3_BlenderZXY_YmZ.bvh (3/5)
  loaded precomputed global rotation features
S3_walking3_BlenderZXY_YmZ.bvh (4/5)
  loaded precomputed global rotation features
S4_freestyle1_BlenderZXY_YmZ.bvh (5/5)
  loaded precomputed global rotation features
  1 bad transition(s) detected, affected windows will be skipped
  Skipped 7 window(s) containing jumps
Dataset ready: 2250 samples, 5 unique skeletons
Checkpoint: ./checkpoints/model_20260806-184529-best.pth
Test samples: 2250
Context: 50, Gen frames: 15
  Processed 500/2250 samples...
  Processed 1000/2250 samples...
  Processed 1500/2250 samples...
  Processed 2000/2250 samples...
  Processed 2250/2250 samples...

Skipped 0 samples (not enough frames).
Evaluated 2250 samples.
Facing normalization: True
Rotations: global   Skeleton geometry: True

============================================================
  Case: with_root   Dataset: ACAAD   (n=296)
============================================================
  L2P (mean joint pos error):    5.591992
  L2Q (mean joint quat error):   0.088652
  NPSS:                          0.013624
  Joint Rotation MAE (deg):      10.178775
  Joint Rotation RMSE (deg):     12.900777
  Joint Position MAE:            2.738856
  Joint Position RMSE:           4.112215
  Root Position MAE:             1.982817
  Root Position RMSE:            2.636562
  MDC (pred):                    0.146770
  MDC (gt):                      0.120711
  MDC (pred-gt %):               26.0984%
  MDCSS (pred):                  0.620618
  MDCSS (gt):                    0.435991
  MDCSS (pred-gt %):             55.7436%

============================================================
  Case: with_root   Dataset: lafan1_reduced   (n=228)
============================================================
  L2P (mean joint pos error):    12.246782
  L2Q (mean joint quat error):   0.153820
  NPSS:                          0.016173
  Joint Rotation MAE (deg):      17.691851
  Joint Rotation RMSE (deg):     21.462621
  Joint Position MAE:            6.018198
  Joint Position RMSE:           8.832041
  Root Position MAE:             4.567896
  Root Position RMSE:            6.214294
  MDC (pred):                    0.124852
  MDC (gt):                      0.091962
  MDC (pred-gt %):               85.9434%
  MDCSS (pred):                  0.795746
  MDCSS (gt):                    0.572651
  MDCSS (pred-gt %):             96.5492%

============================================================
  Case: with_root   Dataset: pfnn   (n=723)
============================================================
  L2P (mean joint pos error):    10.980522
  L2Q (mean joint quat error):   0.165505
  NPSS:                          0.011975
  Joint Rotation MAE (deg):      19.026224
  Joint Rotation RMSE (deg):     22.252406
  Joint Position MAE:            5.437375
  Joint Position RMSE:           7.550569
  Root Position MAE:             4.027644
  Root Position RMSE:            5.448457
  MDC (pred):                    0.141893
  MDC (gt):                      0.091641
  MDC (pred-gt %):               109.3883%
  MDCSS (pred):                  1.126388
  MDCSS (gt):                    0.558422
  MDCSS (pred-gt %):             203.6866%

============================================================
  Case: with_root   Dataset: SFU   (n=142)
============================================================
  L2P (mean joint pos error):    6.733110
  L2Q (mean joint quat error):   0.138313
  NPSS:                          0.023252
  Joint Rotation MAE (deg):      15.908554
  Joint Rotation RMSE (deg):     19.584612
  Joint Position MAE:            3.289193
  Joint Position RMSE:           4.996264
  Root Position MAE:             2.102654
  Root Position RMSE:            2.745420
  MDC (pred):                    0.089143
  MDC (gt):                      0.068449
  MDC (pred-gt %):               37.0991%
  MDCSS (pred):                  0.573396
  MDCSS (gt):                    0.386479
  MDCSS (pred-gt %):             60.9908%

============================================================
  Case: with_root   Dataset: TotalCapture   (n=861)
============================================================
  L2P (mean joint pos error):    5.498172
  L2Q (mean joint quat error):   0.093026
  NPSS:                          0.021185
  Joint Rotation MAE (deg):      10.687577
  Joint Rotation RMSE (deg):     14.261611
  Joint Position MAE:            2.675919
  Joint Position RMSE:           4.051754
  Root Position MAE:             1.885525
  Root Position RMSE:            2.530326
  MDC (pred):                    0.091356
  MDC (gt):                      0.068950
  MDC (pred-gt %):               117.8540%
  MDCSS (pred):                  0.569137
  MDCSS (gt):                    0.400258
  MDCSS (pred-gt %):             124.9711%

============================================================
  Case: with_root   Dataset: ALL   (n=2250)
============================================================
  L2P (mean joint pos error):    8.033974
  L2Q (mean joint quat error):   0.124759
  NPSS:                          0.016854
  Joint Rotation MAE (deg):      14.339395
  Joint Rotation RMSE (deg):     17.715937
  Joint Position MAE:            3.948935
  Joint Position RMSE:           5.728005
  Root Position MAE:             2.872175
  Root Position RMSE:            3.868878
  MDC (pred):                    0.118140
  MDC (gt):                      0.085351
  MDC (pred-gt %):               94.7326%
  MDCSS (pred):                  0.778205
  MDCSS (gt):                    0.472382
  MDCSS (pred-gt %):             134.2398%

============================================================
  Case: no_root   Dataset: ACAAD   (n=296)
============================================================
  L2P (mean joint pos error):    5.409085
  L2Q (mean joint quat error):   0.088652
  NPSS:                          0.013624
  Joint Rotation MAE (deg):      10.178775
  Joint Rotation RMSE (deg):     12.900777
  Joint Position MAE:            2.648728
  Joint Position RMSE:           4.068823
  Root Position MAE:             0.000000
  Root Position RMSE:            0.000000
  MDC (pred):                    0.146748
  MDC (gt):                      0.120698
  MDC (pred-gt %):               26.0944%
  MDCSS (pred):                  0.620679
  MDCSS (gt):                    0.436027
  MDCSS (pred-gt %):             55.7408%

============================================================
  Case: no_root   Dataset: lafan1_reduced   (n=228)
============================================================
  L2P (mean joint pos error):    11.818503
  L2Q (mean joint quat error):   0.153820
  NPSS:                          0.016173
  Joint Rotation MAE (deg):      17.691851
  Joint Rotation RMSE (deg):     21.462621
  Joint Position MAE:            5.810566
  Joint Position RMSE:           8.722857
  Root Position MAE:             0.000000
  Root Position RMSE:            0.000000
  MDC (pred):                    0.124815
  MDC (gt):                      0.091918
  MDC (pred-gt %):               85.9535%
  MDCSS (pred):                  0.795709
  MDCSS (gt):                    0.572553
  MDCSS (pred-gt %):             96.5590%

============================================================
  Case: no_root   Dataset: pfnn   (n=723)
============================================================
  L2P (mean joint pos error):    10.649552
  L2Q (mean joint quat error):   0.165505
  NPSS:                          0.011975
  Joint Rotation MAE (deg):      19.026224
  Joint Rotation RMSE (deg):     22.252406
  Joint Position MAE:            5.276269
  Joint Position RMSE:           7.465861
  Root Position MAE:             0.000000
  Root Position RMSE:            0.000000
  MDC (pred):                    0.141893
  MDC (gt):                      0.091641
  MDC (pred-gt %):               109.3883%
  MDCSS (pred):                  1.126388
  MDCSS (gt):                    0.558422
  MDCSS (pred-gt %):             203.6866%

============================================================
  Case: no_root   Dataset: SFU   (n=142)
============================================================
  L2P (mean joint pos error):    6.529515
  L2Q (mean joint quat error):   0.138313
  NPSS:                          0.023252
  Joint Rotation MAE (deg):      15.908554
  Joint Rotation RMSE (deg):     19.584612
  Joint Position MAE:            3.189066
  Joint Position RMSE:           4.954849
  Root Position MAE:             0.000000
  Root Position RMSE:            0.000000
  MDC (pred):                    0.089142
  MDC (gt):                      0.068449
  MDC (pred-gt %):               37.0990%
  MDCSS (pred):                  0.573398
  MDCSS (gt):                    0.386480
  MDCSS (pred-gt %):             60.9908%

============================================================
  Case: no_root   Dataset: TotalCapture   (n=861)
============================================================
  L2P (mean joint pos error):    5.329459
  L2Q (mean joint quat error):   0.093026
  NPSS:                          0.021185
  Joint Rotation MAE (deg):      10.687577
  Joint Rotation RMSE (deg):     14.261611
  Joint Position MAE:            2.593940
  Joint Position RMSE:           4.012311
  Root Position MAE:             0.000000
  Root Position RMSE:            0.000000
  MDC (pred):                    0.091344
  MDC (gt):                      0.068940
  MDC (pred-gt %):               117.9441%
  MDCSS (pred):                  0.569118
  MDCSS (gt):                    0.400242
  MDCSS (pred-gt %):             125.0266%

============================================================
  Case: no_root   Dataset: ALL   (n=2250)
============================================================
  L2P (mean joint pos error):    7.782751
  L2Q (mean joint quat error):   0.124759
  NPSS:                          0.016854
  Joint Rotation MAE (deg):      14.339395
  Joint Rotation RMSE (deg):     17.715937
  Joint Position MAE:            3.826580
  Joint Position RMSE:           5.666306
  Root Position MAE:             0.000000
  Root Position RMSE:            0.000000
  MDC (pred):                    0.118128
  MDC (gt):                      0.085341
  MDC (pred-gt %):               94.7675%
  MDCSS (pred):                  0.778202
  MDCSS (gt):                    0.472371
  MDCSS (pred-gt %):             134.2616%

