Loading dataset...
Female1_A01_Stand.bvh (1/21)
  loaded precomputed global rotation features
Female1_A03_SwingT2.bvh (2/21)
  loaded precomputed global rotation features
Female1_B04_StandToWalkBack.bvh (3/21)
  loaded precomputed global rotation features
Female1_B07_WalkBackwardsTurnForwards.bvh (4/21)
  loaded precomputed global rotation features
Female1_B22_SideStepLeft.bvh (5/21)
  loaded precomputed global rotation features
Female1_D2_Wait.bvh (6/21)
  loaded precomputed global rotation features
Male2_B13_WalkTurnRight135.bvh (7/21)
  loaded precomputed global rotation features
Male2_B14_WalkTurnRight45.bvh (8/21)
  loaded precomputed global rotation features
Male2_B3_Walk.bvh (9/21)
  loaded precomputed global rotation features
Male2_C10_RunBackwardsStopRunForward.bvh (10/21)
  loaded precomputed global rotation features
Male2_C14_RunTurnRight90.bvh (11/21)
  loaded precomputed global rotation features
Male2_C6_StandToRunBackwards.bvh (12/21)
  loaded precomputed global rotation features
Male2_D1_StandToReady.bvh (13/21)
  loaded precomputed global rotation features
Male2_D3_RunToReady.bvh (14/21)
  loaded precomputed global rotation features
Male2_D8_BowToReady.bvh (15/21)
  loaded precomputed global rotation features
Male2_E13_BlockRightHigh.bvh (16/21)
  loaded precomputed global rotation features
Male2_E13_BodyCrossLeft.bvh (17/21)
  loaded precomputed global rotation features
Male2_E1_TurnAroundRight.bvh (18/21)
  loaded precomputed global rotation features
Male2_E2_JabRight.bvh (19/21)
  loaded precomputed global rotation features
Male2_G20_ReverseSpinCrescentRight.bvh (20/21)
  loaded precomputed global rotation features
Male2_G6_AxeKick.bvh (21/21)
  loaded precomputed global rotation features
aiming2_subject5.bvh (1/12)
  loaded precomputed global rotation features
dance2_subject5.bvh (2/12)
  loaded precomputed global rotation features
fight1_subject3.bvh (3/12)
  loaded precomputed global rotation features
fightAndSports1_subject4.bvh (4/12)
  loaded precomputed global rotation features
ground1_subject5.bvh (5/12)
  loaded precomputed global rotation features
jumps1_subject2.bvh (6/12)
  loaded precomputed global rotation features
multipleActions1_subject3.bvh (7/12)
  loaded precomputed global rotation features
obstacles5_subject2.bvh (8/12)
  loaded precomputed global rotation features
pushAndStumble1_subject5.bvh (9/12)
  loaded precomputed global rotation features
run2_subject4.bvh (10/12)
  loaded precomputed global rotation features
walk1_subject2.bvh (11/12)
  loaded precomputed global rotation features
walk3_subject3.bvh (12/12)
  loaded precomputed global rotation features
LocomotionFlat07_000.bvh (1/2)
  loaded precomputed global rotation features
LocomotionFlat11_000.bvh (2/2)
  loaded precomputed global rotation features
  3 bad transition(s) detected, affected windows will be skipped
  Skipped 13 window(s) containing jumps
0005_Jogging001.bvh (1/4)
  loaded precomputed global rotation features
  2 bad transition(s) detected, affected windows will be skipped
  Skipped 9 window(s) containing jumps
0008_Walking002.bvh (2/4)
  loaded precomputed global rotation features
0015_HopOverObstacle001.bvh (3/4)
  loaded precomputed global rotation features
0018_XinJiang002.bvh (4/4)
  loaded precomputed global rotation features
S1_acting1_BlenderZXY_YmZ.bvh (1/5)
  loaded precomputed global rotation features
S2_walking2_BlenderZXY_YmZ.bvh (2/5)
  loaded precomputed global rotation features
S3_rom3_BlenderZXY_YmZ.bvh (3/5)
  loaded precomputed global rotation features
S3_walking3_BlenderZXY_YmZ.bvh (4/5)
  loaded precomputed global rotation features
S4_freestyle1_BlenderZXY_YmZ.bvh (5/5)
  loaded precomputed global rotation features
  1 bad transition(s) detected, affected windows will be skipped
  Skipped 7 window(s) containing jumps
Dataset ready: 2250 samples, 5 unique skeletons
Checkpoint: ./checkpoints/model_20260805-100422-best.pth
Test samples: 2250
Context: 50, Gen frames: 15
  Processed 500/2250 samples...
  Processed 1000/2250 samples...
  Processed 1500/2250 samples...
  Processed 2000/2250 samples...
  Processed 2250/2250 samples...

Skipped 0 samples (not enough frames).
Evaluated 2250 samples.
Facing normalization: True
Rotations: global   Skeleton geometry: True

============================================================
  Case: with_root   Dataset: ACAAD   (n=296)
============================================================
  L2P (mean joint pos error):    5.415358
  L2Q (mean joint quat error):   0.083726
  NPSS:                          0.013237
  Joint Rotation MAE (deg):      9.616045
  Joint Rotation RMSE (deg):     12.345160
  Joint Position MAE:            2.642212
  Joint Position RMSE:           3.993468
  Root Position MAE:             1.842461
  Root Position RMSE:            2.510024
  MDC (pred):                    0.171776
  MDC (gt):                      0.120711
  MDC (pred-gt %):               49.1344%
  MDCSS (pred):                  0.818990
  MDCSS (gt):                    0.435991
  MDCSS (pred-gt %):             120.1100%

============================================================
  Case: with_root   Dataset: lafan1_reduced   (n=228)
============================================================
  L2P (mean joint pos error):    12.325456
  L2Q (mean joint quat error):   0.148684
  NPSS:                          0.014766
  Joint Rotation MAE (deg):      17.102353
  Joint Rotation RMSE (deg):     21.177540
  Joint Position MAE:            6.047133
  Joint Position RMSE:           8.990171
  Root Position MAE:             4.552376
  Root Position RMSE:            6.314655
  MDC (pred):                    0.129885
  MDC (gt):                      0.091962
  MDC (pred-gt %):               93.6503%
  MDCSS (pred):                  1.017558
  MDCSS (gt):                    0.572651
  MDCSS (pred-gt %):             179.1641%

============================================================
  Case: with_root   Dataset: pfnn   (n=723)
============================================================
  L2P (mean joint pos error):    10.117379
  L2Q (mean joint quat error):   0.155846
  NPSS:                          0.011065
  Joint Rotation MAE (deg):      17.909910
  Joint Rotation RMSE (deg):     21.010557
  Joint Position MAE:            5.012147
  Joint Position RMSE:           7.155625
  Root Position MAE:             3.521443
  Root Position RMSE:            4.822855
  MDC (pred):                    0.176218
  MDC (gt):                      0.091641
  MDC (pred-gt %):               171.2548%
  MDCSS (pred):                  1.390601
  MDCSS (gt):                    0.558422
  MDCSS (pred-gt %):             287.9389%

============================================================
  Case: with_root   Dataset: SFU   (n=142)
============================================================
  L2P (mean joint pos error):    6.963301
  L2Q (mean joint quat error):   0.142240
  NPSS:                          0.023026
  Joint Rotation MAE (deg):      16.364127
  Joint Rotation RMSE (deg):     20.061058
  Joint Position MAE:            3.365934
  Joint Position RMSE:           5.101795
  Root Position MAE:             2.246054
  Root Position RMSE:            3.101145
  MDC (pred):                    0.114668
  MDC (gt):                      0.068449
  MDC (pred-gt %):               80.7282%
  MDCSS (pred):                  0.759190
  MDCSS (gt):                    0.386479
  MDCSS (pred-gt %):             129.9368%

============================================================
  Case: with_root   Dataset: TotalCapture   (n=861)
============================================================
  L2P (mean joint pos error):    5.300007
  L2Q (mean joint quat error):   0.090940
  NPSS:                          0.021271
  Joint Rotation MAE (deg):      10.446680
  Joint Rotation RMSE (deg):     13.981112
  Joint Position MAE:            2.575700
  Joint Position RMSE:           3.976206
  Root Position MAE:             1.784128
  Root Position RMSE:            2.483366
  MDC (pred):                    0.114595
  MDC (gt):                      0.068950
  MDC (pred-gt %):               205.2441%
  MDCSS (pred):                  0.708078
  MDCSS (gt):                    0.400258
  MDCSS (pred-gt %):             286.6055%

============================================================
  Case: with_root   Dataset: ALL   (n=2250)
============================================================
  L2P (mean joint pos error):    7.680049
  L2Q (mean joint quat error):   0.119936
  NPSS:                          0.016386
  Joint Rotation MAE (deg):      13.783488
  Joint Rotation RMSE (deg):     17.137638
  Joint Position MAE:            3.769006
  Joint Position RMSE:           5.579250
  Root Position MAE:             2.659728
  Root Position RMSE:            3.665855
  MDC (pred):                    0.143473
  MDC (gt):                      0.085351
  MDC (pred-gt %):               154.6186%
  MDCSS (pred):                  0.976573
  MDCSS (gt):                    0.472382
  MDCSS (pred-gt %):             244.3556%

============================================================
  Case: no_root   Dataset: ACAAD   (n=296)
============================================================
  L2P (mean joint pos error):    5.244905
  L2Q (mean joint quat error):   0.083726
  NPSS:                          0.013237
  Joint Rotation MAE (deg):      9.616045
  Joint Rotation RMSE (deg):     12.345160
  Joint Position MAE:            2.558464
  Joint Position RMSE:           3.953439
  Root Position MAE:             0.000000
  Root Position RMSE:            0.000000
  MDC (pred):                    0.171762
  MDC (gt):                      0.120698
  MDC (pred-gt %):               49.1376%
  MDCSS (pred):                  0.819022
  MDCSS (gt):                    0.436027
  MDCSS (pred-gt %):             120.0945%

============================================================
  Case: no_root   Dataset: lafan1_reduced   (n=228)
============================================================
  L2P (mean joint pos error):    11.901520
  L2Q (mean joint quat error):   0.148684
  NPSS:                          0.014766
  Joint Rotation MAE (deg):      17.102353
  Joint Rotation RMSE (deg):     21.177540
  Joint Position MAE:            5.840207
  Joint Position RMSE:           8.879350
  Root Position MAE:             0.000000
  Root Position RMSE:            0.000000
  MDC (pred):                    0.129839
  MDC (gt):                      0.091918
  MDC (pred-gt %):               93.6555%
  MDCSS (pred):                  1.017491
  MDCSS (gt):                    0.572553
  MDCSS (pred-gt %):             179.1737%

============================================================
  Case: no_root   Dataset: pfnn   (n=723)
============================================================
  L2P (mean joint pos error):    9.830557
  L2Q (mean joint quat error):   0.155846
  NPSS:                          0.011065
  Joint Rotation MAE (deg):      17.909910
  Joint Rotation RMSE (deg):     21.010557
  Joint Position MAE:            4.871290
  Joint Position RMSE:           7.085105
  Root Position MAE:             0.000000
  Root Position RMSE:            0.000000
  MDC (pred):                    0.176218
  MDC (gt):                      0.091641
  MDC (pred-gt %):               171.2548%
  MDCSS (pred):                  1.390601
  MDCSS (gt):                    0.558422
  MDCSS (pred-gt %):             287.9389%

============================================================
  Case: no_root   Dataset: SFU   (n=142)
============================================================
  L2P (mean joint pos error):    6.739464
  L2Q (mean joint quat error):   0.142240
  NPSS:                          0.023026
  Joint Rotation MAE (deg):      16.364127
  Joint Rotation RMSE (deg):     20.061058
  Joint Position MAE:            3.258979
  Joint Position RMSE:           5.051625
  Root Position MAE:             0.000000
  Root Position RMSE:            0.000000
  MDC (pred):                    0.114668
  MDC (gt):                      0.068449
  MDC (pred-gt %):               80.7293%
  MDCSS (pred):                  0.759191
  MDCSS (gt):                    0.386480
  MDCSS (pred-gt %):             129.9366%

============================================================
  Case: no_root   Dataset: TotalCapture   (n=861)
============================================================
  L2P (mean joint pos error):    5.139506
  L2Q (mean joint quat error):   0.090940
  NPSS:                          0.021271
  Joint Rotation MAE (deg):      10.446680
  Joint Rotation RMSE (deg):     13.981112
  Joint Position MAE:            2.498129
  Joint Position RMSE:           3.937434
  Root Position MAE:             0.000000
  Root Position RMSE:            0.000000
  MDC (pred):                    0.114584
  MDC (gt):                      0.068940
  MDC (pred-gt %):               205.4278%
  MDCSS (pred):                  0.708064
  MDCSS (gt):                    0.400242
  MDCSS (pred-gt %):             286.7760%

============================================================
  Case: no_root   Dataset: ALL   (n=2250)
============================================================
  L2P (mean joint pos error):    7.446955
  L2Q (mean joint quat error):   0.119936
  NPSS:                          0.016386
  Joint Rotation MAE (deg):      13.783488
  Joint Rotation RMSE (deg):     17.137638
  Joint Position MAE:            3.655324
  Joint Position RMSE:           5.522090
  Root Position MAE:             0.000000
  Root Position RMSE:            0.000000
  MDC (pred):                    0.143462
  MDC (gt):                      0.085341
  MDC (pred-gt %):               154.6899%
  MDCSS (pred):                  0.976565
  MDCSS (gt):                    0.472371
  MDCSS (pred-gt %):             244.4198%

