Loading dataset...
Female1_A01_Stand.bvh (1/21)
  loaded precomputed local rotation features
Female1_A03_SwingT2.bvh (2/21)
  loaded precomputed local rotation features
Female1_B04_StandToWalkBack.bvh (3/21)
  loaded precomputed local rotation features
Female1_B07_WalkBackwardsTurnForwards.bvh (4/21)
  loaded precomputed local rotation features
Female1_B22_SideStepLeft.bvh (5/21)
  loaded precomputed local rotation features
Female1_D2_Wait.bvh (6/21)
  loaded precomputed local rotation features
Male2_B13_WalkTurnRight135.bvh (7/21)
  loaded precomputed local rotation features
Male2_B14_WalkTurnRight45.bvh (8/21)
  loaded precomputed local rotation features
Male2_B3_Walk.bvh (9/21)
  loaded precomputed local rotation features
Male2_C10_RunBackwardsStopRunForward.bvh (10/21)
  loaded precomputed local rotation features
Male2_C14_RunTurnRight90.bvh (11/21)
  loaded precomputed local rotation features
Male2_C6_StandToRunBackwards.bvh (12/21)
  loaded precomputed local rotation features
Male2_D1_StandToReady.bvh (13/21)
  loaded precomputed local rotation features
Male2_D3_RunToReady.bvh (14/21)
  loaded precomputed local rotation features
Male2_D8_BowToReady.bvh (15/21)
  loaded precomputed local rotation features
Male2_E13_BlockRightHigh.bvh (16/21)
  loaded precomputed local rotation features
Male2_E13_BodyCrossLeft.bvh (17/21)
  loaded precomputed local rotation features
Male2_E1_TurnAroundRight.bvh (18/21)
  loaded precomputed local rotation features
Male2_E2_JabRight.bvh (19/21)
  loaded precomputed local rotation features
Male2_G20_ReverseSpinCrescentRight.bvh (20/21)
  loaded precomputed local rotation features
Male2_G6_AxeKick.bvh (21/21)
  loaded precomputed local rotation features
aiming2_subject5.bvh (1/12)
  loaded precomputed local rotation features
dance2_subject5.bvh (2/12)
  loaded precomputed local rotation features
fight1_subject3.bvh (3/12)
  loaded precomputed local rotation features
fightAndSports1_subject4.bvh (4/12)
  loaded precomputed local rotation features
ground1_subject5.bvh (5/12)
  loaded precomputed local rotation features
jumps1_subject2.bvh (6/12)
  loaded precomputed local rotation features
multipleActions1_subject3.bvh (7/12)
  loaded precomputed local rotation features
obstacles5_subject2.bvh (8/12)
  loaded precomputed local rotation features
pushAndStumble1_subject5.bvh (9/12)
  loaded precomputed local rotation features
run2_subject4.bvh (10/12)
  loaded precomputed local rotation features
walk1_subject2.bvh (11/12)
  loaded precomputed local rotation features
walk3_subject3.bvh (12/12)
  loaded precomputed local rotation features
LocomotionFlat07_000.bvh (1/2)
  loaded precomputed local rotation features
LocomotionFlat11_000.bvh (2/2)
  loaded precomputed local rotation features
  3 bad transition(s) detected, affected windows will be skipped
  Skipped 13 window(s) containing jumps
0005_Jogging001.bvh (1/4)
  loaded precomputed local rotation features
  2 bad transition(s) detected, affected windows will be skipped
  Skipped 9 window(s) containing jumps
0008_Walking002.bvh (2/4)
  loaded precomputed local rotation features
0015_HopOverObstacle001.bvh (3/4)
  loaded precomputed local rotation features
0018_XinJiang002.bvh (4/4)
  loaded precomputed local rotation features
S1_acting1_BlenderZXY_YmZ.bvh (1/5)
  loaded precomputed local rotation features
S2_walking2_BlenderZXY_YmZ.bvh (2/5)
  loaded precomputed local rotation features
S3_rom3_BlenderZXY_YmZ.bvh (3/5)
  loaded precomputed local rotation features
S3_walking3_BlenderZXY_YmZ.bvh (4/5)
  loaded precomputed local rotation features
S4_freestyle1_BlenderZXY_YmZ.bvh (5/5)
  loaded precomputed local rotation features
  1 bad transition(s) detected, affected windows will be skipped
  Skipped 7 window(s) containing jumps
Dataset ready: 2250 samples, 5 unique skeletons
Checkpoint: ./checkpoints/model_20260807-152029-best.pth
Test samples: 2250
Context: 50, Gen frames: 15
  Processed 500/2250 samples...
  Processed 1000/2250 samples...
  Processed 1500/2250 samples...
  Processed 2000/2250 samples...
  Processed 2250/2250 samples...

Skipped 0 samples (not enough frames).
Evaluated 2250 samples.
Facing normalization: True
Rotations: local   Skeleton geometry: True

============================================================
  Case: with_root   Dataset: ACAAD   (n=296)
============================================================
  L2P (mean joint pos error):    38.482959
  L2Q (mean joint quat error):   0.291412
  NPSS:                          0.021025
  Joint Rotation MAE (deg):      33.929272
  Joint Rotation RMSE (deg):     40.224610
  Joint Position MAE:            18.861807
  Joint Position RMSE:           25.983761
  Root Position MAE:             5.544071
  Root Position RMSE:            7.329787
  MDC (pred):                    3.787904
  MDC (gt):                      0.120711
  MDC (pred-gt %):               3352.0931%
  MDCSS (pred):                  37.186780
  MDCSS (gt):                    0.435991
  MDCSS (pred-gt %):             11308.8404%

============================================================
  Case: with_root   Dataset: lafan1_reduced   (n=228)
============================================================
  L2P (mean joint pos error):    9.604062
  L2Q (mean joint quat error):   0.344310
  NPSS:                          0.028263
  Joint Rotation MAE (deg):      40.524132
  Joint Rotation RMSE (deg):     56.916380
  Joint Position MAE:            4.731033
  Joint Position RMSE:           7.099852
  Root Position MAE:             3.172771
  Root Position RMSE:            4.441305
  MDC (pred):                    0.197811
  MDC (gt):                      0.091962
  MDC (pred-gt %):               253.0878%
  MDCSS (pred):                  1.076775
  MDCSS (gt):                    0.572653
  MDCSS (pred-gt %):             199.8756%

============================================================
  Case: with_root   Dataset: pfnn   (n=723)
============================================================
  L2P (mean joint pos error):    41.330878
  L2Q (mean joint quat error):   0.380067
  NPSS:                          0.018552
  Joint Rotation MAE (deg):      44.237511
  Joint Rotation RMSE (deg):     51.476987
  Joint Position MAE:            20.430584
  Joint Position RMSE:           28.289305
  Root Position MAE:             8.110388
  Root Position RMSE:            11.291514
  MDC (pred):                    3.805896
  MDC (gt):                      0.091641
  MDC (pred-gt %):               6586.1532%
  MDCSS (pred):                  41.633934
  MDCSS (gt):                    0.558422
  MDCSS (pred-gt %):             13153.8635%

============================================================
  Case: with_root   Dataset: SFU   (n=142)
============================================================
  L2P (mean joint pos error):    35.593860
  L2Q (mean joint quat error):   0.268186
  NPSS:                          0.027277
  Joint Rotation MAE (deg):      30.964449
  Joint Rotation RMSE (deg):     36.098657
  Joint Position MAE:            17.452801
  Joint Position RMSE:           23.950585
  Root Position MAE:             7.485871
  Root Position RMSE:            10.236959
  MDC (pred):                    2.769237
  MDC (gt):                      0.068450
  MDC (pred-gt %):               5025.9865%
  MDCSS (pred):                  33.343249
  MDCSS (gt):                    0.386480
  MDCSS (pred-gt %):             10583.3635%

============================================================
  Case: with_root   Dataset: TotalCapture   (n=861)
============================================================
  L2P (mean joint pos error):    56.750621
  L2Q (mean joint quat error):   0.254461
  NPSS:                          0.027003
  Joint Rotation MAE (deg):      29.477390
  Joint Rotation RMSE (deg):     37.560167
  Joint Position MAE:            29.215296
  Joint Position RMSE:           37.734905
  Root Position MAE:             4.927010
  Root Position RMSE:            6.613717
  MDC (pred):                    2.710344
  MDC (gt):                      0.068950
  MDC (pred-gt %):               10831.3132%
  MDCSS (pred):                  27.216797
  MDCSS (gt):                    0.400258
  MDCSS (pred-gt %):             25987.7317%

============================================================
  Case: with_root   Dataset: ALL   (n=2250)
============================================================
  L2P (mean joint pos error):    43.279786
  L2Q (mean joint quat error):   0.309654
  NPSS:                          0.023646
  Joint Rotation MAE (deg):      36.019232
  Joint Rotation RMSE (deg):     44.251820
  Joint Position MAE:            21.807000
  Joint Position RMSE:           29.179495
  Root Position MAE:             6.014843
  Root Position RMSE:            8.219581
  MDC (pred):                    2.953254
  MDC (gt):                      0.085351
  MDC (pred-gt %):               7044.9614%
  MDCSS (pred):                  30.898902
  MDCSS (gt):                    0.472382
  MDCSS (pred-gt %):             16347.3361%

============================================================
  Case: no_root   Dataset: ACAAD   (n=296)
============================================================
  L2P (mean joint pos error):    37.981743
  L2Q (mean joint quat error):   0.291412
  NPSS:                          0.021025
  Joint Rotation MAE (deg):      33.929272
  Joint Rotation RMSE (deg):     40.224610
  Joint Position MAE:            18.609804
  Joint Position RMSE:           25.931169
  Root Position MAE:             0.000000
  Root Position RMSE:            0.000000
  MDC (pred):                    3.787893
  MDC (gt):                      0.120698
  MDC (pred-gt %):               3352.5029%
  MDCSS (pred):                  37.186812
  MDCSS (gt):                    0.436027
  MDCSS (pred-gt %):             11305.9806%

============================================================
  Case: no_root   Dataset: lafan1_reduced   (n=228)
============================================================
  L2P (mean joint pos error):    9.309868
  L2Q (mean joint quat error):   0.344310
  NPSS:                          0.028263
  Joint Rotation MAE (deg):      40.524132
  Joint Rotation RMSE (deg):     56.916380
  Joint Position MAE:            4.586816
  Joint Position RMSE:           7.029952
  Root Position MAE:             0.000000
  Root Position RMSE:            0.000000
  MDC (pred):                    0.197774
  MDC (gt):                      0.091919
  MDC (pred-gt %):               253.1325%
  MDCSS (pred):                  1.076707
  MDCSS (gt):                    0.572555
  MDCSS (pred-gt %):             199.8911%

============================================================
  Case: no_root   Dataset: pfnn   (n=723)
============================================================
  L2P (mean joint pos error):    40.654634
  L2Q (mean joint quat error):   0.380067
  NPSS:                          0.018552
  Joint Rotation MAE (deg):      44.237511
  Joint Rotation RMSE (deg):     51.476987
  Joint Position MAE:            20.106169
  Joint Position RMSE:           28.183734
  Root Position MAE:             0.000000
  Root Position RMSE:            0.000000
  MDC (pred):                    3.805896
  MDC (gt):                      0.091641
  MDC (pred-gt %):               6586.1532%
  MDCSS (pred):                  41.633934
  MDCSS (gt):                    0.558422
  MDCSS (pred-gt %):             13153.8635%

============================================================
  Case: no_root   Dataset: SFU   (n=142)
============================================================
  L2P (mean joint pos error):    34.871276
  L2Q (mean joint quat error):   0.268186
  NPSS:                          0.027277
  Joint Rotation MAE (deg):      30.964449
  Joint Rotation RMSE (deg):     36.098657
  Joint Position MAE:            17.096331
  Joint Position RMSE:           23.830547
  Root Position MAE:             0.000000
  Root Position RMSE:            0.000000
  MDC (pred):                    2.769237
  MDC (gt):                      0.068449
  MDC (pred-gt %):               5026.0083%
  MDCSS (pred):                  33.343250
  MDCSS (gt):                    0.386481
  MDCSS (pred-gt %):             10583.3550%

============================================================
  Case: no_root   Dataset: TotalCapture   (n=861)
============================================================
  L2P (mean joint pos error):    56.316669
  L2Q (mean joint quat error):   0.254461
  NPSS:                          0.027003
  Joint Rotation MAE (deg):      29.477390
  Joint Rotation RMSE (deg):     37.560167
  Joint Position MAE:            29.001078
  Joint Position RMSE:           37.703329
  Root Position MAE:             0.000000
  Root Position RMSE:            0.000000
  MDC (pred):                    2.710331
  MDC (gt):                      0.068940
  MDC (pred-gt %):               10839.8349%
  MDCSS (pred):                  27.216785
  MDCSS (gt):                    0.400242
  MDCSS (pred-gt %):             26006.0591%

============================================================
  Case: no_root   Dataset: ALL   (n=2250)
============================================================
  L2P (mean joint pos error):    42.755076
  L2Q (mean joint quat error):   0.309654
  NPSS:                          0.023646
  Joint Rotation MAE (deg):      36.019232
  Joint Rotation RMSE (deg):     44.251820
  Joint Position MAE:            21.550517
  Joint Position RMSE:           29.111911
  Root Position MAE:             0.000000
  Root Position RMSE:            0.000000
  MDC (pred):                    2.953244
  MDC (gt):                      0.085341
  MDC (pred-gt %):               7048.2822%
  MDCSS (pred):                  30.898895
  MDCSS (gt):                    0.472371
  MDCSS (pred-gt %):             16353.9742%

