Loading dataset...
Female1_A01_Stand.bvh (1/21)
  loaded precomputed global rotation features
Female1_A03_SwingT2.bvh (2/21)
  loaded precomputed global rotation features
Female1_B04_StandToWalkBack.bvh (3/21)
  loaded precomputed global rotation features
Female1_B07_WalkBackwardsTurnForwards.bvh (4/21)
  loaded precomputed global rotation features
Female1_B22_SideStepLeft.bvh (5/21)
  loaded precomputed global rotation features
Female1_D2_Wait.bvh (6/21)
  loaded precomputed global rotation features
Male2_B13_WalkTurnRight135.bvh (7/21)
  loaded precomputed global rotation features
Male2_B14_WalkTurnRight45.bvh (8/21)
  loaded precomputed global rotation features
Male2_B3_Walk.bvh (9/21)
  loaded precomputed global rotation features
Male2_C10_RunBackwardsStopRunForward.bvh (10/21)
  loaded precomputed global rotation features
Male2_C14_RunTurnRight90.bvh (11/21)
  loaded precomputed global rotation features
Male2_C6_StandToRunBackwards.bvh (12/21)
  loaded precomputed global rotation features
Male2_D1_StandToReady.bvh (13/21)
  loaded precomputed global rotation features
Male2_D3_RunToReady.bvh (14/21)
  loaded precomputed global rotation features
Male2_D8_BowToReady.bvh (15/21)
  loaded precomputed global rotation features
Male2_E13_BlockRightHigh.bvh (16/21)
  loaded precomputed global rotation features
Male2_E13_BodyCrossLeft.bvh (17/21)
  loaded precomputed global rotation features
Male2_E1_TurnAroundRight.bvh (18/21)
  loaded precomputed global rotation features
Male2_E2_JabRight.bvh (19/21)
  loaded precomputed global rotation features
Male2_G20_ReverseSpinCrescentRight.bvh (20/21)
  loaded precomputed global rotation features
Male2_G6_AxeKick.bvh (21/21)
  loaded precomputed global rotation features
aiming2_subject5.bvh (1/12)
  loaded precomputed global rotation features
dance2_subject5.bvh (2/12)
  loaded precomputed global rotation features
fight1_subject3.bvh (3/12)
  loaded precomputed global rotation features
fightAndSports1_subject4.bvh (4/12)
  loaded precomputed global rotation features
ground1_subject5.bvh (5/12)
  loaded precomputed global rotation features
jumps1_subject2.bvh (6/12)
  loaded precomputed global rotation features
multipleActions1_subject3.bvh (7/12)
  loaded precomputed global rotation features
obstacles5_subject2.bvh (8/12)
  loaded precomputed global rotation features
pushAndStumble1_subject5.bvh (9/12)
  loaded precomputed global rotation features
run2_subject4.bvh (10/12)
  loaded precomputed global rotation features
walk1_subject2.bvh (11/12)
  loaded precomputed global rotation features
walk3_subject3.bvh (12/12)
  loaded precomputed global rotation features
LocomotionFlat07_000.bvh (1/2)
  loaded precomputed global rotation features
LocomotionFlat11_000.bvh (2/2)
  loaded precomputed global rotation features
  3 bad transition(s) detected, affected windows will be skipped
  Skipped 13 window(s) containing jumps
0005_Jogging001.bvh (1/4)
  loaded precomputed global rotation features
  2 bad transition(s) detected, affected windows will be skipped
  Skipped 9 window(s) containing jumps
0008_Walking002.bvh (2/4)
  loaded precomputed global rotation features
0015_HopOverObstacle001.bvh (3/4)
  loaded precomputed global rotation features
0018_XinJiang002.bvh (4/4)
  loaded precomputed global rotation features
S1_acting1_BlenderZXY_YmZ.bvh (1/5)
  loaded precomputed global rotation features
S2_walking2_BlenderZXY_YmZ.bvh (2/5)
  loaded precomputed global rotation features
S3_rom3_BlenderZXY_YmZ.bvh (3/5)
  loaded precomputed global rotation features
S3_walking3_BlenderZXY_YmZ.bvh (4/5)
  loaded precomputed global rotation features
S4_freestyle1_BlenderZXY_YmZ.bvh (5/5)
  loaded precomputed global rotation features
  1 bad transition(s) detected, affected windows will be skipped
  Skipped 7 window(s) containing jumps
Dataset ready: 2250 samples, 5 unique skeletons
Checkpoint: ./checkpoints/model_20260804-210415-best.pth
Test samples: 2250
Context: 50, Gen frames: 15
  Processed 500/2250 samples...
  Processed 1000/2250 samples...
  Processed 1500/2250 samples...
  Processed 2000/2250 samples...
  Processed 2250/2250 samples...

Skipped 0 samples (not enough frames).
Evaluated 2250 samples.
Facing normalization: True
Rotations: global   Skeleton geometry: True

============================================================
  Case: with_root   Dataset: ACAAD   (n=296)
============================================================
  L2P (mean joint pos error):    6.342093
  L2Q (mean joint quat error):   0.073244
  NPSS:                          0.013329
  Joint Rotation MAE (deg):      8.408920
  Joint Rotation RMSE (deg):     10.949248
  Joint Position MAE:            3.097832
  Joint Position RMSE:           4.642354
  Root Position MAE:             2.044079
  Root Position RMSE:            2.774686
  MDC (pred):                    0.301693
  MDC (gt):                      0.120711
  MDC (pred-gt %):               165.8019%
  MDCSS (pred):                  1.329165
  MDCSS (gt):                    0.435991
  MDCSS (pred-gt %):             252.8171%

============================================================
  Case: with_root   Dataset: lafan1_reduced   (n=228)
============================================================
  L2P (mean joint pos error):    14.682097
  L2Q (mean joint quat error):   0.142601
  NPSS:                          0.014827
  Joint Rotation MAE (deg):      16.404427
  Joint Rotation RMSE (deg):     20.399065
  Joint Position MAE:            7.183807
  Joint Position RMSE:           10.463469
  Root Position MAE:             4.921331
  Root Position RMSE:            6.901160
  MDC (pred):                    0.272869
  MDC (gt):                      0.091962
  MDC (pred-gt %):               379.5834%
  MDCSS (pred):                  2.134628
  MDCSS (gt):                    0.572651
  MDCSS (pred-gt %):             539.0576%

============================================================
  Case: with_root   Dataset: pfnn   (n=723)
============================================================
  L2P (mean joint pos error):    11.999227
  L2Q (mean joint quat error):   0.159075
  NPSS:                          0.010854
  Joint Rotation MAE (deg):      18.294771
  Joint Rotation RMSE (deg):     21.956343
  Joint Position MAE:            5.928896
  Joint Position RMSE:           8.398581
  Root Position MAE:             3.966139
  Root Position RMSE:            5.504944
  MDC (pred):                    0.387761
  MDC (gt):                      0.091641
  MDC (pred-gt %):               546.8393%
  MDCSS (pred):                  2.277153
  MDCSS (gt):                    0.558422
  MDCSS (pred-gt %):             565.4840%

============================================================
  Case: with_root   Dataset: SFU   (n=142)
============================================================
  L2P (mean joint pos error):    7.680014
  L2Q (mean joint quat error):   0.134001
  NPSS:                          0.023158
  Joint Rotation MAE (deg):      15.411029
  Joint Rotation RMSE (deg):     19.282143
  Joint Position MAE:            3.750946
  Joint Position RMSE:           5.485961
  Root Position MAE:             2.345758
  Root Position RMSE:            3.131987
  MDC (pred):                    0.269234
  MDC (gt):                      0.068449
  MDC (pred-gt %):               380.0008%
  MDCSS (pred):                  1.625756
  MDCSS (gt):                    0.386479
  MDCSS (pred-gt %):             408.3284%

============================================================
  Case: with_root   Dataset: TotalCapture   (n=861)
============================================================
  L2P (mean joint pos error):    6.004040
  L2Q (mean joint quat error):   0.084644
  NPSS:                          0.020272
  Joint Rotation MAE (deg):      9.721545
  Joint Rotation RMSE (deg):     13.148853
  Joint Position MAE:            2.890723
  Joint Position RMSE:           4.423289
  Root Position MAE:             1.973185
  Root Position RMSE:            2.755650
  MDC (pred):                    0.254159
  MDC (gt):                      0.068950
  MDC (pred-gt %):               711.1368%
  MDCSS (pred):                  1.165036
  MDCSS (gt):                    0.400258
  MDCSS (pred-gt %):             662.7307%

============================================================
  Case: with_root   Dataset: ALL   (n=2250)
============================================================
  L2P (mean joint pos error):    8.960115
  L2Q (mean joint quat error):   0.116049
  NPSS:                          0.015963
  Joint Rotation MAE (deg):      13.339994
  Joint Rotation RMSE (deg):     16.811390
  Joint Position MAE:            4.383558
  Joint Position RMSE:           6.408640
  Root Position MAE:             2.945173
  Root Position RMSE:            4.085424
  MDC (pred):                    0.306190
  MDC (gt):                      0.085351
  MDC (pred-gt %):               532.1049%
  MDCSS (pred):                  1.671317
  MDCSS (gt):                    0.472382
  MDCSS (pred-gt %):             548.9679%

============================================================
  Case: no_root   Dataset: ACAAD   (n=296)
============================================================
  L2P (mean joint pos error):    6.152397
  L2Q (mean joint quat error):   0.073244
  NPSS:                          0.013329
  Joint Rotation MAE (deg):      8.408920
  Joint Rotation RMSE (deg):     10.949248
  Joint Position MAE:            3.004920
  Joint Position RMSE:           4.598541
  Root Position MAE:             0.000000
  Root Position RMSE:            0.000000
  MDC (pred):                    0.301678
  MDC (gt):                      0.120698
  MDC (pred-gt %):               165.8146%
  MDCSS (pred):                  1.329194
  MDCSS (gt):                    0.436027
  MDCSS (pred-gt %):             252.7897%

============================================================
  Case: no_root   Dataset: lafan1_reduced   (n=228)
============================================================
  L2P (mean joint pos error):    14.217622
  L2Q (mean joint quat error):   0.142601
  NPSS:                          0.014827
  Joint Rotation MAE (deg):      16.404427
  Joint Rotation RMSE (deg):     20.399065
  Joint Position MAE:            6.960110
  Joint Position RMSE:           10.348138
  Root Position MAE:             0.000000
  Root Position RMSE:            0.000000
  MDC (pred):                    0.272833
  MDC (gt):                      0.091918
  MDC (pred-gt %):               379.6366%
  MDCSS (pred):                  2.134589
  MDCSS (gt):                    0.572553
  MDCSS (pred-gt %):             539.0899%

============================================================
  Case: no_root   Dataset: pfnn   (n=723)
============================================================
  L2P (mean joint pos error):    11.672525
  L2Q (mean joint quat error):   0.159075
  NPSS:                          0.010854
  Joint Rotation MAE (deg):      18.294771
  Joint Rotation RMSE (deg):     21.956343
  Joint Position MAE:            5.770250
  Joint Position RMSE:           8.319080
  Root Position MAE:             0.000000
  Root Position RMSE:            0.000000
  MDC (pred):                    0.387761
  MDC (gt):                      0.091641
  MDC (pred-gt %):               546.8393%
  MDCSS (pred):                  2.277153
  MDCSS (gt):                    0.558422
  MDCSS (pred-gt %):             565.4840%

============================================================
  Case: no_root   Dataset: SFU   (n=142)
============================================================
  L2P (mean joint pos error):    7.452900
  L2Q (mean joint quat error):   0.134001
  NPSS:                          0.023158
  Joint Rotation MAE (deg):      15.411029
  Joint Rotation RMSE (deg):     19.282143
  Joint Position MAE:            3.639243
  Joint Position RMSE:           5.439099
  Root Position MAE:             0.000000
  Root Position RMSE:            0.000000
  MDC (pred):                    0.269233
  MDC (gt):                      0.068449
  MDC (pred-gt %):               380.0029%
  MDCSS (pred):                  1.625757
  MDCSS (gt):                    0.386480
  MDCSS (pred-gt %):             408.3283%

============================================================
  Case: no_root   Dataset: TotalCapture   (n=861)
============================================================
  L2P (mean joint pos error):    5.824638
  L2Q (mean joint quat error):   0.084644
  NPSS:                          0.020272
  Joint Rotation MAE (deg):      9.721545
  Joint Rotation RMSE (deg):     13.148853
  Joint Position MAE:            2.804932
  Joint Position RMSE:           4.380258
  Root Position MAE:             0.000000
  Root Position RMSE:            0.000000
  MDC (pred):                    0.254146
  MDC (gt):                      0.068940
  MDC (pred-gt %):               711.6575%
  MDCSS (pred):                  1.165042
  MDCSS (gt):                    0.400242
  MDCSS (pred-gt %):             663.1718%

============================================================
  Case: no_root   Dataset: ALL   (n=2250)
============================================================
  L2P (mean joint pos error):    8.700128
  L2Q (mean joint quat error):   0.116049
  NPSS:                          0.015963
  Joint Rotation MAE (deg):      13.339994
  Joint Rotation RMSE (deg):     16.811390
  Joint Position MAE:            4.257809
  Joint Position RMSE:           6.346219
  Root Position MAE:             0.000000
  Root Position RMSE:            0.000000
  MDC (pred):                    0.306180
  MDC (gt):                      0.085341
  MDC (pred-gt %):               532.3114%
  MDCSS (pred):                  1.671319
  MDCSS (gt):                    0.472371
  MDCSS (pred-gt %):             549.1363%

