Loading dataset...
Female1_A01_Stand.bvh (1/21)
  loaded precomputed global rotation features
Female1_A03_SwingT2.bvh (2/21)
  loaded precomputed global rotation features
Female1_B04_StandToWalkBack.bvh (3/21)
  loaded precomputed global rotation features
Female1_B07_WalkBackwardsTurnForwards.bvh (4/21)
  loaded precomputed global rotation features
Female1_B22_SideStepLeft.bvh (5/21)
  loaded precomputed global rotation features
Female1_D2_Wait.bvh (6/21)
  loaded precomputed global rotation features
Male2_B13_WalkTurnRight135.bvh (7/21)
  loaded precomputed global rotation features
Male2_B14_WalkTurnRight45.bvh (8/21)
  loaded precomputed global rotation features
Male2_B3_Walk.bvh (9/21)
  loaded precomputed global rotation features
Male2_C10_RunBackwardsStopRunForward.bvh (10/21)
  loaded precomputed global rotation features
Male2_C14_RunTurnRight90.bvh (11/21)
  loaded precomputed global rotation features
Male2_C6_StandToRunBackwards.bvh (12/21)
  loaded precomputed global rotation features
Male2_D1_StandToReady.bvh (13/21)
  loaded precomputed global rotation features
Male2_D3_RunToReady.bvh (14/21)
  loaded precomputed global rotation features
Male2_D8_BowToReady.bvh (15/21)
  loaded precomputed global rotation features
Male2_E13_BlockRightHigh.bvh (16/21)
  loaded precomputed global rotation features
Male2_E13_BodyCrossLeft.bvh (17/21)
  loaded precomputed global rotation features
Male2_E1_TurnAroundRight.bvh (18/21)
  loaded precomputed global rotation features
Male2_E2_JabRight.bvh (19/21)
  loaded precomputed global rotation features
Male2_G20_ReverseSpinCrescentRight.bvh (20/21)
  loaded precomputed global rotation features
Male2_G6_AxeKick.bvh (21/21)
  loaded precomputed global rotation features
aiming2_subject5.bvh (1/12)
  loaded precomputed global rotation features
dance2_subject5.bvh (2/12)
  loaded precomputed global rotation features
fight1_subject3.bvh (3/12)
  loaded precomputed global rotation features
fightAndSports1_subject4.bvh (4/12)
  loaded precomputed global rotation features
ground1_subject5.bvh (5/12)
  loaded precomputed global rotation features
jumps1_subject2.bvh (6/12)
  loaded precomputed global rotation features
multipleActions1_subject3.bvh (7/12)
  loaded precomputed global rotation features
obstacles5_subject2.bvh (8/12)
  loaded precomputed global rotation features
pushAndStumble1_subject5.bvh (9/12)
  loaded precomputed global rotation features
run2_subject4.bvh (10/12)
  loaded precomputed global rotation features
walk1_subject2.bvh (11/12)
  loaded precomputed global rotation features
walk3_subject3.bvh (12/12)
  loaded precomputed global rotation features
LocomotionFlat07_000.bvh (1/2)
  loaded precomputed global rotation features
LocomotionFlat11_000.bvh (2/2)
  loaded precomputed global rotation features
  3 bad transition(s) detected, affected windows will be skipped
  Skipped 13 window(s) containing jumps
0005_Jogging001.bvh (1/4)
  loaded precomputed global rotation features
  2 bad transition(s) detected, affected windows will be skipped
  Skipped 9 window(s) containing jumps
0008_Walking002.bvh (2/4)
  loaded precomputed global rotation features
0015_HopOverObstacle001.bvh (3/4)
  loaded precomputed global rotation features
0018_XinJiang002.bvh (4/4)
  loaded precomputed global rotation features
S1_acting1_BlenderZXY_YmZ.bvh (1/5)
  loaded precomputed global rotation features
S2_walking2_BlenderZXY_YmZ.bvh (2/5)
  loaded precomputed global rotation features
S3_rom3_BlenderZXY_YmZ.bvh (3/5)
  loaded precomputed global rotation features
S3_walking3_BlenderZXY_YmZ.bvh (4/5)
  loaded precomputed global rotation features
S4_freestyle1_BlenderZXY_YmZ.bvh (5/5)
  loaded precomputed global rotation features
  1 bad transition(s) detected, affected windows will be skipped
  Skipped 7 window(s) containing jumps
Dataset ready: 2250 samples, 5 unique skeletons
Checkpoint: ./checkpoints/model_20260807-092616-best.pth
Test samples: 2250
Context: 50, Gen frames: 15
  Processed 500/2250 samples...
  Processed 1000/2250 samples...
  Processed 1500/2250 samples...
  Processed 2000/2250 samples...
  Processed 2250/2250 samples...

Skipped 0 samples (not enough frames).
Evaluated 2250 samples.
Facing normalization: True
Rotations: global   Skeleton geometry: True

============================================================
  Case: with_root   Dataset: ACAAD   (n=296)
============================================================
  L2P (mean joint pos error):    5.679786
  L2Q (mean joint quat error):   0.155049
  NPSS:                          0.014756
  Joint Rotation MAE (deg):      18.136487
  Joint Rotation RMSE (deg):     26.928665
  Joint Position MAE:            2.787140
  Joint Position RMSE:           4.189982
  Root Position MAE:             1.849406
  Root Position RMSE:            2.494645
  MDC (pred):                    0.175837
  MDC (gt):                      0.120711
  MDC (pred-gt %):               53.0935%
  MDCSS (pred):                  0.843352
  MDCSS (gt):                    0.435991
  MDCSS (pred-gt %):             128.5682%

============================================================
  Case: with_root   Dataset: lafan1_reduced   (n=228)
============================================================
  L2P (mean joint pos error):    12.079695
  L2Q (mean joint quat error):   0.154536
  NPSS:                          0.015322
  Joint Rotation MAE (deg):      17.771635
  Joint Rotation RMSE (deg):     21.545510
  Joint Position MAE:            5.924014
  Joint Position RMSE:           8.756895
  Root Position MAE:             4.217419
  Root Position RMSE:            5.830646
  MDC (pred):                    0.127205
  MDC (gt):                      0.091962
  MDC (pred-gt %):               80.7422%
  MDCSS (pred):                  0.956711
  MDCSS (gt):                    0.572651
  MDCSS (pred-gt %):             142.9208%

============================================================
  Case: with_root   Dataset: pfnn   (n=723)
============================================================
  L2P (mean joint pos error):    10.205984
  L2Q (mean joint quat error):   0.163317
  NPSS:                          0.013386
  Joint Rotation MAE (deg):      18.773926
  Joint Rotation RMSE (deg):     21.973553
  Joint Position MAE:            5.039114
  Joint Position RMSE:           7.192250
  Root Position MAE:             3.598127
  Root Position RMSE:            4.926480
  MDC (pred):                    0.178043
  MDC (gt):                      0.091641
  MDC (pred-gt %):               176.9690%
  MDCSS (pred):                  1.392846
  MDCSS (gt):                    0.558422
  MDCSS (pred-gt %):             293.4964%

============================================================
  Case: with_root   Dataset: SFU   (n=142)
============================================================
  L2P (mean joint pos error):    6.199512
  L2Q (mean joint quat error):   0.138509
  NPSS:                          0.023919
  Joint Rotation MAE (deg):      15.928363
  Joint Rotation RMSE (deg):     19.560188
  Joint Position MAE:            3.011891
  Joint Position RMSE:           4.595071
  Root Position MAE:             1.925926
  Root Position RMSE:            2.603835
  MDC (pred):                    0.114871
  MDC (gt):                      0.068449
  MDC (pred-gt %):               85.4323%
  MDCSS (pred):                  0.746780
  MDCSS (gt):                    0.386479
  MDCSS (pred-gt %):             125.1377%

============================================================
  Case: with_root   Dataset: TotalCapture   (n=861)
============================================================
  L2P (mean joint pos error):    5.347664
  L2Q (mean joint quat error):   0.093798
  NPSS:                          0.021399
  Joint Rotation MAE (deg):      10.775958
  Joint Rotation RMSE (deg):     14.370345
  Joint Position MAE:            2.598456
  Joint Position RMSE:           4.013409
  Root Position MAE:             1.817290
  Root Position RMSE:            2.525312
  MDC (pred):                    0.115665
  MDC (gt):                      0.068950
  MDC (pred-gt %):               224.4945%
  MDCSS (pred):                  0.701171
  MDCSS (gt):                    0.400258
  MDCSS (pred-gt %):             277.3552%

============================================================
  Case: with_root   Dataset: ALL   (n=2250)
============================================================
  L2P (mean joint pos error):    7.688437
  L2Q (mean joint quat error):   0.133171
  NPSS:                          0.017494
  Joint Rotation MAE (deg):      15.348360
  Joint Rotation RMSE (deg):     19.520246
  Joint Position MAE:            3.770625
  Joint Position RMSE:           5.575488
  Root Position MAE:             2.643827
  Root Position RMSE:            3.632749
  MDC (pred):                    0.144744
  MDC (gt):                      0.085351
  MDC (pred-gt %):               163.3310%
  MDCSS (pred):                  0.970907
  MDCSS (gt):                    0.472382
  MDCSS (pred-gt %):             239.7389%

============================================================
  Case: no_root   Dataset: ACAAD   (n=296)
============================================================
  L2P (mean joint pos error):    5.509454
  L2Q (mean joint quat error):   0.155049
  NPSS:                          0.014756
  Joint Rotation MAE (deg):      18.136487
  Joint Rotation RMSE (deg):     26.928665
  Joint Position MAE:            2.703077
  Joint Position RMSE:           4.151355
  Root Position MAE:             0.000000
  Root Position RMSE:            0.000000
  MDC (pred):                    0.175804
  MDC (gt):                      0.120698
  MDC (pred-gt %):               53.0752%
  MDCSS (pred):                  0.843481
  MDCSS (gt):                    0.436027
  MDCSS (pred-gt %):             128.5766%

============================================================
  Case: no_root   Dataset: lafan1_reduced   (n=228)
============================================================
  L2P (mean joint pos error):    11.684544
  L2Q (mean joint quat error):   0.154536
  NPSS:                          0.015322
  Joint Rotation MAE (deg):      17.771635
  Joint Rotation RMSE (deg):     21.545510
  Joint Position MAE:            5.732313
  Joint Position RMSE:           8.658072
  Root Position MAE:             0.000000
  Root Position RMSE:            0.000000
  MDC (pred):                    0.127169
  MDC (gt):                      0.091918
  MDC (pred-gt %):               80.7564%
  MDCSS (pred):                  0.956661
  MDCSS (gt):                    0.572553
  MDCSS (pred-gt %):             142.9306%

============================================================
  Case: no_root   Dataset: pfnn   (n=723)
============================================================
  L2P (mean joint pos error):    9.911554
  L2Q (mean joint quat error):   0.163317
  NPSS:                          0.013386
  Joint Rotation MAE (deg):      18.773926
  Joint Rotation RMSE (deg):     21.973553
  Joint Position MAE:            4.895188
  Joint Position RMSE:           7.119098
  Root Position MAE:             0.000000
  Root Position RMSE:            0.000000
  MDC (pred):                    0.178043
  MDC (gt):                      0.091641
  MDC (pred-gt %):               176.9690%
  MDCSS (pred):                  1.392846
  MDCSS (gt):                    0.558422
  MDCSS (pred-gt %):             293.4964%

============================================================
  Case: no_root   Dataset: SFU   (n=142)
============================================================
  L2P (mean joint pos error):    6.010866
  L2Q (mean joint quat error):   0.138509
  NPSS:                          0.023919
  Joint Rotation MAE (deg):      15.928363
  Joint Rotation RMSE (deg):     19.560188
  Joint Position MAE:            2.920180
  Joint Position RMSE:           4.555108
  Root Position MAE:             0.000000
  Root Position RMSE:            0.000000
  MDC (pred):                    0.114870
  MDC (gt):                      0.068449
  MDC (pred-gt %):               85.4333%
  MDCSS (pred):                  0.746781
  MDCSS (gt):                    0.386480
  MDCSS (pred-gt %):             125.1374%

============================================================
  Case: no_root   Dataset: TotalCapture   (n=861)
============================================================
  L2P (mean joint pos error):    5.184167
  L2Q (mean joint quat error):   0.093798
  NPSS:                          0.021399
  Joint Rotation MAE (deg):      10.775958
  Joint Rotation RMSE (deg):     14.370345
  Joint Position MAE:            2.519444
  Joint Position RMSE:           3.973635
  Root Position MAE:             0.000000
  Root Position RMSE:            0.000000
  MDC (pred):                    0.115652
  MDC (gt):                      0.068940
  MDC (pred-gt %):               224.6789%
  MDCSS (pred):                  0.701167
  MDCSS (gt):                    0.400242
  MDCSS (pred-gt %):             277.5464%

============================================================
  Case: no_root   Dataset: ALL   (n=2250)
============================================================
  L2P (mean joint pos error):    7.456906
  L2Q (mean joint quat error):   0.133171
  NPSS:                          0.017494
  Joint Rotation MAE (deg):      15.348360
  Joint Rotation RMSE (deg):     19.520246
  Joint Position MAE:            3.657869
  Joint Position RMSE:           5.519144
  Root Position MAE:             0.000000
  Root Position RMSE:            0.000000
  MDC (pred):                    0.144732
  MDC (gt):                      0.085341
  MDC (pred-gt %):               163.4006%
  MDCSS (pred):                  0.970917
  MDCSS (gt):                    0.472371
  MDCSS (pred-gt %):             239.8141%

