2026-06-03 07:37:44,556 - INFO - Using config: all_datasets.json
2026-06-03 07:37:44,556 - INFO - Resuming from checkpoint: ./checkpoints/model_20260407-203701-best.pth
2026-06-03 07:37:44,657 - INFO - Train size: 146621, Validation size: 36655, Unique skeletons: 5
2026-06-03 07:39:11,492 - INFO - Epoch 001 | Train Loss: 26.532338 (rot: 14.706156, pos: 0.000000, root: 11.826181) | Val Loss: 22.243814 (rot: 12.791155, pos: 0.000000, smooth: 0.000000, root: 9.452659) | LR: 1.00e-03
2026-06-03 07:39:11,502 - INFO - New best val loss 22.243814
2026-06-03 07:40:09,490 - INFO - Epoch 002 | Train Loss: 24.443684 (rot: 14.692019, pos: 0.000000, root: 9.751665) | Val Loss: 20.982069 (rot: 13.361987, pos: 0.000000, smooth: 0.000000, root: 7.620082) | LR: 1.00e-03
2026-06-03 07:40:09,511 - INFO - New best val loss 20.982069
2026-06-03 07:42:01,928 - INFO - Epoch 003 | Train Loss: 24.120926 (rot: 14.267441, pos: 0.000000, root: 9.853486) | Val Loss: 19.436166 (rot: 12.565562, pos: 0.000000, smooth: 0.000000, root: 6.870605) | LR: 1.00e-03
2026-06-03 07:42:01,948 - INFO - New best val loss 19.436166
2026-06-03 07:43:36,351 - INFO - Epoch 004 | Train Loss: 21.990087 (rot: 14.150714, pos: 0.000000, root: 7.839373) | Val Loss: 17.080185 (rot: 12.229007, pos: 0.000000, smooth: 0.000000, root: 4.851178) | LR: 1.00e-03
2026-06-03 07:43:36,395 - INFO - New best val loss 17.080185
2026-06-03 07:45:24,197 - INFO - Epoch 005 | Train Loss: 21.577223 (rot: 13.877870, pos: 0.000000, root: 7.699353) | Val Loss: 21.044185 (rot: 13.021173, pos: 0.000000, smooth: 0.000000, root: 8.023012) | LR: 1.00e-03
2026-06-03 07:46:34,701 - INFO - Epoch 006 | Train Loss: 20.976623 (rot: 13.920542, pos: 0.000000, root: 7.056082) | Val Loss: 19.846030 (rot: 12.257397, pos: 0.000000, smooth: 0.000000, root: 7.588633) | LR: 1.00e-03
2026-06-03 07:49:12,004 - INFO - Epoch 007 | Train Loss: 21.141361 (rot: 14.143647, pos: 0.000000, root: 6.997714) | Val Loss: 23.637295 (rot: 13.119729, pos: 0.000000, smooth: 0.000000, root: 10.517566) | LR: 1.00e-03
2026-06-03 07:50:47,572 - INFO - Epoch 008 | Train Loss: 21.193410 (rot: 13.802516, pos: 0.000000, root: 7.390895) | Val Loss: 16.067515 (rot: 11.954567, pos: 0.000000, smooth: 0.000000, root: 4.112948) | LR: 1.00e-03
2026-06-03 07:50:47,583 - INFO - New best val loss 16.067515
2026-06-03 07:53:23,704 - INFO - Epoch 009 | Train Loss: 20.300734 (rot: 13.780523, pos: 0.000000, root: 6.520211) | Val Loss: 16.168694 (rot: 11.952838, pos: 0.000000, smooth: 0.000000, root: 4.215856) | LR: 1.00e-03
2026-06-03 07:54:46,982 - INFO - Epoch 010 | Train Loss: 19.501388 (rot: 13.407665, pos: 0.000000, root: 6.093723) | Val Loss: 19.089341 (rot: 11.615987, pos: 0.000000, smooth: 0.000000, root: 7.473354) | LR: 1.00e-03
2026-06-03 07:54:47,804 - INFO - Saved checkpoint: model_20260603-073719-10.pth
2026-06-03 07:56:10,067 - INFO - Epoch 011 | Train Loss: 19.757799 (rot: 13.539728, pos: 0.000000, root: 6.218071) | Val Loss: 16.385532 (rot: 11.669110, pos: 0.000000, smooth: 0.000000, root: 4.716422) | LR: 1.00e-03
2026-06-03 07:57:20,204 - INFO - Epoch 012 | Train Loss: 19.754063 (rot: 13.461634, pos: 0.000000, root: 6.292429) | Val Loss: 18.035101 (rot: 11.745431, pos: 0.000000, smooth: 0.000000, root: 6.289671) | LR: 1.00e-03
2026-06-03 07:58:26,862 - INFO - Epoch 013 | Train Loss: 19.636999 (rot: 13.476264, pos: 0.000000, root: 6.160735) | Val Loss: 16.641212 (rot: 11.773349, pos: 0.000000, smooth: 0.000000, root: 4.867863) | LR: 1.00e-03
2026-06-03 07:59:34,555 - INFO - Epoch 014 | Train Loss: 18.915953 (rot: 13.494189, pos: 0.000000, root: 5.421764) | Val Loss: 19.335052 (rot: 11.642621, pos: 0.000000, smooth: 0.000000, root: 7.692430) | LR: 1.00e-03
2026-06-03 08:02:05,867 - INFO - Epoch 015 | Train Loss: 19.567433 (rot: 13.034375, pos: 0.000000, root: 6.533057) | Val Loss: 17.757106 (rot: 11.605943, pos: 0.000000, smooth: 0.000000, root: 6.151163) | LR: 1.00e-03
2026-06-03 08:05:15,904 - INFO - Epoch 016 | Train Loss: 19.088109 (rot: 13.144670, pos: 0.000000, root: 5.943440) | Val Loss: 16.704353 (rot: 11.481536, pos: 0.000000, smooth: 0.000000, root: 5.222816) | LR: 1.00e-03
2026-06-03 08:08:03,068 - INFO - Epoch 017 | Train Loss: 18.157336 (rot: 12.945026, pos: 0.000000, root: 5.212310) | Val Loss: 14.972500 (rot: 11.158178, pos: 0.000000, smooth: 0.000000, root: 3.814322) | LR: 1.00e-03
2026-06-03 08:08:08,584 - INFO - New best val loss 14.972500. Saved: model_20260603-073719-best.pth
2026-06-03 08:10:54,921 - INFO - Epoch 018 | Train Loss: 19.012427 (rot: 13.227613, pos: 0.000000, root: 5.784814) | Val Loss: 18.806859 (rot: 12.015516, pos: 0.000000, smooth: 0.000000, root: 6.791343) | LR: 1.00e-03
2026-06-03 08:12:41,104 - INFO - Epoch 019 | Train Loss: 18.391009 (rot: 13.086274, pos: 0.000000, root: 5.304735) | Val Loss: 18.661893 (rot: 11.014723, pos: 0.000000, smooth: 0.000000, root: 7.647169) | LR: 1.00e-03
2026-06-03 08:15:00,709 - INFO - Epoch 020 | Train Loss: 18.611809 (rot: 12.988779, pos: 0.000000, root: 5.623030) | Val Loss: 17.184472 (rot: 11.536986, pos: 0.000000, smooth: 0.000000, root: 5.647486) | LR: 1.00e-03
2026-06-03 08:15:01,477 - INFO - Saved checkpoint: model_20260603-073719-20.pth
2026-06-03 08:17:45,680 - INFO - Epoch 021 | Train Loss: 19.211116 (rot: 13.323456, pos: 0.000000, root: 5.887660) | Val Loss: 15.702455 (rot: 12.188057, pos: 0.000000, smooth: 0.000000, root: 3.514399) | LR: 1.00e-03
2026-06-03 08:20:26,151 - INFO - Epoch 022 | Train Loss: 17.595155 (rot: 12.968119, pos: 0.000000, root: 4.627036) | Val Loss: 15.725491 (rot: 11.080040, pos: 0.000000, smooth: 0.000000, root: 4.645451) | LR: 1.00e-03
2026-06-03 08:23:27,004 - INFO - Epoch 023 | Train Loss: 18.135985 (rot: 12.793435, pos: 0.000000, root: 5.342550) | Val Loss: 16.357275 (rot: 10.937769, pos: 0.000000, smooth: 0.000000, root: 5.419506) | LR: 1.00e-03
2026-06-03 08:26:50,010 - INFO - Epoch 024 | Train Loss: 18.092729 (rot: 12.891767, pos: 0.000000, root: 5.200962) | Val Loss: 14.583273 (rot: 10.808183, pos: 0.000000, smooth: 0.000000, root: 3.775090) | LR: 1.00e-03
2026-06-03 08:26:50,826 - INFO - New best val loss 14.583273. Saved: model_20260603-073719-best.pth
2026-06-03 08:30:03,567 - INFO - Epoch 025 | Train Loss: 17.051628 (rot: 12.420221, pos: 0.000000, root: 4.631406) | Val Loss: 15.787438 (rot: 11.044901, pos: 0.000000, smooth: 0.000000, root: 4.742536) | LR: 1.00e-03
2026-06-03 08:33:09,981 - INFO - Epoch 026 | Train Loss: 17.866530 (rot: 13.024170, pos: 0.000000, root: 4.842360) | Val Loss: 15.069125 (rot: 11.057573, pos: 0.000000, smooth: 0.000000, root: 4.011553) | LR: 1.00e-03
2026-06-03 08:35:39,801 - INFO - Epoch 027 | Train Loss: 17.962238 (rot: 12.670829, pos: 0.000000, root: 5.291409) | Val Loss: 13.915857 (rot: 10.716146, pos: 0.000000, smooth: 0.000000, root: 3.199712) | LR: 1.00e-03
2026-06-03 08:35:42,884 - INFO - New best val loss 13.915857. Saved: model_20260603-073719-best.pth
2026-06-03 08:37:06,948 - INFO - Epoch 028 | Train Loss: 16.857720 (rot: 12.589167, pos: 0.000000, root: 4.268553) | Val Loss: 14.947281 (rot: 11.122922, pos: 0.000000, smooth: 0.000000, root: 3.824359) | LR: 1.00e-03
2026-06-03 08:39:37,863 - INFO - Epoch 029 | Train Loss: 16.993471 (rot: 12.560212, pos: 0.000000, root: 4.433258) | Val Loss: 14.081485 (rot: 10.817765, pos: 0.000000, smooth: 0.000000, root: 3.263720) | LR: 1.00e-03
2026-06-03 08:40:59,778 - INFO - Epoch 030 | Train Loss: 16.280414 (rot: 12.249530, pos: 0.000000, root: 4.030884) | Val Loss: 15.668635 (rot: 10.747947, pos: 0.000000, smooth: 0.000000, root: 4.920688) | LR: 1.00e-03
2026-06-03 08:41:00,128 - INFO - Saved checkpoint: model_20260603-073719-30.pth
2026-06-03 08:43:04,103 - INFO - Epoch 031 | Train Loss: 16.869135 (rot: 12.503704, pos: 0.000000, root: 4.365431) | Val Loss: 15.118942 (rot: 10.909809, pos: 0.000000, smooth: 0.000000, root: 4.209134) | LR: 1.00e-03
2026-06-03 08:45:24,425 - INFO - Epoch 032 | Train Loss: 15.929894 (rot: 12.272890, pos: 0.000000, root: 3.657004) | Val Loss: 13.304489 (rot: 10.360655, pos: 0.000000, smooth: 0.000000, root: 2.943834) | LR: 1.00e-03
2026-06-03 08:45:24,856 - INFO - New best val loss 13.304489. Saved: model_20260603-073719-best.pth
2026-06-03 08:46:26,418 - INFO - Epoch 033 | Train Loss: 16.015706 (rot: 12.176761, pos: 0.000000, root: 3.838945) | Val Loss: 15.995760 (rot: 11.755638, pos: 0.000000, smooth: 0.000000, root: 4.240122) | LR: 1.00e-03
2026-06-03 08:48:55,342 - INFO - Epoch 034 | Train Loss: 16.404103 (rot: 12.224554, pos: 0.000000, root: 4.179549) | Val Loss: 19.333741 (rot: 10.360632, pos: 0.000000, smooth: 0.000000, root: 8.973109) | LR: 1.00e-03
2026-06-03 08:50:56,292 - INFO - Epoch 035 | Train Loss: 16.466770 (rot: 12.223296, pos: 0.000000, root: 4.243474) | Val Loss: 15.094621 (rot: 10.748943, pos: 0.000000, smooth: 0.000000, root: 4.345678) | LR: 1.00e-03
2026-06-03 08:51:55,520 - INFO - Epoch 036 | Train Loss: 16.495809 (rot: 12.215865, pos: 0.000000, root: 4.279943) | Val Loss: 14.194079 (rot: 10.088995, pos: 0.000000, smooth: 0.000000, root: 4.105084) | LR: 1.00e-03
2026-06-03 08:54:02,311 - INFO - Epoch 037 | Train Loss: 16.204698 (rot: 12.083612, pos: 0.000000, root: 4.121087) | Val Loss: 15.661674 (rot: 10.538544, pos: 0.000000, smooth: 0.000000, root: 5.123130) | LR: 1.00e-03
2026-06-03 08:56:33,579 - INFO - Epoch 038 | Train Loss: 16.496330 (rot: 12.023254, pos: 0.000000, root: 4.473076) | Val Loss: 13.010759 (rot: 10.515848, pos: 0.000000, smooth: 0.000000, root: 2.494910) | LR: 1.00e-03
2026-06-03 08:56:34,041 - INFO - New best val loss 13.010759. Saved: model_20260603-073719-best.pth
2026-06-03 08:57:32,336 - INFO - Epoch 039 | Train Loss: 16.220059 (rot: 12.098365, pos: 0.000000, root: 4.121694) | Val Loss: 16.429681 (rot: 10.342994, pos: 0.000000, smooth: 0.000000, root: 6.086688) | LR: 1.00e-03
2026-06-03 08:58:26,751 - INFO - Epoch 040 | Train Loss: 15.871403 (rot: 12.041894, pos: 0.000000, root: 3.829509) | Val Loss: 14.616425 (rot: 10.490023, pos: 0.000000, smooth: 0.000000, root: 4.126402) | LR: 1.00e-03
2026-06-03 08:58:27,089 - INFO - Saved checkpoint: model_20260603-073719-40.pth
2026-06-03 09:00:29,094 - INFO - Epoch 041 | Train Loss: 15.614486 (rot: 11.769131, pos: 0.000000, root: 3.845354) | Val Loss: 12.834898 (rot: 9.939330, pos: 0.000000, smooth: 0.000000, root: 2.895568) | LR: 1.00e-03
2026-06-03 09:00:30,359 - INFO - New best val loss 12.834898. Saved: model_20260603-073719-best.pth
2026-06-03 09:02:36,047 - INFO - Epoch 042 | Train Loss: 16.143920 (rot: 11.869264, pos: 0.000000, root: 4.274656) | Val Loss: 14.099645 (rot: 10.974957, pos: 0.000000, smooth: 0.000000, root: 3.124688) | LR: 1.00e-03
2026-06-03 09:03:33,473 - INFO - Epoch 043 | Train Loss: 15.996827 (rot: 12.269998, pos: 0.000000, root: 3.726830) | Val Loss: 13.215385 (rot: 9.910495, pos: 0.000000, smooth: 0.000000, root: 3.304890) | LR: 1.00e-03
2026-06-03 09:04:26,916 - INFO - Epoch 044 | Train Loss: 15.500187 (rot: 11.793187, pos: 0.000000, root: 3.707000) | Val Loss: 13.988329 (rot: 9.935671, pos: 0.000000, smooth: 0.000000, root: 4.052658) | LR: 1.00e-03
2026-06-03 09:05:21,110 - INFO - Epoch 045 | Train Loss: 15.583307 (rot: 11.573506, pos: 0.000000, root: 4.009801) | Val Loss: 13.799512 (rot: 10.150699, pos: 0.000000, smooth: 0.000000, root: 3.648814) | LR: 1.00e-03
2026-06-03 09:06:43,433 - INFO - Epoch 046 | Train Loss: 15.436615 (rot: 11.630030, pos: 0.000000, root: 3.806584) | Val Loss: 13.944813 (rot: 10.298762, pos: 0.000000, smooth: 0.000000, root: 3.646052) | LR: 1.00e-03
2026-06-03 09:09:03,980 - INFO - Epoch 047 | Train Loss: 15.137491 (rot: 11.835752, pos: 0.000000, root: 3.301739) | Val Loss: 11.777353 (rot: 9.576103, pos: 0.000000, smooth: 0.000000, root: 2.201250) | LR: 1.00e-03
2026-06-03 09:09:06,240 - INFO - New best val loss 11.777353. Saved: model_20260603-073719-best.pth
2026-06-03 09:10:03,635 - INFO - Epoch 048 | Train Loss: 15.009155 (rot: 11.805072, pos: 0.000000, root: 3.204083) | Val Loss: 12.410145 (rot: 9.742405, pos: 0.000000, smooth: 0.000000, root: 2.667739) | LR: 1.00e-03
2026-06-03 09:10:58,379 - INFO - Epoch 049 | Train Loss: 14.526081 (rot: 11.455051, pos: 0.000000, root: 3.071030) | Val Loss: 12.483449 (rot: 9.982951, pos: 0.000000, smooth: 0.000000, root: 2.500498) | LR: 1.00e-03
2026-06-03 09:11:49,726 - INFO - Epoch 050 | Train Loss: 14.759271 (rot: 11.564740, pos: 0.000000, root: 3.194530) | Val Loss: 14.085644 (rot: 9.765195, pos: 0.000000, smooth: 0.000000, root: 4.320450) | LR: 1.00e-03
2026-06-03 09:11:50,823 - INFO - Saved checkpoint: model_20260603-073719-50.pth
2026-06-03 09:12:44,349 - INFO - Epoch 051 | Train Loss: 14.753465 (rot: 11.493896, pos: 0.000000, root: 3.259569) | Val Loss: 14.412150 (rot: 10.806423, pos: 0.000000, smooth: 0.000000, root: 3.605727) | LR: 1.00e-03
2026-06-03 09:13:36,127 - INFO - Epoch 052 | Train Loss: 14.533559 (rot: 11.424949, pos: 0.000000, root: 3.108610) | Val Loss: 11.734717 (rot: 9.430356, pos: 0.000000, smooth: 0.000000, root: 2.304361) | LR: 1.00e-03
2026-06-03 09:14:29,090 - INFO - Epoch 053 | Train Loss: 14.535929 (rot: 11.208239, pos: 0.000000, root: 3.327690) | Val Loss: 15.965199 (rot: 9.497184, pos: 0.000000, smooth: 0.000000, root: 6.468015) | LR: 1.00e-03
2026-06-03 09:15:21,973 - INFO - Epoch 054 | Train Loss: 14.455904 (rot: 11.340886, pos: 0.000000, root: 3.115018) | Val Loss: 13.416945 (rot: 9.559329, pos: 0.000000, smooth: 0.000000, root: 3.857615) | LR: 1.00e-03
2026-06-03 09:16:56,392 - INFO - Epoch 055 | Train Loss: 14.892201 (rot: 11.204969, pos: 0.000000, root: 3.687232) | Val Loss: 13.023904 (rot: 9.504303, pos: 0.000000, smooth: 0.000000, root: 3.519600) | LR: 1.00e-03
2026-06-03 09:18:49,990 - INFO - Epoch 056 | Train Loss: 13.738031 (rot: 11.029221, pos: 0.000000, root: 2.708811) | Val Loss: 12.060862 (rot: 9.816571, pos: 0.000000, smooth: 0.000000, root: 2.244291) | LR: 1.00e-03
2026-06-03 09:20:31,037 - INFO - Epoch 057 | Train Loss: 14.672497 (rot: 11.284472, pos: 0.000000, root: 3.388025) | Val Loss: 21.306887 (rot: 9.945097, pos: 0.000000, smooth: 0.000000, root: 11.361791) | LR: 1.00e-03
2026-06-03 09:21:22,147 - INFO - Epoch 058 | Train Loss: 15.066021 (rot: 11.690361, pos: 0.000000, root: 3.375660) | Val Loss: 11.582362 (rot: 9.553301, pos: 0.000000, smooth: 0.000000, root: 2.029061) | LR: 1.00e-03
2026-06-03 09:21:23,569 - INFO - New best val loss 11.582362. Saved: model_20260603-073719-best.pth
2026-06-03 09:22:16,008 - INFO - Epoch 059 | Train Loss: 13.874106 (rot: 11.140943, pos: 0.000000, root: 2.733162) | Val Loss: 12.055723 (rot: 9.430004, pos: 0.000000, smooth: 0.000000, root: 2.625719) | LR: 1.00e-03
2026-06-03 09:23:12,418 - INFO - Epoch 060 | Train Loss: 14.176172 (rot: 11.092924, pos: 0.000000, root: 3.083248) | Val Loss: 15.770830 (rot: 9.812385, pos: 0.000000, smooth: 0.000000, root: 5.958445) | LR: 1.00e-03
2026-06-03 09:23:12,842 - INFO - Saved checkpoint: model_20260603-073719-60.pth
2026-06-03 09:24:14,170 - INFO - Epoch 061 | Train Loss: 14.338660 (rot: 11.172430, pos: 0.000000, root: 3.166231) | Val Loss: 13.991603 (rot: 9.955671, pos: 0.000000, smooth: 0.000000, root: 4.035931) | LR: 1.00e-03
2026-06-03 09:25:07,348 - INFO - Epoch 062 | Train Loss: 14.500952 (rot: 11.526594, pos: 0.000000, root: 2.974358) | Val Loss: 11.966695 (rot: 9.847897, pos: 0.000000, smooth: 0.000000, root: 2.118798) | LR: 1.00e-03
2026-06-03 09:25:59,885 - INFO - Epoch 063 | Train Loss: 13.833729 (rot: 11.078119, pos: 0.000000, root: 2.755610) | Val Loss: 12.266031 (rot: 9.899134, pos: 0.000000, smooth: 0.000000, root: 2.366898) | LR: 1.00e-03
2026-06-03 09:26:57,097 - INFO - Epoch 064 | Train Loss: 13.669716 (rot: 10.983922, pos: 0.000000, root: 2.685794) | Val Loss: 11.256774 (rot: 9.042721, pos: 0.000000, smooth: 0.000000, root: 2.214053) | LR: 1.00e-03
2026-06-03 09:26:57,534 - INFO - New best val loss 11.256774. Saved: model_20260603-073719-best.pth
2026-06-03 09:27:55,557 - INFO - Epoch 065 | Train Loss: 13.724199 (rot: 10.746755, pos: 0.000000, root: 2.977443) | Val Loss: 11.237962 (rot: 9.075023, pos: 0.000000, smooth: 0.000000, root: 2.162938) | LR: 1.00e-03
2026-06-03 09:28:53,646 - INFO - Epoch 066 | Train Loss: 13.351869 (rot: 10.944556, pos: 0.000000, root: 2.407314) | Val Loss: 10.974152 (rot: 9.224793, pos: 0.000000, smooth: 0.000000, root: 1.749359) | LR: 1.00e-03
2026-06-03 09:28:54,250 - INFO - New best val loss 10.974152. Saved: model_20260603-073719-best.pth
2026-06-03 09:29:51,940 - INFO - Epoch 067 | Train Loss: 14.222483 (rot: 11.210763, pos: 0.000000, root: 3.011719) | Val Loss: 12.758360 (rot: 9.734008, pos: 0.000000, smooth: 0.000000, root: 3.024352) | LR: 1.00e-03
2026-06-03 09:30:51,068 - INFO - Epoch 068 | Train Loss: 13.983628 (rot: 10.866189, pos: 0.000000, root: 3.117439) | Val Loss: 11.754178 (rot: 9.336034, pos: 0.000000, smooth: 0.000000, root: 2.418144) | LR: 1.00e-03
2026-06-03 09:31:47,264 - INFO - Epoch 069 | Train Loss: 13.450373 (rot: 11.017683, pos: 0.000000, root: 2.432690) | Val Loss: 11.518443 (rot: 9.204178, pos: 0.000000, smooth: 0.000000, root: 2.314264) | LR: 1.00e-03
2026-06-03 09:33:16,819 - INFO - Epoch 070 | Train Loss: 13.365751 (rot: 10.682933, pos: 0.000000, root: 2.682818) | Val Loss: 11.465755 (rot: 8.750189, pos: 0.000000, smooth: 0.000000, root: 2.715566) | LR: 1.00e-03
2026-06-03 09:33:18,669 - INFO - Saved checkpoint: model_20260603-073719-70.pth
2026-06-03 09:35:39,593 - INFO - Epoch 071 | Train Loss: 13.526048 (rot: 10.886213, pos: 0.000000, root: 2.639835) | Val Loss: 10.711702 (rot: 9.019393, pos: 0.000000, smooth: 0.000000, root: 1.692308) | LR: 1.00e-03
2026-06-03 09:35:40,214 - INFO - New best val loss 10.711702. Saved: model_20260603-073719-best.pth
2026-06-03 09:36:38,389 - INFO - Epoch 072 | Train Loss: 12.971181 (rot: 10.495664, pos: 0.000000, root: 2.475516) | Val Loss: 11.324085 (rot: 9.269103, pos: 0.000000, smooth: 0.000000, root: 2.054982) | LR: 1.00e-03
2026-06-03 09:37:37,130 - INFO - Epoch 073 | Train Loss: 13.243908 (rot: 10.652501, pos: 0.000000, root: 2.591407) | Val Loss: 11.478123 (rot: 8.975587, pos: 0.000000, smooth: 0.000000, root: 2.502536) | LR: 1.00e-03
2026-06-03 09:38:35,047 - INFO - Epoch 074 | Train Loss: 13.297997 (rot: 10.839082, pos: 0.000000, root: 2.458915) | Val Loss: 10.954907 (rot: 8.944866, pos: 0.000000, smooth: 0.000000, root: 2.010041) | LR: 1.00e-03
2026-06-03 09:39:32,999 - INFO - Epoch 075 | Train Loss: 13.358871 (rot: 10.605005, pos: 0.000000, root: 2.753866) | Val Loss: 11.009599 (rot: 8.881185, pos: 0.000000, smooth: 0.000000, root: 2.128414) | LR: 1.00e-03
2026-06-03 09:40:32,448 - INFO - Epoch 076 | Train Loss: 13.311885 (rot: 10.587548, pos: 0.000000, root: 2.724337) | Val Loss: 11.734063 (rot: 9.056837, pos: 0.000000, smooth: 0.000000, root: 2.677227) | LR: 1.00e-03
2026-06-03 09:41:28,545 - INFO - Epoch 077 | Train Loss: 13.185603 (rot: 10.523541, pos: 0.000000, root: 2.662062) | Val Loss: 11.000702 (rot: 9.038313, pos: 0.000000, smooth: 0.000000, root: 1.962390) | LR: 1.00e-03
2026-06-03 09:42:30,912 - INFO - Epoch 078 | Train Loss: 13.017987 (rot: 10.605353, pos: 0.000000, root: 2.412633) | Val Loss: 10.451721 (rot: 8.509438, pos: 0.000000, smooth: 0.000000, root: 1.942284) | LR: 1.00e-03
2026-06-03 09:42:31,122 - INFO - New best val loss 10.451721. Saved: model_20260603-073719-best.pth
2026-06-03 09:43:31,580 - INFO - Epoch 079 | Train Loss: 12.962794 (rot: 10.665287, pos: 0.000000, root: 2.297508) | Val Loss: 11.539227 (rot: 9.228474, pos: 0.000000, smooth: 0.000000, root: 2.310753) | LR: 1.00e-03
2026-06-03 09:44:33,403 - INFO - Epoch 080 | Train Loss: 13.124747 (rot: 10.519243, pos: 0.000000, root: 2.605504) | Val Loss: 12.261674 (rot: 9.906428, pos: 0.000000, smooth: 0.000000, root: 2.355245) | LR: 1.00e-03
2026-06-03 09:44:33,465 - INFO - Saved checkpoint: model_20260603-073719-80.pth
2026-06-03 09:45:33,924 - INFO - Epoch 081 | Train Loss: 12.928323 (rot: 10.351169, pos: 0.000000, root: 2.577154) | Val Loss: 10.949144 (rot: 8.977206, pos: 0.000000, smooth: 0.000000, root: 1.971938) | LR: 1.00e-03
2026-06-03 09:46:38,209 - INFO - Epoch 082 | Train Loss: 13.030515 (rot: 10.753080, pos: 0.000000, root: 2.277436) | Val Loss: 11.012290 (rot: 8.660705, pos: 0.000000, smooth: 0.000000, root: 2.351585) | LR: 1.00e-03
2026-06-03 09:47:49,004 - INFO - Epoch 083 | Train Loss: 12.945923 (rot: 10.418353, pos: 0.000000, root: 2.527570) | Val Loss: 10.565291 (rot: 8.526167, pos: 0.000000, smooth: 0.000000, root: 2.039124) | LR: 1.00e-03
2026-06-03 09:48:50,104 - INFO - Epoch 084 | Train Loss: 12.557278 (rot: 10.368367, pos: 0.000000, root: 2.188911) | Val Loss: 11.623363 (rot: 8.821529, pos: 0.000000, smooth: 0.000000, root: 2.801834) | LR: 1.00e-03
2026-06-03 09:49:53,090 - INFO - Epoch 085 | Train Loss: 12.700152 (rot: 10.316487, pos: 0.000000, root: 2.383665) | Val Loss: 11.744434 (rot: 9.027325, pos: 0.000000, smooth: 0.000000, root: 2.717109) | LR: 1.00e-03
2026-06-03 09:50:59,674 - INFO - Epoch 086 | Train Loss: 12.528248 (rot: 10.220699, pos: 0.000000, root: 2.307549) | Val Loss: 11.203493 (rot: 8.631797, pos: 0.000000, smooth: 0.000000, root: 2.571695) | LR: 1.00e-03
2026-06-03 09:52:00,667 - INFO - Epoch 087 | Train Loss: 13.187033 (rot: 10.387666, pos: 0.000000, root: 2.799367) | Val Loss: 10.710962 (rot: 8.431780, pos: 0.000000, smooth: 0.000000, root: 2.279183) | LR: 1.00e-03
2026-06-03 09:53:03,036 - INFO - Epoch 088 | Train Loss: 12.563373 (rot: 10.335168, pos: 0.000000, root: 2.228206) | Val Loss: 10.028947 (rot: 8.364643, pos: 0.000000, smooth: 0.000000, root: 1.664304) | LR: 1.00e-03
2026-06-03 09:53:03,249 - INFO - New best val loss 10.028947. Saved: model_20260603-073719-best.pth
2026-06-03 09:54:03,979 - INFO - Epoch 089 | Train Loss: 13.064906 (rot: 10.475884, pos: 0.000000, root: 2.589021) | Val Loss: 10.572370 (rot: 8.485694, pos: 0.000000, smooth: 0.000000, root: 2.086677) | LR: 1.00e-03
2026-06-03 09:55:07,638 - INFO - Epoch 090 | Train Loss: 12.442464 (rot: 10.268566, pos: 0.000000, root: 2.173898) | Val Loss: 10.469161 (rot: 8.557691, pos: 0.000000, smooth: 0.000000, root: 1.911470) | LR: 1.00e-03
2026-06-03 09:55:07,824 - INFO - Saved checkpoint: model_20260603-073719-90.pth
2026-06-03 09:56:32,948 - INFO - Epoch 091 | Train Loss: 12.586599 (rot: 10.049653, pos: 0.000000, root: 2.536946) | Val Loss: 10.188749 (rot: 8.628713, pos: 0.000000, smooth: 0.000000, root: 1.560036) | LR: 1.00e-03
2026-06-03 09:57:32,411 - INFO - Epoch 092 | Train Loss: 12.817454 (rot: 10.604421, pos: 0.000000, root: 2.213033) | Val Loss: 10.801796 (rot: 8.321684, pos: 0.000000, smooth: 0.000000, root: 2.480112) | LR: 1.00e-03
2026-06-03 09:58:40,079 - INFO - Epoch 093 | Train Loss: 13.366628 (rot: 10.826290, pos: 0.000000, root: 2.540338) | Val Loss: 10.697154 (rot: 8.726668, pos: 0.000000, smooth: 0.000000, root: 1.970486) | LR: 1.00e-03
2026-06-03 09:59:46,945 - INFO - Epoch 094 | Train Loss: 12.492369 (rot: 10.259841, pos: 0.000000, root: 2.232528) | Val Loss: 11.802373 (rot: 8.519098, pos: 0.000000, smooth: 0.000000, root: 3.283275) | LR: 1.00e-03
2026-06-03 10:00:50,262 - INFO - Epoch 095 | Train Loss: 12.498496 (rot: 10.175375, pos: 0.000000, root: 2.323121) | Val Loss: 10.025799 (rot: 8.065942, pos: 0.000000, smooth: 0.000000, root: 1.959857) | LR: 1.00e-03
2026-06-03 10:01:53,834 - INFO - Epoch 096 | Train Loss: 11.986290 (rot: 9.869993, pos: 0.000000, root: 2.116297) | Val Loss: 10.524646 (rot: 8.643913, pos: 0.000000, smooth: 0.000000, root: 1.880732) | LR: 1.00e-03
2026-06-03 10:02:57,352 - INFO - Epoch 097 | Train Loss: 12.229512 (rot: 9.937277, pos: 0.000000, root: 2.292235) | Val Loss: 11.286695 (rot: 8.614664, pos: 0.000000, smooth: 0.000000, root: 2.672031) | LR: 1.00e-03
2026-06-03 10:03:58,541 - INFO - Epoch 098 | Train Loss: 12.327135 (rot: 10.184448, pos: 0.000000, root: 2.142687) | Val Loss: 11.279303 (rot: 8.318579, pos: 0.000000, smooth: 0.000000, root: 2.960724) | LR: 1.00e-03
2026-06-03 10:05:00,472 - INFO - Epoch 099 | Train Loss: 11.938156 (rot: 9.841335, pos: 0.000000, root: 2.096820) | Val Loss: 9.798416 (rot: 8.046175, pos: 0.000000, smooth: 0.000000, root: 1.752241) | LR: 1.00e-03
2026-06-03 10:05:01,293 - INFO - New best val loss 9.798416. Saved: model_20260603-073719-best.pth
2026-06-03 10:06:02,808 - INFO - Epoch 100 | Train Loss: 12.355578 (rot: 10.045204, pos: 0.000000, root: 2.310374) | Val Loss: 11.853296 (rot: 9.215978, pos: 0.000000, smooth: 0.000000, root: 2.637318) | LR: 1.00e-03
2026-06-03 10:06:03,121 - INFO - Saved checkpoint: model_20260603-073719-100.pth
2026-06-03 10:07:05,708 - INFO - Epoch 101 | Train Loss: 12.213476 (rot: 10.048287, pos: 0.000000, root: 2.165189) | Val Loss: 10.553905 (rot: 8.313786, pos: 0.000000, smooth: 0.000000, root: 2.240118) | LR: 1.00e-03
2026-06-03 10:08:11,385 - INFO - Epoch 102 | Train Loss: 12.268881 (rot: 10.193498, pos: 0.000000, root: 2.075383) | Val Loss: 9.587727 (rot: 8.301751, pos: 0.000000, smooth: 0.000000, root: 1.285976) | LR: 1.00e-03
2026-06-03 10:08:11,635 - INFO - New best val loss 9.587727. Saved: model_20260603-073719-best.pth
2026-06-03 10:09:18,893 - INFO - Epoch 103 | Train Loss: 11.740380 (rot: 9.784493, pos: 0.000000, root: 1.955886) | Val Loss: 9.950906 (rot: 7.980604, pos: 0.000000, smooth: 0.000000, root: 1.970302) | LR: 1.00e-03
2026-06-03 10:11:42,152 - INFO - Epoch 104 | Train Loss: 11.738529 (rot: 9.550416, pos: 0.000000, root: 2.188113) | Val Loss: 10.250281 (rot: 8.371214, pos: 0.000000, smooth: 0.000000, root: 1.879068) | LR: 1.00e-03
2026-06-03 10:13:34,205 - INFO - Epoch 105 | Train Loss: 11.562990 (rot: 9.661186, pos: 0.000000, root: 1.901804) | Val Loss: 9.978727 (rot: 7.828794, pos: 0.000000, smooth: 0.000000, root: 2.149933) | LR: 1.00e-03
2026-06-03 10:14:46,326 - INFO - Epoch 106 | Train Loss: 12.523030 (rot: 9.937798, pos: 0.000000, root: 2.585232) | Val Loss: 12.268490 (rot: 8.997689, pos: 0.000000, smooth: 0.000000, root: 3.270802) | LR: 1.00e-03
2026-06-03 10:15:52,971 - INFO - Epoch 107 | Train Loss: 12.261950 (rot: 10.031089, pos: 0.000000, root: 2.230860) | Val Loss: 10.741213 (rot: 8.104287, pos: 0.000000, smooth: 0.000000, root: 2.636926) | LR: 1.00e-03
2026-06-03 10:16:55,856 - INFO - Epoch 108 | Train Loss: 11.931592 (rot: 9.901756, pos: 0.000000, root: 2.029835) | Val Loss: 10.470419 (rot: 8.212185, pos: 0.000000, smooth: 0.000000, root: 2.258234) | LR: 1.00e-03
2026-06-03 10:18:03,611 - INFO - Epoch 109 | Train Loss: 11.704685 (rot: 9.655153, pos: 0.000000, root: 2.049532) | Val Loss: 10.571727 (rot: 8.163843, pos: 0.000000, smooth: 0.000000, root: 2.407884) | LR: 1.00e-03
2026-06-03 10:19:10,756 - INFO - Epoch 110 | Train Loss: 11.771532 (rot: 9.826844, pos: 0.000000, root: 1.944688) | Val Loss: 11.072529 (rot: 9.271689, pos: 0.000000, smooth: 0.000000, root: 1.800840) | LR: 1.00e-03
2026-06-03 10:19:10,979 - INFO - Saved checkpoint: model_20260603-073719-110.pth
2026-06-03 10:20:18,642 - INFO - Epoch 111 | Train Loss: 12.111894 (rot: 10.065947, pos: 0.000000, root: 2.045947) | Val Loss: 10.830257 (rot: 8.454476, pos: 0.000000, smooth: 0.000000, root: 2.375781) | LR: 1.00e-03
2026-06-03 10:21:24,761 - INFO - Epoch 112 | Train Loss: 11.736510 (rot: 9.730385, pos: 0.000000, root: 2.006125) | Val Loss: 9.103314 (rot: 7.664501, pos: 0.000000, smooth: 0.000000, root: 1.438813) | LR: 1.00e-03
2026-06-03 10:21:24,892 - INFO - New best val loss 9.103314. Saved: model_20260603-073719-best.pth
2026-06-03 10:22:30,066 - INFO - Epoch 113 | Train Loss: 11.331150 (rot: 9.517118, pos: 0.000000, root: 1.814032) | Val Loss: 9.578629 (rot: 7.822939, pos: 0.000000, smooth: 0.000000, root: 1.755690) | LR: 1.00e-03
2026-06-03 10:23:33,035 - INFO - Epoch 114 | Train Loss: 11.640056 (rot: 9.534142, pos: 0.000000, root: 2.105915) | Val Loss: 8.807214 (rot: 7.585304, pos: 0.000000, smooth: 0.000000, root: 1.221910) | LR: 1.00e-03
2026-06-03 10:23:33,078 - INFO - New best val loss 8.807214. Saved: model_20260603-073719-best.pth
2026-06-03 10:24:37,691 - INFO - Epoch 115 | Train Loss: 11.211701 (rot: 9.378094, pos: 0.000000, root: 1.833606) | Val Loss: 8.903530 (rot: 7.688725, pos: 0.000000, smooth: 0.000000, root: 1.214805) | LR: 1.00e-03
2026-06-03 10:25:45,110 - INFO - Epoch 116 | Train Loss: 11.569869 (rot: 9.737128, pos: 0.000000, root: 1.832740) | Val Loss: 9.638531 (rot: 8.229335, pos: 0.000000, smooth: 0.000000, root: 1.409197) | LR: 1.00e-03
2026-06-03 10:26:54,635 - INFO - Epoch 117 | Train Loss: 11.442408 (rot: 9.554287, pos: 0.000000, root: 1.888121) | Val Loss: 9.796709 (rot: 8.108703, pos: 0.000000, smooth: 0.000000, root: 1.688006) | LR: 1.00e-03
2026-06-03 10:28:04,583 - INFO - Epoch 118 | Train Loss: 11.315899 (rot: 9.418340, pos: 0.000000, root: 1.897558) | Val Loss: 9.275426 (rot: 7.483843, pos: 0.000000, smooth: 0.000000, root: 1.791583) | LR: 1.00e-03
2026-06-03 10:29:11,496 - INFO - Epoch 119 | Train Loss: 11.362290 (rot: 9.568187, pos: 0.000000, root: 1.794102) | Val Loss: 10.095242 (rot: 7.732035, pos: 0.000000, smooth: 0.000000, root: 2.363207) | LR: 1.00e-03
2026-06-03 10:30:19,148 - INFO - Epoch 120 | Train Loss: 11.318868 (rot: 9.486559, pos: 0.000000, root: 1.832309) | Val Loss: 9.804772 (rot: 8.076765, pos: 0.000000, smooth: 0.000000, root: 1.728007) | LR: 1.00e-03
2026-06-03 10:30:19,326 - INFO - Saved checkpoint: model_20260603-073719-120.pth
2026-06-03 10:31:31,253 - INFO - Epoch 121 | Train Loss: 11.708523 (rot: 9.742685, pos: 0.000000, root: 1.965839) | Val Loss: 10.069290 (rot: 8.106704, pos: 0.000000, smooth: 0.000000, root: 1.962586) | LR: 1.00e-03
2026-06-03 10:32:42,017 - INFO - Epoch 122 | Train Loss: 11.195733 (rot: 9.332680, pos: 0.000000, root: 1.863053) | Val Loss: 9.605101 (rot: 7.499504, pos: 0.000000, smooth: 0.000000, root: 2.105597) | LR: 1.00e-03
2026-06-03 10:33:54,973 - INFO - Epoch 123 | Train Loss: 11.450566 (rot: 9.496794, pos: 0.000000, root: 1.953771) | Val Loss: 9.926150 (rot: 8.321675, pos: 0.000000, smooth: 0.000000, root: 1.604475) | LR: 1.00e-03
2026-06-03 10:35:02,452 - INFO - Epoch 124 | Train Loss: 11.435134 (rot: 9.392672, pos: 0.000000, root: 2.042462) | Val Loss: 10.375757 (rot: 8.113306, pos: 0.000000, smooth: 0.000000, root: 2.262451) | LR: 1.00e-03
2026-06-03 10:36:11,648 - INFO - Epoch 125 | Train Loss: 11.654563 (rot: 9.667780, pos: 0.000000, root: 1.986783) | Val Loss: 10.554389 (rot: 8.457402, pos: 0.000000, smooth: 0.000000, root: 2.096987) | LR: 5.00e-04
2026-06-03 10:37:24,542 - INFO - Epoch 126 | Train Loss: 10.179293 (rot: 9.046104, pos: 0.000000, root: 1.133189) | Val Loss: 8.127016 (rot: 7.275990, pos: 0.000000, smooth: 0.000000, root: 0.851027) | LR: 5.00e-04
2026-06-03 10:37:24,758 - INFO - New best val loss 8.127016. Saved: model_20260603-073719-best.pth
2026-06-03 10:38:41,614 - INFO - Epoch 127 | Train Loss: 9.887024 (rot: 8.901006, pos: 0.000000, root: 0.986019) | Val Loss: 8.079321 (rot: 7.214455, pos: 0.000000, smooth: 0.000000, root: 0.864867) | LR: 5.00e-04
2026-06-03 10:39:52,140 - INFO - Epoch 128 | Train Loss: 9.798343 (rot: 8.835282, pos: 0.000000, root: 0.963061) | Val Loss: 8.106765 (rot: 7.128366, pos: 0.000000, smooth: 0.000000, root: 0.978398) | LR: 5.00e-04
2026-06-03 10:41:04,746 - INFO - Epoch 129 | Train Loss: 9.848943 (rot: 8.874919, pos: 0.000000, root: 0.974023) | Val Loss: 8.026343 (rot: 7.211543, pos: 0.000000, smooth: 0.000000, root: 0.814801) | LR: 5.00e-04
2026-06-03 10:41:04,973 - INFO - New best val loss 8.026343. Saved: model_20260603-073719-best.pth
2026-06-03 10:42:12,771 - INFO - Epoch 130 | Train Loss: 9.949080 (rot: 8.905281, pos: 0.000000, root: 1.043799) | Val Loss: 8.181590 (rot: 7.127668, pos: 0.000000, smooth: 0.000000, root: 1.053922) | LR: 5.00e-04
2026-06-03 10:42:12,837 - INFO - Saved checkpoint: model_20260603-073719-130.pth
2026-06-03 10:43:21,563 - INFO - Epoch 131 | Train Loss: 9.740098 (rot: 8.813583, pos: 0.000000, root: 0.926515) | Val Loss: 7.861054 (rot: 7.029664, pos: 0.000000, smooth: 0.000000, root: 0.831390) | LR: 5.00e-04
2026-06-03 10:43:21,627 - INFO - New best val loss 7.861054. Saved: model_20260603-073719-best.pth
2026-06-03 10:44:30,591 - INFO - Epoch 132 | Train Loss: 9.594090 (rot: 8.699051, pos: 0.000000, root: 0.895039) | Val Loss: 7.791879 (rot: 6.983916, pos: 0.000000, smooth: 0.000000, root: 0.807963) | LR: 5.00e-04
2026-06-03 10:45:40,116 - INFO - Epoch 133 | Train Loss: 9.729439 (rot: 8.714795, pos: 0.000000, root: 1.014645) | Val Loss: 8.072603 (rot: 6.937824, pos: 0.000000, smooth: 0.000000, root: 1.134780) | LR: 5.00e-04
2026-06-03 10:46:49,009 - INFO - Epoch 134 | Train Loss: 9.702248 (rot: 8.726610, pos: 0.000000, root: 0.975639) | Val Loss: 7.677196 (rot: 6.883206, pos: 0.000000, smooth: 0.000000, root: 0.793990) | LR: 5.00e-04
2026-06-03 10:46:49,066 - INFO - New best val loss 7.677196. Saved: model_20260603-073719-best.pth
2026-06-03 10:47:57,682 - INFO - Epoch 135 | Train Loss: 9.575690 (rot: 8.659059, pos: 0.000000, root: 0.916631) | Val Loss: 7.934949 (rot: 6.998431, pos: 0.000000, smooth: 0.000000, root: 0.936519) | LR: 5.00e-04
2026-06-03 10:49:09,823 - INFO - Epoch 136 | Train Loss: 9.653953 (rot: 8.680592, pos: 0.000000, root: 0.973361) | Val Loss: 7.848953 (rot: 6.998317, pos: 0.000000, smooth: 0.000000, root: 0.850636) | LR: 5.00e-04
2026-06-03 10:50:19,795 - INFO - Epoch 137 | Train Loss: 9.589404 (rot: 8.670575, pos: 0.000000, root: 0.918829) | Val Loss: 8.266397 (rot: 7.272654, pos: 0.000000, smooth: 0.000000, root: 0.993743) | LR: 5.00e-04
2026-06-03 10:51:33,458 - INFO - Epoch 138 | Train Loss: 9.687694 (rot: 8.720732, pos: 0.000000, root: 0.966962) | Val Loss: 7.780655 (rot: 6.897334, pos: 0.000000, smooth: 0.000000, root: 0.883321) | LR: 5.00e-04
2026-06-03 10:52:45,858 - INFO - Epoch 139 | Train Loss: 9.587422 (rot: 8.646525, pos: 0.000000, root: 0.940897) | Val Loss: 7.993566 (rot: 6.991312, pos: 0.000000, smooth: 0.000000, root: 1.002254) | LR: 5.00e-04
2026-06-03 10:53:56,255 - INFO - Epoch 140 | Train Loss: 9.734100 (rot: 8.798585, pos: 0.000000, root: 0.935515) | Val Loss: 9.783839 (rot: 8.657206, pos: 0.000000, smooth: 0.000000, root: 1.126633) | LR: 5.00e-04
2026-06-03 10:53:56,364 - INFO - Saved checkpoint: model_20260603-073719-140.pth
2026-06-03 10:55:07,734 - INFO - Epoch 141 | Train Loss: 9.607603 (rot: 8.702605, pos: 0.000000, root: 0.904999) | Val Loss: 7.865234 (rot: 6.927588, pos: 0.000000, smooth: 0.000000, root: 0.937646) | LR: 5.00e-04
2026-06-03 10:56:18,320 - INFO - Epoch 142 | Train Loss: 9.498056 (rot: 8.601291, pos: 0.000000, root: 0.896765) | Val Loss: 7.918986 (rot: 6.961473, pos: 0.000000, smooth: 0.000000, root: 0.957513) | LR: 5.00e-04
2026-06-03 10:57:28,874 - INFO - Epoch 143 | Train Loss: 9.598409 (rot: 8.696703, pos: 0.000000, root: 0.901706) | Val Loss: 7.663555 (rot: 6.808593, pos: 0.000000, smooth: 0.000000, root: 0.854962) | LR: 5.00e-04
2026-06-03 10:58:32,851 - INFO - Epoch 144 | Train Loss: 9.384703 (rot: 8.503831, pos: 0.000000, root: 0.880871) | Val Loss: 7.580109 (rot: 6.800740, pos: 0.000000, smooth: 0.000000, root: 0.779369) | LR: 5.00e-04
2026-06-03 10:59:42,497 - INFO - Epoch 145 | Train Loss: 9.499521 (rot: 8.645061, pos: 0.000000, root: 0.854460) | Val Loss: 7.541809 (rot: 6.792087, pos: 0.000000, smooth: 0.000000, root: 0.749723) | LR: 5.00e-04
2026-06-03 10:59:42,718 - INFO - New best val loss 7.541809. Saved: model_20260603-073719-best.pth
2026-06-03 11:01:12,045 - INFO - Epoch 146 | Train Loss: 9.507886 (rot: 8.584872, pos: 0.000000, root: 0.923014) | Val Loss: 7.516657 (rot: 6.728145, pos: 0.000000, smooth: 0.000000, root: 0.788512) | LR: 5.00e-04
2026-06-03 11:02:22,005 - INFO - Epoch 147 | Train Loss: 9.355117 (rot: 8.448945, pos: 0.000000, root: 0.906172) | Val Loss: 7.515595 (rot: 6.747186, pos: 0.000000, smooth: 0.000000, root: 0.768410) | LR: 5.00e-04
2026-06-03 11:03:40,770 - INFO - Epoch 148 | Train Loss: 9.504275 (rot: 8.589215, pos: 0.000000, root: 0.915060) | Val Loss: 8.207389 (rot: 6.830261, pos: 0.000000, smooth: 0.000000, root: 1.377128) | LR: 5.00e-04
2026-06-03 11:05:00,841 - INFO - Epoch 149 | Train Loss: 9.385056 (rot: 8.435509, pos: 0.000000, root: 0.949547) | Val Loss: 7.731046 (rot: 6.729600, pos: 0.000000, smooth: 0.000000, root: 1.001446) | LR: 5.00e-04
2026-06-03 11:06:14,365 - INFO - Epoch 150 | Train Loss: 9.314663 (rot: 8.471032, pos: 0.000000, root: 0.843631) | Val Loss: 7.538074 (rot: 6.672537, pos: 0.000000, smooth: 0.000000, root: 0.865537) | LR: 5.00e-04
2026-06-03 11:06:14,584 - INFO - Saved checkpoint: model_20260603-073719-150.pth
2026-06-03 11:07:25,924 - INFO - Epoch 151 | Train Loss: 9.411847 (rot: 8.562000, pos: 0.000000, root: 0.849847) | Val Loss: 7.797477 (rot: 6.913791, pos: 0.000000, smooth: 0.000000, root: 0.883686) | LR: 5.00e-04
2026-06-03 11:08:35,338 - INFO - Epoch 152 | Train Loss: 9.293684 (rot: 8.425843, pos: 0.000000, root: 0.867841) | Val Loss: 7.283124 (rot: 6.613914, pos: 0.000000, smooth: 0.000000, root: 0.669209) | LR: 5.00e-04
2026-06-03 11:08:35,398 - INFO - New best val loss 7.283124. Saved: model_20260603-073719-best.pth
2026-06-03 11:09:47,343 - INFO - Epoch 153 | Train Loss: 9.214415 (rot: 8.364648, pos: 0.000000, root: 0.849767) | Val Loss: 7.470530 (rot: 6.627589, pos: 0.000000, smooth: 0.000000, root: 0.842941) | LR: 5.00e-04
2026-06-03 11:11:01,512 - INFO - Epoch 154 | Train Loss: 9.353257 (rot: 8.426452, pos: 0.000000, root: 0.926805) | Val Loss: 7.805533 (rot: 6.989162, pos: 0.000000, smooth: 0.000000, root: 0.816372) | LR: 5.00e-04
2026-06-03 11:12:12,997 - INFO - Epoch 155 | Train Loss: 9.609485 (rot: 8.687958, pos: 0.000000, root: 0.921526) | Val Loss: 7.406869 (rot: 6.694122, pos: 0.000000, smooth: 0.000000, root: 0.712747) | LR: 5.00e-04
2026-06-03 11:13:24,057 - INFO - Epoch 156 | Train Loss: 9.341082 (rot: 8.484420, pos: 0.000000, root: 0.856662) | Val Loss: 7.517202 (rot: 6.679695, pos: 0.000000, smooth: 0.000000, root: 0.837507) | LR: 5.00e-04
2026-06-03 11:14:37,841 - INFO - Epoch 157 | Train Loss: 9.239511 (rot: 8.365541, pos: 0.000000, root: 0.873970) | Val Loss: 7.708606 (rot: 6.891029, pos: 0.000000, smooth: 0.000000, root: 0.817577) | LR: 5.00e-04
2026-06-03 11:15:51,685 - INFO - Epoch 158 | Train Loss: 9.174034 (rot: 8.348869, pos: 0.000000, root: 0.825164) | Val Loss: 7.633073 (rot: 6.912472, pos: 0.000000, smooth: 0.000000, root: 0.720601) | LR: 5.00e-04
2026-06-03 11:17:09,451 - INFO - Epoch 159 | Train Loss: 9.364328 (rot: 8.442939, pos: 0.000000, root: 0.921389) | Val Loss: 7.603561 (rot: 6.726628, pos: 0.000000, smooth: 0.000000, root: 0.876934) | LR: 5.00e-04
2026-06-03 11:18:16,255 - INFO - Epoch 160 | Train Loss: 9.183144 (rot: 8.325943, pos: 0.000000, root: 0.857201) | Val Loss: 8.126138 (rot: 6.734065, pos: 0.000000, smooth: 0.000000, root: 1.392073) | LR: 5.00e-04
2026-06-03 11:18:16,471 - INFO - Saved checkpoint: model_20260603-073719-160.pth
2026-06-03 11:19:28,179 - INFO - Epoch 161 | Train Loss: 9.209262 (rot: 8.337300, pos: 0.000000, root: 0.871963) | Val Loss: 7.533042 (rot: 6.651640, pos: 0.000000, smooth: 0.000000, root: 0.881402) | LR: 5.00e-04
2026-06-03 11:20:37,156 - INFO - Epoch 162 | Train Loss: 9.166001 (rot: 8.284331, pos: 0.000000, root: 0.881671) | Val Loss: 7.483462 (rot: 6.654994, pos: 0.000000, smooth: 0.000000, root: 0.828468) | LR: 5.00e-04
2026-06-03 11:21:48,947 - INFO - Epoch 163 | Train Loss: 9.284256 (rot: 8.390977, pos: 0.000000, root: 0.893279) | Val Loss: 7.485608 (rot: 6.644658, pos: 0.000000, smooth: 0.000000, root: 0.840950) | LR: 2.50e-04
2026-06-03 11:22:59,165 - INFO - Epoch 164 | Train Loss: 8.829047 (rot: 8.184873, pos: 0.000000, root: 0.644174) | Val Loss: 7.069871 (rot: 6.448439, pos: 0.000000, smooth: 0.000000, root: 0.621432) | LR: 2.50e-04
2026-06-03 11:22:59,268 - INFO - New best val loss 7.069871. Saved: model_20260603-073719-best.pth
2026-06-03 11:24:11,318 - INFO - Epoch 165 | Train Loss: 8.743647 (rot: 8.122474, pos: 0.000000, root: 0.621173) | Val Loss: 7.016099 (rot: 6.408231, pos: 0.000000, smooth: 0.000000, root: 0.607868) | LR: 2.50e-04
2026-06-03 11:25:24,338 - INFO - Epoch 166 | Train Loss: 8.746910 (rot: 8.133637, pos: 0.000000, root: 0.613274) | Val Loss: 6.986841 (rot: 6.394021, pos: 0.000000, smooth: 0.000000, root: 0.592821) | LR: 2.50e-04
2026-06-03 11:26:32,977 - INFO - Epoch 167 | Train Loss: 8.717598 (rot: 8.105064, pos: 0.000000, root: 0.612534) | Val Loss: 7.170648 (rot: 6.533691, pos: 0.000000, smooth: 0.000000, root: 0.636958) | LR: 2.50e-04
2026-06-03 11:27:48,374 - INFO - Epoch 168 | Train Loss: 8.732345 (rot: 8.126536, pos: 0.000000, root: 0.605809) | Val Loss: 6.992674 (rot: 6.366413, pos: 0.000000, smooth: 0.000000, root: 0.626260) | LR: 2.50e-04
2026-06-03 11:29:02,498 - INFO - Epoch 169 | Train Loss: 8.695003 (rot: 8.070921, pos: 0.000000, root: 0.624083) | Val Loss: 6.861745 (rot: 6.304326, pos: 0.000000, smooth: 0.000000, root: 0.557419) | LR: 2.50e-04
2026-06-03 11:29:02,628 - INFO - New best val loss 6.861745. Saved: model_20260603-073719-best.pth
2026-06-03 11:30:20,327 - INFO - Epoch 170 | Train Loss: 8.647665 (rot: 8.058383, pos: 0.000000, root: 0.589281) | Val Loss: 6.988397 (rot: 6.368893, pos: 0.000000, smooth: 0.000000, root: 0.619504) | LR: 2.50e-04
2026-06-03 11:30:20,391 - INFO - Saved checkpoint: model_20260603-073719-170.pth
2026-06-03 11:31:43,404 - INFO - Epoch 171 | Train Loss: 8.673578 (rot: 8.075117, pos: 0.000000, root: 0.598461) | Val Loss: 6.951473 (rot: 6.306068, pos: 0.000000, smooth: 0.000000, root: 0.645405) | LR: 2.50e-04
2026-06-03 11:32:58,281 - INFO - Epoch 172 | Train Loss: 8.662695 (rot: 8.059932, pos: 0.000000, root: 0.602763) | Val Loss: 6.944288 (rot: 6.359856, pos: 0.000000, smooth: 0.000000, root: 0.584432) | LR: 2.50e-04
2026-06-03 11:34:12,527 - INFO - Epoch 173 | Train Loss: 8.619593 (rot: 8.018679, pos: 0.000000, root: 0.600913) | Val Loss: 6.822831 (rot: 6.270172, pos: 0.000000, smooth: 0.000000, root: 0.552658) | LR: 2.50e-04
2026-06-03 11:35:24,852 - INFO - Epoch 174 | Train Loss: 8.610310 (rot: 8.018371, pos: 0.000000, root: 0.591938) | Val Loss: 6.879007 (rot: 6.324988, pos: 0.000000, smooth: 0.000000, root: 0.554019) | LR: 2.50e-04
2026-06-03 11:36:35,541 - INFO - Epoch 175 | Train Loss: 8.679743 (rot: 8.084815, pos: 0.000000, root: 0.594928) | Val Loss: 6.865641 (rot: 6.280106, pos: 0.000000, smooth: 0.000000, root: 0.585535) | LR: 2.50e-04
2026-06-03 11:37:47,144 - INFO - Epoch 176 | Train Loss: 8.617615 (rot: 8.018737, pos: 0.000000, root: 0.598878) | Val Loss: 6.864438 (rot: 6.259370, pos: 0.000000, smooth: 0.000000, root: 0.605067) | LR: 2.50e-04
2026-06-03 11:38:59,481 - INFO - Epoch 177 | Train Loss: 8.583941 (rot: 7.990339, pos: 0.000000, root: 0.593602) | Val Loss: 6.788775 (rot: 6.229501, pos: 0.000000, smooth: 0.000000, root: 0.559274) | LR: 2.50e-04
2026-06-03 11:40:18,153 - INFO - Epoch 178 | Train Loss: 8.580235 (rot: 7.994472, pos: 0.000000, root: 0.585763) | Val Loss: 6.830575 (rot: 6.278160, pos: 0.000000, smooth: 0.000000, root: 0.552415) | LR: 2.50e-04
2026-06-03 11:41:39,110 - INFO - Epoch 179 | Train Loss: 8.552386 (rot: 7.966560, pos: 0.000000, root: 0.585826) | Val Loss: 6.733626 (rot: 6.209636, pos: 0.000000, smooth: 0.000000, root: 0.523991) | LR: 2.50e-04
2026-06-03 11:41:39,237 - INFO - New best val loss 6.733626. Saved: model_20260603-073719-best.pth
2026-06-03 11:42:50,557 - INFO - Epoch 180 | Train Loss: 8.601739 (rot: 8.019082, pos: 0.000000, root: 0.582657) | Val Loss: 6.805840 (rot: 6.239614, pos: 0.000000, smooth: 0.000000, root: 0.566226) | LR: 2.50e-04
2026-06-03 11:42:50,623 - INFO - Saved checkpoint: model_20260603-073719-180.pth
2026-06-03 11:44:06,432 - INFO - Epoch 181 | Train Loss: 8.548363 (rot: 7.956147, pos: 0.000000, root: 0.592216) | Val Loss: 6.788816 (rot: 6.235361, pos: 0.000000, smooth: 0.000000, root: 0.553455) | LR: 2.50e-04
2026-06-03 11:45:34,983 - INFO - Epoch 182 | Train Loss: 8.560930 (rot: 7.978442, pos: 0.000000, root: 0.582488) | Val Loss: 6.854442 (rot: 6.249516, pos: 0.000000, smooth: 0.000000, root: 0.604925) | LR: 2.50e-04
2026-06-03 11:48:05,512 - INFO - Epoch 183 | Train Loss: 8.526564 (rot: 7.944631, pos: 0.000000, root: 0.581934) | Val Loss: 6.723640 (rot: 6.196357, pos: 0.000000, smooth: 0.000000, root: 0.527284) | LR: 2.50e-04
2026-06-03 11:49:29,560 - INFO - Epoch 184 | Train Loss: 8.536146 (rot: 7.952428, pos: 0.000000, root: 0.583718) | Val Loss: 6.850423 (rot: 6.247829, pos: 0.000000, smooth: 0.000000, root: 0.602595) | LR: 2.50e-04
2026-06-03 11:50:48,291 - INFO - Epoch 185 | Train Loss: 8.548412 (rot: 7.961547, pos: 0.000000, root: 0.586865) | Val Loss: 6.751589 (rot: 6.171941, pos: 0.000000, smooth: 0.000000, root: 0.579648) | LR: 2.50e-04
2026-06-03 11:52:07,264 - INFO - Epoch 186 | Train Loss: 8.536316 (rot: 7.946420, pos: 0.000000, root: 0.589896) | Val Loss: 6.765314 (rot: 6.193019, pos: 0.000000, smooth: 0.000000, root: 0.572294) | LR: 2.50e-04
2026-06-03 11:53:25,256 - INFO - Epoch 187 | Train Loss: 8.509544 (rot: 7.927212, pos: 0.000000, root: 0.582331) | Val Loss: 6.760586 (rot: 6.227016, pos: 0.000000, smooth: 0.000000, root: 0.533570) | LR: 2.50e-04
2026-06-03 11:54:39,804 - INFO - Epoch 188 | Train Loss: 8.505589 (rot: 7.923899, pos: 0.000000, root: 0.581690) | Val Loss: 6.719690 (rot: 6.178992, pos: 0.000000, smooth: 0.000000, root: 0.540699) | LR: 2.50e-04
2026-06-03 11:56:01,614 - INFO - Epoch 189 | Train Loss: 8.502692 (rot: 7.916181, pos: 0.000000, root: 0.586510) | Val Loss: 6.701645 (rot: 6.186025, pos: 0.000000, smooth: 0.000000, root: 0.515619) | LR: 2.50e-04
2026-06-03 11:57:12,667 - INFO - Epoch 190 | Train Loss: 8.486656 (rot: 7.904605, pos: 0.000000, root: 0.582051) | Val Loss: 6.701572 (rot: 6.133752, pos: 0.000000, smooth: 0.000000, root: 0.567821) | LR: 1.25e-04
2026-06-03 11:57:12,843 - INFO - Saved checkpoint: model_20260603-073719-190.pth
2026-06-03 11:58:30,772 - INFO - Epoch 191 | Train Loss: 8.367224 (rot: 7.848773, pos: 0.000000, root: 0.518451) | Val Loss: 6.600756 (rot: 6.100663, pos: 0.000000, smooth: 0.000000, root: 0.500093) | LR: 1.25e-04
2026-06-03 11:58:30,839 - INFO - New best val loss 6.600756. Saved: model_20260603-073719-best.pth
2026-06-03 11:59:48,944 - INFO - Epoch 192 | Train Loss: 8.347145 (rot: 7.833821, pos: 0.000000, root: 0.513324) | Val Loss: 6.589293 (rot: 6.094509, pos: 0.000000, smooth: 0.000000, root: 0.494785) | LR: 1.25e-04
2026-06-03 12:01:15,891 - INFO - Epoch 193 | Train Loss: 8.339479 (rot: 7.829079, pos: 0.000000, root: 0.510399) | Val Loss: 6.560648 (rot: 6.080748, pos: 0.000000, smooth: 0.000000, root: 0.479900) | LR: 1.25e-04
2026-06-03 12:02:34,901 - INFO - Epoch 194 | Train Loss: 8.332167 (rot: 7.824730, pos: 0.000000, root: 0.507438) | Val Loss: 6.543059 (rot: 6.069428, pos: 0.000000, smooth: 0.000000, root: 0.473631) | LR: 1.25e-04
2026-06-03 12:03:54,323 - INFO - Epoch 195 | Train Loss: 8.317069 (rot: 7.811713, pos: 0.000000, root: 0.505356) | Val Loss: 6.576072 (rot: 6.080623, pos: 0.000000, smooth: 0.000000, root: 0.495449) | LR: 1.25e-04
2026-06-03 12:05:12,727 - INFO - Epoch 196 | Train Loss: 8.302652 (rot: 7.799967, pos: 0.000000, root: 0.502685) | Val Loss: 6.548341 (rot: 6.069883, pos: 0.000000, smooth: 0.000000, root: 0.478457) | LR: 1.25e-04
2026-06-03 12:06:40,465 - INFO - Epoch 197 | Train Loss: 8.301194 (rot: 7.797905, pos: 0.000000, root: 0.503288) | Val Loss: 6.538828 (rot: 6.059185, pos: 0.000000, smooth: 0.000000, root: 0.479643) | LR: 1.25e-04
2026-06-03 12:07:56,852 - INFO - Epoch 198 | Train Loss: 8.291574 (rot: 7.790935, pos: 0.000000, root: 0.500639) | Val Loss: 6.538501 (rot: 6.062863, pos: 0.000000, smooth: 0.000000, root: 0.475637) | LR: 1.25e-04
2026-06-03 12:09:14,187 - INFO - Epoch 199 | Train Loss: 8.294642 (rot: 7.796512, pos: 0.000000, root: 0.498130) | Val Loss: 6.534653 (rot: 6.050623, pos: 0.000000, smooth: 0.000000, root: 0.484030) | LR: 1.25e-04
2026-06-03 12:10:34,087 - INFO - Epoch 200 | Train Loss: 8.283617 (rot: 7.784331, pos: 0.000000, root: 0.499286) | Val Loss: 6.516305 (rot: 6.040249, pos: 0.000000, smooth: 0.000000, root: 0.476056) | LR: 1.25e-04
2026-06-03 12:10:34,289 - INFO - Saved checkpoint: model_20260603-073719-200.pth
2026-06-03 12:11:57,058 - INFO - Epoch 201 | Train Loss: 8.284958 (rot: 7.785983, pos: 0.000000, root: 0.498975) | Val Loss: 6.552656 (rot: 6.044715, pos: 0.000000, smooth: 0.000000, root: 0.507941) | LR: 1.25e-04
2026-06-03 12:13:23,556 - INFO - Epoch 202 | Train Loss: 8.278254 (rot: 7.782446, pos: 0.000000, root: 0.495809) | Val Loss: 6.505250 (rot: 6.027021, pos: 0.000000, smooth: 0.000000, root: 0.478229) | LR: 6.25e-05
2026-06-03 12:14:53,928 - INFO - Epoch 203 | Train Loss: 8.238620 (rot: 7.760819, pos: 0.000000, root: 0.477801) | Val Loss: 6.467047 (rot: 6.009048, pos: 0.000000, smooth: 0.000000, root: 0.457999) | LR: 6.25e-05
2026-06-03 12:14:54,054 - INFO - New best val loss 6.467047. Saved: model_20260603-073719-best.pth
2026-06-03 12:16:21,650 - INFO - Epoch 204 | Train Loss: 8.227016 (rot: 7.751432, pos: 0.000000, root: 0.475584) | Val Loss: 6.459072 (rot: 6.001265, pos: 0.000000, smooth: 0.000000, root: 0.457806) | LR: 6.25e-05
2026-06-03 12:17:49,261 - INFO - Epoch 205 | Train Loss: 8.216455 (rot: 7.742430, pos: 0.000000, root: 0.474025) | Val Loss: 6.449576 (rot: 5.997509, pos: 0.000000, smooth: 0.000000, root: 0.452067) | LR: 6.25e-05
2026-06-03 12:19:19,061 - INFO - Epoch 206 | Train Loss: 8.214765 (rot: 7.742200, pos: 0.000000, root: 0.472566) | Val Loss: 6.452566 (rot: 5.991854, pos: 0.000000, smooth: 0.000000, root: 0.460713) | LR: 6.25e-05
2026-06-03 12:20:41,505 - INFO - Epoch 207 | Train Loss: 8.207633 (rot: 7.734939, pos: 0.000000, root: 0.472694) | Val Loss: 6.443698 (rot: 5.989858, pos: 0.000000, smooth: 0.000000, root: 0.453840) | LR: 6.25e-05
2026-06-03 12:22:13,729 - INFO - Epoch 208 | Train Loss: 8.215613 (rot: 7.743634, pos: 0.000000, root: 0.471979) | Val Loss: 6.447033 (rot: 5.986066, pos: 0.000000, smooth: 0.000000, root: 0.460967) | LR: 6.25e-05
2026-06-03 12:23:43,083 - INFO - Epoch 209 | Train Loss: 8.195017 (rot: 7.725569, pos: 0.000000, root: 0.469449) | Val Loss: 6.441275 (rot: 5.979911, pos: 0.000000, smooth: 0.000000, root: 0.461365) | LR: 6.25e-05
2026-06-03 12:25:16,205 - INFO - Epoch 210 | Train Loss: 8.201266 (rot: 7.730520, pos: 0.000000, root: 0.470746) | Val Loss: 6.430796 (rot: 5.980235, pos: 0.000000, smooth: 0.000000, root: 0.450560) | LR: 6.25e-05
2026-06-03 12:25:16,416 - INFO - Saved checkpoint: model_20260603-073719-210.pth
2026-06-03 12:26:44,668 - INFO - Epoch 211 | Train Loss: 8.197865 (rot: 7.728870, pos: 0.000000, root: 0.468995) | Val Loss: 6.435011 (rot: 5.975676, pos: 0.000000, smooth: 0.000000, root: 0.459335) | LR: 6.25e-05
2026-06-03 12:28:11,770 - INFO - Epoch 212 | Train Loss: 8.189336 (rot: 7.720014, pos: 0.000000, root: 0.469322) | Val Loss: 6.420614 (rot: 5.973379, pos: 0.000000, smooth: 0.000000, root: 0.447234) | LR: 6.25e-05
2026-06-03 12:29:42,499 - INFO - Epoch 213 | Train Loss: 8.188702 (rot: 7.720780, pos: 0.000000, root: 0.467922) | Val Loss: 6.423669 (rot: 5.973340, pos: 0.000000, smooth: 0.000000, root: 0.450329) | LR: 6.25e-05
2026-06-03 12:31:13,681 - INFO - Epoch 214 | Train Loss: 8.179019 (rot: 7.710581, pos: 0.000000, root: 0.468438) | Val Loss: 6.417115 (rot: 5.968092, pos: 0.000000, smooth: 0.000000, root: 0.449024) | LR: 3.13e-05
2026-06-03 12:33:06,047 - INFO - Epoch 215 | Train Loss: 8.162676 (rot: 7.702543, pos: 0.000000, root: 0.460133) | Val Loss: 6.407653 (rot: 5.962520, pos: 0.000000, smooth: 0.000000, root: 0.445133) | LR: 3.13e-05
2026-06-03 12:34:40,546 - INFO - Epoch 216 | Train Loss: 8.166623 (rot: 7.707808, pos: 0.000000, root: 0.458815) | Val Loss: 6.399557 (rot: 5.957756, pos: 0.000000, smooth: 0.000000, root: 0.441801) | LR: 3.13e-05
2026-06-03 12:36:14,725 - INFO - Epoch 217 | Train Loss: 8.161362 (rot: 7.703434, pos: 0.000000, root: 0.457927) | Val Loss: 6.394508 (rot: 5.957016, pos: 0.000000, smooth: 0.000000, root: 0.437492) | LR: 3.13e-05
2026-06-03 12:37:52,225 - INFO - Epoch 218 | Train Loss: 8.164091 (rot: 7.707741, pos: 0.000000, root: 0.456350) | Val Loss: 6.398289 (rot: 5.957794, pos: 0.000000, smooth: 0.000000, root: 0.440495) | LR: 3.13e-05
2026-06-03 12:39:31,545 - INFO - Epoch 219 | Train Loss: 8.148039 (rot: 7.691060, pos: 0.000000, root: 0.456979) | Val Loss: 6.394844 (rot: 5.950984, pos: 0.000000, smooth: 0.000000, root: 0.443861) | LR: 3.13e-05
2026-06-03 12:41:18,188 - INFO - Epoch 220 | Train Loss: 8.152075 (rot: 7.694190, pos: 0.000000, root: 0.457884) | Val Loss: 6.389397 (rot: 5.948945, pos: 0.000000, smooth: 0.000000, root: 0.440451) | LR: 3.13e-05
2026-06-03 12:41:18,347 - INFO - Saved checkpoint: model_20260603-073719-220.pth
2026-06-03 12:42:58,844 - INFO - Epoch 221 | Train Loss: 8.152158 (rot: 7.694695, pos: 0.000000, root: 0.457463) | Val Loss: 6.389707 (rot: 5.948600, pos: 0.000000, smooth: 0.000000, root: 0.441107) | LR: 3.13e-05
2026-06-03 12:45:00,533 - INFO - Epoch 222 | Train Loss: 8.156014 (rot: 7.700405, pos: 0.000000, root: 0.455608) | Val Loss: 6.385075 (rot: 5.947246, pos: 0.000000, smooth: 0.000000, root: 0.437829) | LR: 3.13e-05
2026-06-03 12:46:56,860 - INFO - Epoch 223 | Train Loss: 8.148147 (rot: 7.691367, pos: 0.000000, root: 0.456780) | Val Loss: 6.388888 (rot: 5.947230, pos: 0.000000, smooth: 0.000000, root: 0.441658) | LR: 3.13e-05
2026-06-03 12:46:56,861 - INFO - Early stopping triggered at epoch 223. Best Val Loss: 6.467047
2026-06-03 12:46:57,182 - INFO - Training completed. Saved final model: model_20260603-073719-final.pth
