2025-12-28 17:32:56,075 - INFO - Train size: 17920, Validation size: 4480
2025-12-28 17:33:28,830 - INFO - Epoch 001 | Train Loss: 20.275258 (rot: 1.950996, pos: 18.324262) | Val Loss: 15.925230 (rot: 1.703405, pos: 14.221825) | LR: 1.00e-03
2025-12-28 17:33:28,830 - INFO - New best val loss 15.925230
2025-12-28 17:33:36,300 - INFO - Epoch 002 | Train Loss: 15.652825 (rot: 1.656434, pos: 13.996392) | Val Loss: 14.877661 (rot: 1.653988, pos: 13.223674) | LR: 1.00e-03
2025-12-28 17:33:36,300 - INFO - New best val loss 14.877661
2025-12-28 17:33:43,740 - INFO - Epoch 003 | Train Loss: 14.632126 (rot: 1.620904, pos: 13.011222) | Val Loss: 14.404575 (rot: 1.632064, pos: 12.772510) | LR: 1.00e-03
2025-12-28 17:33:43,740 - INFO - New best val loss 14.404575
2025-12-28 17:33:51,427 - INFO - Epoch 004 | Train Loss: 13.650847 (rot: 1.632219, pos: 12.018628) | Val Loss: 12.584830 (rot: 1.645590, pos: 10.939240) | LR: 1.00e-03
2025-12-28 17:33:51,427 - INFO - New best val loss 12.584830
2025-12-28 17:33:58,765 - INFO - Epoch 005 | Train Loss: 11.621814 (rot: 1.647209, pos: 9.974604) | Val Loss: 11.111635 (rot: 1.660290, pos: 9.451346) | LR: 1.00e-03
2025-12-28 17:33:58,765 - INFO - New best val loss 11.111635
2025-12-28 17:34:06,281 - INFO - Epoch 006 | Train Loss: 9.454811 (rot: 1.651680, pos: 7.803131) | Val Loss: 7.006342 (rot: 1.659245, pos: 5.347097) | LR: 1.00e-03
2025-12-28 17:34:06,281 - INFO - New best val loss 7.006342
2025-12-28 17:34:13,752 - INFO - Epoch 007 | Train Loss: 6.029466 (rot: 1.667660, pos: 4.361806) | Val Loss: 6.588588 (rot: 1.680610, pos: 4.907978) | LR: 1.00e-03
2025-12-28 17:34:13,753 - INFO - New best val loss 6.588588
2025-12-28 17:34:21,434 - INFO - Epoch 008 | Train Loss: 5.457845 (rot: 1.659698, pos: 3.798148) | Val Loss: 5.279537 (rot: 1.643663, pos: 3.635874) | LR: 1.00e-03
2025-12-28 17:34:21,434 - INFO - New best val loss 5.279537
2025-12-28 17:34:28,861 - INFO - Epoch 009 | Train Loss: 5.066652 (rot: 1.621180, pos: 3.445472) | Val Loss: 5.072133 (rot: 1.612504, pos: 3.459629) | LR: 1.00e-03
2025-12-28 17:34:28,861 - INFO - New best val loss 5.072133
2025-12-28 17:34:36,250 - INFO - Epoch 010 | Train Loss: 4.747458 (rot: 1.576932, pos: 3.170527) | Val Loss: 6.029471 (rot: 1.640539, pos: 4.388932) | LR: 1.00e-03
2025-12-28 17:34:43,622 - INFO - Epoch 011 | Train Loss: 4.596515 (rot: 1.554992, pos: 3.041523) | Val Loss: 4.259644 (rot: 1.530801, pos: 2.728843) | LR: 1.00e-03
2025-12-28 17:34:43,622 - INFO - New best val loss 4.259644
2025-12-28 17:34:51,318 - INFO - Epoch 012 | Train Loss: 4.311845 (rot: 1.525943, pos: 2.785901) | Val Loss: 4.318469 (rot: 1.515793, pos: 2.802676) | LR: 1.00e-03
2025-12-28 17:34:58,886 - INFO - Epoch 013 | Train Loss: 4.137786 (rot: 1.510600, pos: 2.627185) | Val Loss: 4.052219 (rot: 1.491407, pos: 2.560812) | LR: 1.00e-03
2025-12-28 17:34:58,886 - INFO - New best val loss 4.052219
2025-12-28 17:35:06,267 - INFO - Epoch 014 | Train Loss: 3.975517 (rot: 1.497238, pos: 2.478278) | Val Loss: 4.130103 (rot: 1.504198, pos: 2.625905) | LR: 1.00e-03
2025-12-28 17:35:13,599 - INFO - Epoch 015 | Train Loss: 3.848162 (rot: 1.492376, pos: 2.355786) | Val Loss: 3.703009 (rot: 1.497522, pos: 2.205487) | LR: 1.00e-03
2025-12-28 17:35:13,599 - INFO - New best val loss 3.703009
2025-12-28 17:35:21,239 - INFO - Epoch 016 | Train Loss: 3.531553 (rot: 1.485435, pos: 2.046117) | Val Loss: 3.520341 (rot: 1.478280, pos: 2.042060) | LR: 1.00e-03
2025-12-28 17:35:21,239 - INFO - New best val loss 3.520341
2025-12-28 17:35:28,841 - INFO - Epoch 017 | Train Loss: 3.258884 (rot: 1.412346, pos: 1.846539) | Val Loss: 3.349001 (rot: 1.356554, pos: 1.992447) | LR: 1.00e-03
2025-12-28 17:35:28,841 - INFO - New best val loss 3.349001
2025-12-28 17:35:36,264 - INFO - Epoch 018 | Train Loss: 3.042289 (rot: 1.345173, pos: 1.697116) | Val Loss: 2.913189 (rot: 1.339689, pos: 1.573500) | LR: 1.00e-03
2025-12-28 17:35:36,264 - INFO - New best val loss 2.913189
2025-12-28 17:35:43,655 - INFO - Epoch 019 | Train Loss: 2.887166 (rot: 1.338242, pos: 1.548923) | Val Loss: 2.844720 (rot: 1.329876, pos: 1.514844) | LR: 1.00e-03
2025-12-28 17:35:43,655 - INFO - New best val loss 2.844720
2025-12-28 17:35:51,841 - INFO - Epoch 020 | Train Loss: 2.741470 (rot: 1.330484, pos: 1.410985) | Val Loss: 2.734774 (rot: 1.326659, pos: 1.408115) | LR: 1.00e-03
2025-12-28 17:35:51,841 - INFO - New best val loss 2.734774
2025-12-28 17:36:00,258 - INFO - Epoch 021 | Train Loss: 2.682273 (rot: 1.325326, pos: 1.356947) | Val Loss: 2.638973 (rot: 1.317785, pos: 1.321187) | LR: 1.00e-03
2025-12-28 17:36:00,258 - INFO - New best val loss 2.638973
2025-12-28 17:36:07,909 - INFO - Epoch 022 | Train Loss: 2.621505 (rot: 1.290625, pos: 1.330880) | Val Loss: 2.698664 (rot: 1.261040, pos: 1.437624) | LR: 1.00e-03
2025-12-28 17:36:15,881 - INFO - Epoch 023 | Train Loss: 2.510642 (rot: 1.209571, pos: 1.301071) | Val Loss: 2.453074 (rot: 1.160311, pos: 1.292764) | LR: 1.00e-03
2025-12-28 17:36:15,881 - INFO - New best val loss 2.453074
2025-12-28 17:36:23,692 - INFO - Epoch 024 | Train Loss: 2.325082 (rot: 1.105957, pos: 1.219125) | Val Loss: 2.204022 (rot: 1.028994, pos: 1.175028) | LR: 1.00e-03
2025-12-28 17:36:23,692 - INFO - New best val loss 2.204022
2025-12-28 17:36:31,713 - INFO - Epoch 025 | Train Loss: 2.092137 (rot: 0.922179, pos: 1.169958) | Val Loss: 2.056578 (rot: 0.867616, pos: 1.188962) | LR: 1.00e-03
2025-12-28 17:36:31,713 - INFO - New best val loss 2.056578
2025-12-28 17:36:39,202 - INFO - Epoch 026 | Train Loss: 1.940214 (rot: 0.854066, pos: 1.086149) | Val Loss: 1.893186 (rot: 0.839445, pos: 1.053742) | LR: 1.00e-03
2025-12-28 17:36:39,202 - INFO - New best val loss 1.893186
2025-12-28 17:36:46,529 - INFO - Epoch 027 | Train Loss: 1.884598 (rot: 0.835219, pos: 1.049379) | Val Loss: 1.928621 (rot: 0.834346, pos: 1.094274) | LR: 1.00e-03
2025-12-28 17:36:54,369 - INFO - Epoch 028 | Train Loss: 1.860499 (rot: 0.828135, pos: 1.032365) | Val Loss: 1.896479 (rot: 0.822917, pos: 1.073562) | LR: 1.00e-03
2025-12-28 17:37:01,975 - INFO - Epoch 029 | Train Loss: 1.783550 (rot: 0.817944, pos: 0.965606) | Val Loss: 1.793172 (rot: 0.812206, pos: 0.980966) | LR: 1.00e-03
2025-12-28 17:37:01,976 - INFO - New best val loss 1.793172
2025-12-28 17:37:09,611 - INFO - Epoch 030 | Train Loss: 1.753863 (rot: 0.812300, pos: 0.941563) | Val Loss: 1.810476 (rot: 0.808131, pos: 1.002345) | LR: 1.00e-03
2025-12-28 17:37:16,832 - INFO - Epoch 031 | Train Loss: 1.771896 (rot: 0.811260, pos: 0.960636) | Val Loss: 1.792494 (rot: 0.806739, pos: 0.985755) | LR: 1.00e-03
2025-12-28 17:37:24,412 - INFO - Epoch 032 | Train Loss: 1.720905 (rot: 0.806331, pos: 0.914574) | Val Loss: 1.780898 (rot: 0.806707, pos: 0.974190) | LR: 1.00e-03
2025-12-28 17:37:24,412 - INFO - New best val loss 1.780898
2025-12-28 17:37:31,987 - INFO - Epoch 033 | Train Loss: 1.716204 (rot: 0.803983, pos: 0.912221) | Val Loss: 1.719793 (rot: 0.799397, pos: 0.920396) | LR: 1.00e-03
2025-12-28 17:37:31,987 - INFO - New best val loss 1.719793
2025-12-28 17:37:39,618 - INFO - Epoch 034 | Train Loss: 1.717392 (rot: 0.802015, pos: 0.915377) | Val Loss: 1.733796 (rot: 0.801410, pos: 0.932386) | LR: 1.00e-03
2025-12-28 17:37:46,830 - INFO - Epoch 035 | Train Loss: 1.722028 (rot: 0.805191, pos: 0.916837) | Val Loss: 1.828582 (rot: 0.793231, pos: 1.035351) | LR: 1.00e-03
2025-12-28 17:37:54,274 - INFO - Epoch 036 | Train Loss: 1.530699 (rot: 0.761934, pos: 0.768765) | Val Loss: 1.398697 (rot: 0.639190, pos: 0.759507) | LR: 1.00e-03
2025-12-28 17:37:54,274 - INFO - New best val loss 1.398697
2025-12-28 17:38:01,786 - INFO - Epoch 037 | Train Loss: 1.237513 (rot: 0.551717, pos: 0.685796) | Val Loss: 1.129024 (rot: 0.465230, pos: 0.663794) | LR: 1.00e-03
2025-12-28 17:38:01,786 - INFO - New best val loss 1.129024
2025-12-28 17:38:09,432 - INFO - Epoch 038 | Train Loss: 1.094972 (rot: 0.433153, pos: 0.661819) | Val Loss: 1.147354 (rot: 0.423422, pos: 0.723932) | LR: 1.00e-03
2025-12-28 17:38:16,696 - INFO - Epoch 039 | Train Loss: 1.048302 (rot: 0.412246, pos: 0.636056) | Val Loss: 1.062047 (rot: 0.396608, pos: 0.665439) | LR: 1.00e-03
2025-12-28 17:38:16,696 - INFO - New best val loss 1.062047
2025-12-28 17:38:24,101 - INFO - Epoch 040 | Train Loss: 1.031791 (rot: 0.405830, pos: 0.625961) | Val Loss: 1.035966 (rot: 0.414062, pos: 0.621904) | LR: 1.00e-03
2025-12-28 17:38:24,101 - INFO - New best val loss 1.035966
2025-12-28 17:38:31,603 - INFO - Epoch 041 | Train Loss: 0.870630 (rot: 0.327611, pos: 0.543019) | Val Loss: 0.662968 (rot: 0.155260, pos: 0.507708) | LR: 1.00e-03
2025-12-28 17:38:31,603 - INFO - New best val loss 0.662968
2025-12-28 17:38:39,253 - INFO - Epoch 042 | Train Loss: 0.552484 (rot: 0.142710, pos: 0.409775) | Val Loss: 0.724075 (rot: 0.144567, pos: 0.579508) | LR: 1.00e-03
2025-12-28 17:38:46,664 - INFO - Epoch 043 | Train Loss: 0.505831 (rot: 0.134172, pos: 0.371659) | Val Loss: 0.547034 (rot: 0.130564, pos: 0.416470) | LR: 1.00e-03
2025-12-28 17:38:46,664 - INFO - New best val loss 0.547034
2025-12-28 17:38:54,016 - INFO - Epoch 044 | Train Loss: 0.501577 (rot: 0.129638, pos: 0.371939) | Val Loss: 0.499306 (rot: 0.126023, pos: 0.373283) | LR: 1.00e-03
2025-12-28 17:38:54,017 - INFO - New best val loss 0.499306
2025-12-28 17:39:01,542 - INFO - Epoch 045 | Train Loss: 0.440572 (rot: 0.122861, pos: 0.317711) | Val Loss: 0.591276 (rot: 0.131000, pos: 0.460276) | LR: 1.00e-03
2025-12-28 17:39:09,287 - INFO - Epoch 046 | Train Loss: 0.438785 (rot: 0.120767, pos: 0.318017) | Val Loss: 0.574379 (rot: 0.125795, pos: 0.448584) | LR: 1.00e-03
2025-12-28 17:39:16,723 - INFO - Epoch 047 | Train Loss: 0.437084 (rot: 0.117568, pos: 0.319516) | Val Loss: 0.457711 (rot: 0.114688, pos: 0.343023) | LR: 1.00e-03
2025-12-28 17:39:16,723 - INFO - New best val loss 0.457711
2025-12-28 17:39:24,173 - INFO - Epoch 048 | Train Loss: 0.392926 (rot: 0.110336, pos: 0.282590) | Val Loss: 0.480617 (rot: 0.114226, pos: 0.366391) | LR: 1.00e-03
2025-12-28 17:39:31,520 - INFO - Epoch 049 | Train Loss: 0.415193 (rot: 0.109568, pos: 0.305625) | Val Loss: 0.543932 (rot: 0.117835, pos: 0.426097) | LR: 1.00e-03
2025-12-28 17:39:39,143 - INFO - Epoch 050 | Train Loss: 0.378917 (rot: 0.105743, pos: 0.273173) | Val Loss: 0.442115 (rot: 0.106783, pos: 0.335332) | LR: 1.00e-03
2025-12-28 17:39:39,154 - INFO - Saved checkpoint: model_20251228-173213-50.pth
2025-12-28 17:39:39,154 - INFO - New best val loss 0.442115
2025-12-28 17:39:46,680 - INFO - Epoch 051 | Train Loss: 0.356104 (rot: 0.103870, pos: 0.252235) | Val Loss: 0.451608 (rot: 0.107563, pos: 0.344044) | LR: 1.00e-03
2025-12-28 17:39:53,949 - INFO - Epoch 052 | Train Loss: 0.353936 (rot: 0.102305, pos: 0.251631) | Val Loss: 0.452141 (rot: 0.105777, pos: 0.346365) | LR: 1.00e-03
2025-12-28 17:40:01,305 - INFO - Epoch 053 | Train Loss: 0.361335 (rot: 0.101820, pos: 0.259515) | Val Loss: 0.439701 (rot: 0.102977, pos: 0.336724) | LR: 1.00e-03
2025-12-28 17:40:09,021 - INFO - Epoch 054 | Train Loss: 0.337675 (rot: 0.098841, pos: 0.238834) | Val Loss: 0.477096 (rot: 0.104436, pos: 0.372660) | LR: 1.00e-03
2025-12-28 17:40:16,686 - INFO - Epoch 055 | Train Loss: 0.334927 (rot: 0.097793, pos: 0.237134) | Val Loss: 0.428718 (rot: 0.103634, pos: 0.325085) | LR: 1.00e-03
2025-12-28 17:40:16,699 - INFO - New best val loss 0.428718. Saved: model_20251228-173213-best.pth
2025-12-28 17:40:24,026 - INFO - Epoch 056 | Train Loss: 0.349012 (rot: 0.098944, pos: 0.250068) | Val Loss: 0.473605 (rot: 0.106826, pos: 0.366779) | LR: 1.00e-03
2025-12-28 17:40:31,287 - INFO - Epoch 057 | Train Loss: 0.353461 (rot: 0.100758, pos: 0.252703) | Val Loss: 0.556392 (rot: 0.119711, pos: 0.436681) | LR: 1.00e-03
2025-12-28 17:40:38,964 - INFO - Epoch 058 | Train Loss: 0.337212 (rot: 0.098081, pos: 0.239131) | Val Loss: 0.428089 (rot: 0.100082, pos: 0.328007) | LR: 1.00e-03
2025-12-28 17:40:46,749 - INFO - Epoch 059 | Train Loss: 0.329267 (rot: 0.097699, pos: 0.231568) | Val Loss: 0.408320 (rot: 0.098978, pos: 0.309342) | LR: 1.00e-03
2025-12-28 17:40:46,762 - INFO - New best val loss 0.408320. Saved: model_20251228-173213-best.pth
2025-12-28 17:40:54,212 - INFO - Epoch 060 | Train Loss: 0.300323 (rot: 0.093772, pos: 0.206552) | Val Loss: 0.439763 (rot: 0.100903, pos: 0.338860) | LR: 1.00e-03
2025-12-28 17:41:01,416 - INFO - Epoch 061 | Train Loss: 0.287096 (rot: 0.092595, pos: 0.194501) | Val Loss: 0.386964 (rot: 0.096370, pos: 0.290594) | LR: 1.00e-03
2025-12-28 17:41:01,429 - INFO - New best val loss 0.386964. Saved: model_20251228-173213-best.pth
2025-12-28 17:41:08,927 - INFO - Epoch 062 | Train Loss: 0.284253 (rot: 0.092560, pos: 0.191692) | Val Loss: 0.403242 (rot: 0.098798, pos: 0.304444) | LR: 1.00e-03
2025-12-28 17:41:16,694 - INFO - Epoch 063 | Train Loss: 0.308546 (rot: 0.093784, pos: 0.214762) | Val Loss: 0.451487 (rot: 0.100412, pos: 0.351075) | LR: 1.00e-03
2025-12-28 17:41:24,230 - INFO - Epoch 064 | Train Loss: 0.280987 (rot: 0.091459, pos: 0.189528) | Val Loss: 0.432002 (rot: 0.097523, pos: 0.334479) | LR: 1.00e-03
2025-12-28 17:41:33,702 - INFO - Epoch 065 | Train Loss: 0.263213 (rot: 0.090502, pos: 0.172711) | Val Loss: 0.405258 (rot: 0.097492, pos: 0.307766) | LR: 1.00e-03
2025-12-28 17:41:41,389 - INFO - Epoch 066 | Train Loss: 0.264414 (rot: 0.090207, pos: 0.174208) | Val Loss: 0.421737 (rot: 0.097671, pos: 0.324066) | LR: 1.00e-03
2025-12-28 17:41:49,182 - INFO - Epoch 067 | Train Loss: 0.260935 (rot: 0.088675, pos: 0.172260) | Val Loss: 0.377719 (rot: 0.094389, pos: 0.283331) | LR: 1.00e-03
2025-12-28 17:41:56,742 - INFO - Epoch 068 | Train Loss: 0.289320 (rot: 0.093099, pos: 0.196221) | Val Loss: 0.409719 (rot: 0.096768, pos: 0.312951) | LR: 1.00e-03
2025-12-28 17:42:04,009 - INFO - Epoch 069 | Train Loss: 0.253895 (rot: 0.088041, pos: 0.165854) | Val Loss: 0.403802 (rot: 0.098763, pos: 0.305040) | LR: 1.00e-03
2025-12-28 17:42:11,404 - INFO - Epoch 070 | Train Loss: 0.267498 (rot: 0.088732, pos: 0.178766) | Val Loss: 0.434431 (rot: 0.099887, pos: 0.334544) | LR: 1.00e-03
2025-12-28 17:42:18,995 - INFO - Epoch 071 | Train Loss: 0.258430 (rot: 0.088060, pos: 0.170371) | Val Loss: 0.395060 (rot: 0.093299, pos: 0.301761) | LR: 1.00e-03
2025-12-28 17:42:26,516 - INFO - Epoch 072 | Train Loss: 0.266385 (rot: 0.089370, pos: 0.177015) | Val Loss: 0.403667 (rot: 0.096155, pos: 0.307512) | LR: 1.00e-03
2025-12-28 17:42:33,939 - INFO - Epoch 073 | Train Loss: 0.240931 (rot: 0.086028, pos: 0.154903) | Val Loss: 0.374060 (rot: 0.092384, pos: 0.281676) | LR: 1.00e-03
2025-12-28 17:42:33,951 - INFO - New best val loss 0.374060. Saved: model_20251228-173213-best.pth
2025-12-28 17:42:41,307 - INFO - Epoch 074 | Train Loss: 0.237868 (rot: 0.086010, pos: 0.151859) | Val Loss: 0.373044 (rot: 0.093824, pos: 0.279220) | LR: 1.00e-03
2025-12-28 17:42:48,858 - INFO - Epoch 075 | Train Loss: 0.216458 (rot: 0.083559, pos: 0.132899) | Val Loss: 0.382555 (rot: 0.093172, pos: 0.289383) | LR: 1.00e-03
2025-12-28 17:42:56,505 - INFO - Epoch 076 | Train Loss: 0.252936 (rot: 0.088254, pos: 0.164682) | Val Loss: 0.389999 (rot: 0.092729, pos: 0.297270) | LR: 1.00e-03
2025-12-28 17:43:03,936 - INFO - Epoch 077 | Train Loss: 0.212998 (rot: 0.083080, pos: 0.129918) | Val Loss: 0.370233 (rot: 0.090567, pos: 0.279667) | LR: 1.00e-03
2025-12-28 17:43:11,242 - INFO - Epoch 078 | Train Loss: 0.216712 (rot: 0.083256, pos: 0.133456) | Val Loss: 0.437551 (rot: 0.097341, pos: 0.340210) | LR: 1.00e-03
2025-12-28 17:43:18,707 - INFO - Epoch 079 | Train Loss: 0.231191 (rot: 0.084658, pos: 0.146533) | Val Loss: 0.378904 (rot: 0.091377, pos: 0.287527) | LR: 1.00e-03
2025-12-28 17:43:26,346 - INFO - Epoch 080 | Train Loss: 0.256659 (rot: 0.087029, pos: 0.169630) | Val Loss: 0.384008 (rot: 0.092446, pos: 0.291562) | LR: 1.00e-03
2025-12-28 17:43:33,804 - INFO - Epoch 081 | Train Loss: 0.212722 (rot: 0.082136, pos: 0.130585) | Val Loss: 0.375122 (rot: 0.090443, pos: 0.284678) | LR: 1.00e-03
2025-12-28 17:43:41,066 - INFO - Epoch 082 | Train Loss: 0.206012 (rot: 0.080888, pos: 0.125124) | Val Loss: 0.402437 (rot: 0.092941, pos: 0.309495) | LR: 1.00e-03
2025-12-28 17:43:48,530 - INFO - Epoch 083 | Train Loss: 0.225880 (rot: 0.082408, pos: 0.143472) | Val Loss: 0.391391 (rot: 0.090746, pos: 0.300645) | LR: 1.00e-03
2025-12-28 17:43:56,080 - INFO - Epoch 084 | Train Loss: 0.202605 (rot: 0.080410, pos: 0.122195) | Val Loss: 0.364477 (rot: 0.089261, pos: 0.275216) | LR: 1.00e-03
2025-12-28 17:44:03,691 - INFO - Epoch 085 | Train Loss: 0.189339 (rot: 0.079322, pos: 0.110017) | Val Loss: 0.352731 (rot: 0.088729, pos: 0.264002) | LR: 1.00e-03
2025-12-28 17:44:03,704 - INFO - New best val loss 0.352731. Saved: model_20251228-173213-best.pth
2025-12-28 17:44:10,916 - INFO - Epoch 086 | Train Loss: 0.240560 (rot: 0.084030, pos: 0.156530) | Val Loss: 0.376999 (rot: 0.093119, pos: 0.283880) | LR: 1.00e-03
2025-12-28 17:44:18,164 - INFO - Epoch 087 | Train Loss: 0.209893 (rot: 0.080966, pos: 0.128928) | Val Loss: 0.379555 (rot: 0.090727, pos: 0.288828) | LR: 1.00e-03
2025-12-28 17:44:25,734 - INFO - Epoch 088 | Train Loss: 0.196799 (rot: 0.079593, pos: 0.117206) | Val Loss: 0.361206 (rot: 0.089463, pos: 0.271743) | LR: 1.00e-03
2025-12-28 17:44:33,384 - INFO - Epoch 089 | Train Loss: 0.189053 (rot: 0.078341, pos: 0.110712) | Val Loss: 0.371296 (rot: 0.090196, pos: 0.281099) | LR: 1.00e-03
2025-12-28 17:44:40,649 - INFO - Epoch 090 | Train Loss: 0.194725 (rot: 0.078678, pos: 0.116047) | Val Loss: 0.362039 (rot: 0.088232, pos: 0.273808) | LR: 1.00e-03
2025-12-28 17:44:47,941 - INFO - Epoch 091 | Train Loss: 0.217977 (rot: 0.080849, pos: 0.137128) | Val Loss: 0.357008 (rot: 0.088788, pos: 0.268220) | LR: 1.00e-03
2025-12-28 17:44:55,494 - INFO - Epoch 092 | Train Loss: 0.184921 (rot: 0.077951, pos: 0.106970) | Val Loss: 0.351105 (rot: 0.087957, pos: 0.263148) | LR: 1.00e-03
2025-12-28 17:45:03,309 - INFO - Epoch 093 | Train Loss: 0.199287 (rot: 0.079786, pos: 0.119501) | Val Loss: 0.367456 (rot: 0.088357, pos: 0.279100) | LR: 1.00e-03
2025-12-28 17:45:10,679 - INFO - Epoch 094 | Train Loss: 0.203851 (rot: 0.079671, pos: 0.124179) | Val Loss: 0.359238 (rot: 0.089103, pos: 0.270136) | LR: 1.00e-03
2025-12-28 17:45:17,970 - INFO - Epoch 095 | Train Loss: 0.179569 (rot: 0.077786, pos: 0.101783) | Val Loss: 0.354504 (rot: 0.087238, pos: 0.267266) | LR: 1.00e-03
2025-12-28 17:45:25,374 - INFO - Epoch 096 | Train Loss: 0.172166 (rot: 0.076057, pos: 0.096109) | Val Loss: 0.356946 (rot: 0.087202, pos: 0.269744) | LR: 1.00e-03
2025-12-28 17:45:33,073 - INFO - Epoch 097 | Train Loss: 0.185350 (rot: 0.076498, pos: 0.108852) | Val Loss: 0.361746 (rot: 0.089112, pos: 0.272633) | LR: 1.00e-03
2025-12-28 17:45:40,509 - INFO - Epoch 098 | Train Loss: 0.198939 (rot: 0.078319, pos: 0.120621) | Val Loss: 0.378510 (rot: 0.088333, pos: 0.290178) | LR: 1.00e-03
2025-12-28 17:45:47,931 - INFO - Epoch 099 | Train Loss: 0.177545 (rot: 0.075928, pos: 0.101617) | Val Loss: 0.411311 (rot: 0.092007, pos: 0.319305) | LR: 1.00e-03
2025-12-28 17:45:55,243 - INFO - Epoch 100 | Train Loss: 0.202704 (rot: 0.078895, pos: 0.123808) | Val Loss: 0.435376 (rot: 0.094500, pos: 0.340876) | LR: 1.00e-03
2025-12-28 17:45:55,255 - INFO - Saved checkpoint: model_20251228-173213-100.pth
2025-12-28 17:46:03,073 - INFO - Epoch 101 | Train Loss: 0.178535 (rot: 0.075787, pos: 0.102748) | Val Loss: 0.364140 (rot: 0.088203, pos: 0.275937) | LR: 1.00e-03
2025-12-28 17:46:10,641 - INFO - Epoch 102 | Train Loss: 0.164920 (rot: 0.074261, pos: 0.090659) | Val Loss: 0.352308 (rot: 0.087095, pos: 0.265213) | LR: 1.00e-03
2025-12-28 17:46:18,041 - INFO - Epoch 103 | Train Loss: 0.161615 (rot: 0.073798, pos: 0.087817) | Val Loss: 0.335001 (rot: 0.085892, pos: 0.249109) | LR: 1.00e-03
2025-12-28 17:46:18,053 - INFO - New best val loss 0.335001. Saved: model_20251228-173213-best.pth
2025-12-28 17:46:25,283 - INFO - Epoch 104 | Train Loss: 0.166647 (rot: 0.074454, pos: 0.092193) | Val Loss: 0.357005 (rot: 0.086343, pos: 0.270663) | LR: 1.00e-03
2025-12-28 17:46:33,103 - INFO - Epoch 105 | Train Loss: 0.162935 (rot: 0.073573, pos: 0.089362) | Val Loss: 0.348437 (rot: 0.086627, pos: 0.261810) | LR: 1.00e-03
2025-12-28 17:46:40,622 - INFO - Epoch 106 | Train Loss: 0.159425 (rot: 0.073224, pos: 0.086201) | Val Loss: 0.358263 (rot: 0.087179, pos: 0.271084) | LR: 1.00e-03
2025-12-28 17:46:48,113 - INFO - Epoch 107 | Train Loss: 0.168053 (rot: 0.073716, pos: 0.094337) | Val Loss: 0.358124 (rot: 0.089144, pos: 0.268980) | LR: 1.00e-03
2025-12-28 17:46:55,390 - INFO - Epoch 108 | Train Loss: 0.148295 (rot: 0.071370, pos: 0.076926) | Val Loss: 0.351817 (rot: 0.085848, pos: 0.265970) | LR: 1.00e-03
2025-12-28 17:47:03,042 - INFO - Epoch 109 | Train Loss: 0.156703 (rot: 0.071992, pos: 0.084711) | Val Loss: 0.339095 (rot: 0.085396, pos: 0.253699) | LR: 1.00e-03
2025-12-28 17:47:10,681 - INFO - Epoch 110 | Train Loss: 0.212911 (rot: 0.080125, pos: 0.132786) | Val Loss: 0.377380 (rot: 0.089444, pos: 0.287936) | LR: 1.00e-03
2025-12-28 17:47:18,227 - INFO - Epoch 111 | Train Loss: 0.175192 (rot: 0.074495, pos: 0.100697) | Val Loss: 0.368256 (rot: 0.087337, pos: 0.280919) | LR: 1.00e-03
2025-12-28 17:47:25,422 - INFO - Epoch 112 | Train Loss: 0.154111 (rot: 0.072099, pos: 0.082012) | Val Loss: 0.340337 (rot: 0.085653, pos: 0.254684) | LR: 1.00e-03
2025-12-28 17:47:32,898 - INFO - Epoch 113 | Train Loss: 0.206756 (rot: 0.079630, pos: 0.127126) | Val Loss: 0.381292 (rot: 0.089867, pos: 0.291425) | LR: 1.00e-03
2025-12-28 17:47:40,400 - INFO - Epoch 114 | Train Loss: 0.177013 (rot: 0.076364, pos: 0.100649) | Val Loss: 0.494702 (rot: 0.094052, pos: 0.400649) | LR: 5.00e-04
2025-12-28 17:47:47,915 - INFO - Epoch 115 | Train Loss: 0.154444 (rot: 0.072868, pos: 0.081576) | Val Loss: 0.338817 (rot: 0.086827, pos: 0.251991) | LR: 5.00e-04
2025-12-28 17:47:55,598 - INFO - Epoch 116 | Train Loss: 0.136377 (rot: 0.071234, pos: 0.065143) | Val Loss: 0.334632 (rot: 0.086701, pos: 0.247931) | LR: 5.00e-04
2025-12-28 17:48:03,248 - INFO - Epoch 117 | Train Loss: 0.132122 (rot: 0.069998, pos: 0.062124) | Val Loss: 0.341196 (rot: 0.086470, pos: 0.254726) | LR: 5.00e-04
2025-12-28 17:48:11,053 - INFO - Epoch 118 | Train Loss: 0.124000 (rot: 0.068924, pos: 0.055077) | Val Loss: 0.328468 (rot: 0.084895, pos: 0.243573) | LR: 5.00e-04
2025-12-28 17:48:19,113 - INFO - Epoch 119 | Train Loss: 0.124647 (rot: 0.068564, pos: 0.056082) | Val Loss: 0.332600 (rot: 0.084936, pos: 0.247664) | LR: 5.00e-04
2025-12-28 17:48:26,503 - INFO - Epoch 120 | Train Loss: 0.121202 (rot: 0.067947, pos: 0.053256) | Val Loss: 0.332917 (rot: 0.085073, pos: 0.247844) | LR: 5.00e-04
2025-12-28 17:48:33,861 - INFO - Epoch 121 | Train Loss: 0.115224 (rot: 0.066804, pos: 0.048420) | Val Loss: 0.326067 (rot: 0.084530, pos: 0.241537) | LR: 5.00e-04
2025-12-28 17:48:41,472 - INFO - Epoch 122 | Train Loss: 0.115695 (rot: 0.066398, pos: 0.049297) | Val Loss: 0.322581 (rot: 0.083962, pos: 0.238620) | LR: 5.00e-04
2025-12-28 17:48:41,483 - INFO - New best val loss 0.322581. Saved: model_20251228-173213-best.pth
2025-12-28 17:48:49,209 - INFO - Epoch 123 | Train Loss: 0.111186 (rot: 0.065587, pos: 0.045599) | Val Loss: 0.328784 (rot: 0.084225, pos: 0.244559) | LR: 5.00e-04
2025-12-28 17:48:56,502 - INFO - Epoch 124 | Train Loss: 0.109105 (rot: 0.064870, pos: 0.044235) | Val Loss: 0.324636 (rot: 0.083560, pos: 0.241077) | LR: 5.00e-04
2025-12-28 17:49:04,099 - INFO - Epoch 125 | Train Loss: 0.119854 (rot: 0.066133, pos: 0.053721) | Val Loss: 0.326910 (rot: 0.084093, pos: 0.242817) | LR: 5.00e-04
2025-12-28 17:49:11,752 - INFO - Epoch 126 | Train Loss: 0.112524 (rot: 0.065315, pos: 0.047209) | Val Loss: 0.325396 (rot: 0.084002, pos: 0.241393) | LR: 5.00e-04
2025-12-28 17:49:20,007 - INFO - Epoch 127 | Train Loss: 0.109523 (rot: 0.064776, pos: 0.044747) | Val Loss: 0.326772 (rot: 0.083886, pos: 0.242887) | LR: 5.00e-04
2025-12-28 17:49:27,515 - INFO - Epoch 128 | Train Loss: 0.106635 (rot: 0.064050, pos: 0.042585) | Val Loss: 0.321199 (rot: 0.083283, pos: 0.237916) | LR: 5.00e-04
2025-12-28 17:49:35,233 - INFO - Epoch 129 | Train Loss: 0.110654 (rot: 0.063753, pos: 0.046902) | Val Loss: 0.335742 (rot: 0.084506, pos: 0.251236) | LR: 5.00e-04
2025-12-28 17:49:42,590 - INFO - Epoch 130 | Train Loss: 0.104879 (rot: 0.063609, pos: 0.041270) | Val Loss: 0.328378 (rot: 0.084426, pos: 0.243952) | LR: 5.00e-04
2025-12-28 17:49:50,723 - INFO - Epoch 131 | Train Loss: 0.108322 (rot: 0.063846, pos: 0.044475) | Val Loss: 0.338216 (rot: 0.084260, pos: 0.253956) | LR: 5.00e-04
2025-12-28 17:49:58,951 - INFO - Epoch 132 | Train Loss: 0.103688 (rot: 0.062888, pos: 0.040800) | Val Loss: 0.323801 (rot: 0.083288, pos: 0.240513) | LR: 5.00e-04
2025-12-28 17:50:07,861 - INFO - Epoch 133 | Train Loss: 0.111081 (rot: 0.063960, pos: 0.047121) | Val Loss: 0.329364 (rot: 0.083836, pos: 0.245527) | LR: 5.00e-04
2025-12-28 17:50:16,006 - INFO - Epoch 134 | Train Loss: 0.106032 (rot: 0.062810, pos: 0.043222) | Val Loss: 0.321332 (rot: 0.083157, pos: 0.238175) | LR: 5.00e-04
2025-12-28 17:50:23,819 - INFO - Epoch 135 | Train Loss: 0.099369 (rot: 0.061643, pos: 0.037725) | Val Loss: 0.322656 (rot: 0.083000, pos: 0.239656) | LR: 5.00e-04
2025-12-28 17:50:31,661 - INFO - Epoch 136 | Train Loss: 0.106813 (rot: 0.062237, pos: 0.044576) | Val Loss: 0.319998 (rot: 0.082047, pos: 0.237950) | LR: 5.00e-04
2025-12-28 17:50:39,144 - INFO - Epoch 137 | Train Loss: 0.098077 (rot: 0.060496, pos: 0.037581) | Val Loss: 0.320993 (rot: 0.082149, pos: 0.238845) | LR: 5.00e-04
2025-12-28 17:50:46,646 - INFO - Epoch 138 | Train Loss: 0.096358 (rot: 0.060122, pos: 0.036236) | Val Loss: 0.321364 (rot: 0.082849, pos: 0.238515) | LR: 5.00e-04
2025-12-28 17:50:54,667 - INFO - Epoch 139 | Train Loss: 0.093475 (rot: 0.059561, pos: 0.033914) | Val Loss: 0.321116 (rot: 0.081972, pos: 0.239143) | LR: 5.00e-04
2025-12-28 17:51:02,543 - INFO - Epoch 140 | Train Loss: 0.094469 (rot: 0.059443, pos: 0.035026) | Val Loss: 0.322716 (rot: 0.082251, pos: 0.240465) | LR: 5.00e-04
2025-12-28 17:51:10,271 - INFO - Epoch 141 | Train Loss: 0.090172 (rot: 0.058639, pos: 0.031533) | Val Loss: 0.318788 (rot: 0.081908, pos: 0.236880) | LR: 5.00e-04
2025-12-28 17:51:18,210 - INFO - Epoch 142 | Train Loss: 0.093192 (rot: 0.059145, pos: 0.034047) | Val Loss: 0.326171 (rot: 0.082701, pos: 0.243470) | LR: 5.00e-04
2025-12-28 17:51:18,210 - INFO - Early stopping triggered at epoch 142. Best Val Loss: 0.322581
2025-12-28 17:51:18,222 - INFO - Training completed. Saved final model: model_20251228-173213-final.pth
